[0.000000] (-) TimerEvent: {}
[0.000678] (-) JobUnselected: {'identifier': 'eufs_launcher'}
[0.001073] (-) JobUnselected: {'identifier': 'eufs_models'}
[0.001207] (-) JobUnselected: {'identifier': 'eufs_msgs'}
[0.001245] (-) JobUnselected: {'identifier': 'eufs_plugins'}
[0.001288] (-) JobUnselected: {'identifier': 'eufs_rqt'}
[0.001319] (-) JobUnselected: {'identifier': 'eufs_sensors'}
[0.001350] (-) JobUnselected: {'identifier': 'eufs_tracks'}
[0.001475] (-) JobUnselected: {'identifier': 'gazebo_ros_battery'}
[0.001511] (eufs_racecar) JobQueued: {'identifier': 'eufs_racecar', 'dependencies': OrderedDict()}
[0.001549] (eufs_racecar) JobStarted: {'identifier': 'eufs_racecar'}
[0.099335] (-) TimerEvent: {}
[0.199619] (-) TimerEvent: {}
[0.299906] (-) TimerEvent: {}
[0.400187] (-) TimerEvent: {}
[0.500469] (-) TimerEvent: {}
[0.600769] (-) TimerEvent: {}
[0.701017] (-) TimerEvent: {}
[0.801253] (-) TimerEvent: {}
[0.882805] (eufs_racecar) Command: {'cmd': ['/usr/bin/python3', '-W', 'ignore:setup.py install is deprecated', '-W', 'ignore:easy_install command is deprecated', 'setup.py', 'egg_info', '--egg-base', '../../build/eufs_racecar', 'build', '--build-base', '/home/gera/Desktop/EUFS_FORK_CONTAINERIZED/eufs-f1-sim/ws/build/eufs_racecar/build', 'install', '--record', '/home/gera/Desktop/EUFS_FORK_CONTAINERIZED/eufs-f1-sim/ws/build/eufs_racecar/install.log', '--single-version-externally-managed', 'install_data'], 'cwd': '/home/gera/Desktop/EUFS_FORK_CONTAINERIZED/eufs-f1-sim/ws/src/eufs_racecar', 'env': {'LESSOPEN': '| /usr/bin/lesspipe %s', 'LANGUAGE': 'en_IN:en', 'USER': 'gera', 'XDG_SESSION_TYPE': 'x11', 'CURSOR_RIPGREP_PATH': '/home/gera/.local/share/cursor-agent/versions/2026.09.10-fd3934a/rg', 'SHLVL': '1', 'LD_LIBRARY_PATH': '/usr/local/cuda-12.8/lib64:/home/gera/eufs_simulator/install/fmdv_msgs/lib:/home/gera/eufs_simulator/install/eufs_plugins/lib:/home/gera/eufs_simulator/install/eufs_models/lib:/home/gera/eufs_simulator/install/eufs_msgs/lib:/home/gera/zed2i_ros2/install/zed_ipc/lib:/home/gera/zed2i_ros2/install/zed_topic_benchmark_component/lib:/home/gera/zed2i_ros2/install/zed_topic_benchmark_interfaces/lib:/home/gera/zed2i_ros2/install/zed_rgb_convert/lib:/home/gera/zed2i_ros2/install/zed_aruco_localization/lib:/home/gera/zed2i_ros2/install/zed_components/lib:/home/gera/zed2i_ros2/install/rviz_plugin_zed_od/lib:/opt/ros/humble/opt/rviz_ogre_vendor/lib:/opt/ros/humble/lib/x86_64-linux-gnu:/opt/ros/humble/lib:/usr/local/cuda-12.8/lib64', 'HOME': '/home/gera', 'OLDPWD': '/home/gera/Desktop/EUFS_FORK_CONTAINERIZED/eufs-f1-sim/ws', 'DESKTOP_SESSION': 'ubuntu-xorg', 'CURSOR_AGENT_STORE_SHARED_PATHS': '{"user":{"path":"/run/user/1000/cursor_agent_stores/u351110900/files","readOnly":false}}', 'ROS_PYTHON_VERSION': '3', 'GNOME_SHELL_SESSION_MODE': 'ubuntu', 'GTK_MODULES': 'gail:atk-bridge', 'SYSTEMD_EXEC_PID': '2044', 'NO_COLOR': '1', 'DBUS_SESSION_BUS_ADDRESS': 'unix:path=/run/user/1000/bus', 'COLORTERM': 'truecolor', 'CURSOR_AGENT_STORE_FILES_DIR': '/run/user/1000/cursor_agent_stores/bc-eafff65d-f106-5942-b884-09a389a8a27b/files', 'COLCON_PREFIX_PATH': '/home/gera/eufs_simulator/install:/home/gera/zed2i_ros2/install', 'ROS_DISTRO': 'humble', 'GTK_IM_MODULE': 'ibus', 'LOGNAME': 'gera', 'FORCE_COLOR': '0', 'CURSOR_REQUEST_ID': 'fdb98065-3820-491b-ad4a-ad2e21bf209d', 'EUFS_MASTER': '/home/gera/eufs_simulator', '_': '/usr/bin/colcon', 'ROS_VERSION': '2', 'XDG_SESSION_CLASS': 'user', 'USERNAME': 'gera', 'TERM': 'dumb', 'GNOME_DESKTOP_SESSION_ID': 'this-is-deprecated', 'NODE_COMPILE_CACHE': '/home/gera/.cache/cursor-compile-cache', 'ROS_LOCALHOST_ONLY': '0', 'WINDOWPATH': '2', 'PATH': '/home/gera/.local/bin:/home/gera/.local/bin:/usr/local/cuda-12.8/bin:/home/gera/.local/share/cursor-agent/versions/2026.09.10-fd3934a:/opt/ros/humble/bin:/usr/local/cuda-12.8/bin:/home/gera/.local/bin:/usr/local/sbin:/usr/local/bin:/usr/sbin:/usr/bin:/sbin:/bin:/usr/games:/usr/local/games:/snap/bin:/snap/bin', 'SESSION_MANAGER': 'local/kittygera:@/tmp/.ICE-unix/1703,unix/kittygera:/tmp/.ICE-unix/1703', 'XDG_MENU_PREFIX': 'gnome-', 'GNOME_TERMINAL_SCREEN': '/org/gnome/Terminal/screen/fd0f84ab_e1d6_491b_82f3_3d4d27f24752', 'XDG_RUNTIME_DIR': '/run/user/1000', 'AGENT_TRANSCRIPTS': '/home/gera/.cursor/projects/home-gera-Desktop-EUFS-FORK-CONTAINERIZED/agent-transcripts', 'CURSOR_AGENT': '1', 'DISPLAY': ':0', 'LANG': 'en_US.UTF-8', 'XDG_CURRENT_DESKTOP': 'ubuntu:GNOME', 'XMODIFIERS': '@im=ibus', 'XDG_SESSION_DESKTOP': 'ubuntu-xorg', 'XAUTHORITY': '/run/user/1000/gdm/Xauthority', 'LS_COLORS': '', 'GNOME_TERMINAL_SERVICE': ':1.163', 'SSH_AGENT_LAUNCHER': 'gnome-keyring', 'SSH_AUTH_SOCK': '/run/user/1000/keyring/ssh', 'AGENT_CLI_WORKER_SIGNAL_HANDLED': '1', 'AMENT_PREFIX_PATH': '/home/gera/eufs_simulator/install/graph_slam:/home/gera/eufs_simulator/install/fmdv_monitor:/home/gera/eufs_simulator/install/fmdv_code:/home/gera/eufs_simulator/install/fmdv_msgs:/home/gera/eufs_simulator/install/eufs_launcher:/home/gera/eufs_simulator/install/eufs_tracks:/home/gera/eufs_simulator/install/eufs_sensors:/home/gera/eufs_simulator/install/eufs_rqt:/home/gera/eufs_simulator/install/eufs_racecar:/home/gera/eufs_simulator/install/eufs_plugins:/home/gera/eufs_simulator/install/eufs_models:/home/gera/eufs_simulator/install/eufs_msgs:/home/gera/zed2i_ros2/install/zed_ros2:/home/gera/zed2i_ros2/install/zed_robot_integration:/home/gera/zed2i_ros2/install/zed_ipc:/home/gera/zed2i_ros2/install/zed_multi_camera:/home/gera/zed2i_ros2/install/zed_display_rviz2:/home/gera/zed2i_ros2/install/zed_depth_to_laserscan:/home/gera/zed2i_ros2/install/zed_wrapper:/home/gera/zed2i_ros2/install/zed_tutorial_video:/home/gera/zed2i_ros2/install/zed_tutorial_pos_tracking:/home/gera/zed2i_ros2/install/zed_tutorial_depth:/home/gera/zed2i_ros2/install/zed_topic_benchmark:/home/gera/zed2i_ros2/install/zed_topic_benchmark_component:/home/gera/zed2i_ros2/install/zed_topic_benchmark_interfaces:/home/gera/zed2i_ros2/install/zed_rgb_convert:/home/gera/zed2i_ros2/install/zed_aruco_localization:/home/gera/zed2i_ros2/install/zed_components:/home/gera/zed2i_ros2/install/rviz_plugin_zed_od:/opt/ros/humble', 'SHELL': '/bin/bash', 'QT_ACCESSIBILITY': '1', 'GDMSESSION': 'ubuntu-xorg', 'LESSCLOSE': '/usr/bin/lesspipe %s %s', 'GPG_AGENT_INFO': '/run/user/1000/gnupg/S.gpg-agent:0:1', 'QT_IM_MODULE': 'ibus', 'PWD': '/home/gera/Desktop/EUFS_FORK_CONTAINERIZED/eufs-f1-sim/ws/build/eufs_racecar', 'LC_ALL': 'en_US.UTF-8', 'XDG_CONFIG_DIRS': '/etc/xdg/xdg-ubuntu-xorg:/etc/xdg', 'XDG_DATA_DIRS': '/usr/share/ubuntu-xorg:/usr/share/gnome:/usr/local/share/:/usr/share/:/var/lib/snapd/desktop', 'CURSOR_CONVERSATION_ID': 'bc-eafff65d-f106-5942-b884-09a389a8a27b', 'PYTHONPATH': '/home/gera/Desktop/EUFS_FORK_CONTAINERIZED/eufs-f1-sim/ws/build/eufs_racecar/prefix_override:/usr/lib/python3/dist-packages/colcon_core/task/python/colcon_distutils_commands:/home/gera/Desktop/EUFS_FORK_CONTAINERIZED/eufs-f1-sim/ws/install/eufs_racecar/lib/python3.10/site-packages:/home/gera/eufs_simulator/build/graph_slam:/home/gera/eufs_simulator/install/graph_slam/lib/python3.10/site-packages:/home/gera/eufs_simulator/build/fmdv_monitor:/home/gera/eufs_simulator/install/fmdv_monitor/lib/python3.10/site-packages:/home/gera/eufs_simulator/build/fmdv_code:/home/gera/eufs_simulator/install/fmdv_code/lib/python3.10/site-packages:/home/gera/eufs_simulator/install/fmdv_msgs/local/lib/python3.10/dist-packages:/home/gera/eufs_simulator/build/eufs_launcher/src:/home/gera/eufs_simulator/install/eufs_launcher/lib/python3.10/site-packages:/home/gera/eufs_simulator/build/eufs_tracks/src:/home/gera/eufs_simulator/install/eufs_tracks/lib/python3.10/site-packages:/home/gera/eufs_simulator/build/eufs_rqt/src:/home/gera/eufs_simulator/install/eufs_rqt/lib/python3.10/site-packages:/home/gera/eufs_simulator/build/eufs_racecar:/home/gera/eufs_simulator/install/eufs_racecar/lib/python3.10/site-packages:/home/gera/eufs_simulator/install/eufs_msgs/local/lib/python3.10/dist-packages:/home/gera/zed2i_ros2/install/zed_topic_benchmark_interfaces/local/lib/python3.10/dist-packages:/opt/ros/humble/lib/python3.10/site-packages:/opt/ros/humble/local/lib/python3.10/dist-packages', 'GLOBAL_AGENT_ENVIRONMENT_VARIABLE_NAMESPACE': '', 'COLCON': '1', '__CURSOR_SANDBOX_ENV_RESTORE': 'builtin unset CURSOR_CONVERSATION_ID CURSOR_REQUEST_ID CURSOR_AGENT_STORE_FILES_DIR CURSOR_AGENT_STORE_SHARED_PATHS 2>/dev/null || true; builtin export CURSOR_CONVERSATION_ID=\'bc-eafff65d-f106-5942-b884-09a389a8a27b\'; builtin export CURSOR_REQUEST_ID=\'fdb98065-3820-491b-ad4a-ad2e21bf209d\'; builtin export CURSOR_AGENT_STORE_FILES_DIR=\'/run/user/1000/cursor_agent_stores/bc-eafff65d-f106-5942-b884-09a389a8a27b/files\'; builtin export CURSOR_AGENT_STORE_SHARED_PATHS=\'{"user":{"path":"/run/user/1000/cursor_agent_stores/u351110900/files","readOnly":false}}\'', '_ZO_DOCTOR': '0', 'CURSOR_INVOKED_AS': 'agent', 'VTE_VERSION': '6800', 'CMAKE_PREFIX_PATH': '/home/gera/eufs_simulator/install/fmdv_msgs:/home/gera/eufs_simulator/install/eufs_sensors:/home/gera/eufs_simulator/install/eufs_plugins:/home/gera/eufs_simulator/install/eufs_models:/home/gera/eufs_simulator/install/eufs_msgs:/home/gera/zed2i_ros2/install/zed_ros2:/home/gera/zed2i_ros2/install/zed_robot_integration:/home/gera/zed2i_ros2/install/zed_ipc:/home/gera/zed2i_ros2/install/zed_multi_camera:/home/gera/zed2i_ros2/install/zed_display_rviz2:/home/gera/zed2i_ros2/install/zed_depth_to_laserscan:/home/gera/zed2i_ros2/install/zed_wrapper:/home/gera/zed2i_ros2/install/zed_tutorial_video:/home/gera/zed2i_ros2/install/zed_tutorial_pos_tracking:/home/gera/zed2i_ros2/install/zed_tutorial_depth:/home/gera/zed2i_ros2/install/zed_topic_benchmark:/home/gera/zed2i_ros2/install/zed_topic_benchmark_component:/home/gera/zed2i_ros2/install/zed_topic_benchmark_interfaces:/home/gera/zed2i_ros2/install/zed_rgb_convert:/home/gera/zed2i_ros2/install/zed_aruco_localization:/home/gera/zed2i_ros2/install/zed_components:/home/gera/zed2i_ros2/install/rviz_plugin_zed_od'}, 'shell': False}
[0.901398] (-) TimerEvent: {}
[1.001691] (-) TimerEvent: {}
[1.101960] (-) TimerEvent: {}
[1.202247] (-) TimerEvent: {}
[1.266832] (eufs_racecar) StdoutLine: {'line': b'running egg_info\n'}
[1.267689] (eufs_racecar) StdoutLine: {'line': b'creating ../../build/eufs_racecar/eufs_racecar.egg-info\n'}
[1.268054] (eufs_racecar) StdoutLine: {'line': b'writing ../../build/eufs_racecar/eufs_racecar.egg-info/PKG-INFO\n'}
[1.268519] (eufs_racecar) StdoutLine: {'line': b'writing dependency_links to ../../build/eufs_racecar/eufs_racecar.egg-info/dependency_links.txt\n'}
[1.268979] (eufs_racecar) StdoutLine: {'line': b'writing requirements to ../../build/eufs_racecar/eufs_racecar.egg-info/requires.txt\n'}
[1.269167] (eufs_racecar) StdoutLine: {'line': b'writing top-level names to ../../build/eufs_racecar/eufs_racecar.egg-info/top_level.txt\n'}
[1.269244] (eufs_racecar) StdoutLine: {'line': b"writing manifest file '../../build/eufs_racecar/eufs_racecar.egg-info/SOURCES.txt'\n"}
[1.275106] (eufs_racecar) StdoutLine: {'line': b"reading manifest file '../../build/eufs_racecar/eufs_racecar.egg-info/SOURCES.txt'\n"}
[1.276501] (eufs_racecar) StdoutLine: {'line': b"writing manifest file '../../build/eufs_racecar/eufs_racecar.egg-info/SOURCES.txt'\n"}
[1.277018] (eufs_racecar) StdoutLine: {'line': b'running build\n'}
[1.277137] (eufs_racecar) StdoutLine: {'line': b'running build_py\n'}
[1.277276] (eufs_racecar) StdoutLine: {'line': b'creating /home/gera/Desktop/EUFS_FORK_CONTAINERIZED/eufs-f1-sim/ws/build/eufs_racecar/build\n'}
[1.277345] (eufs_racecar) StdoutLine: {'line': b'creating /home/gera/Desktop/EUFS_FORK_CONTAINERIZED/eufs-f1-sim/ws/build/eufs_racecar/build/lib\n'}
[1.277408] (eufs_racecar) StdoutLine: {'line': b'creating /home/gera/Desktop/EUFS_FORK_CONTAINERIZED/eufs-f1-sim/ws/build/eufs_racecar/build/lib/eufs_racecar\n'}
[1.277470] (eufs_racecar) StdoutLine: {'line': b'copying eufs_racecar/__init__.py -> /home/gera/Desktop/EUFS_FORK_CONTAINERIZED/eufs-f1-sim/ws/build/eufs_racecar/build/lib/eufs_racecar\n'}
[1.277530] (eufs_racecar) StdoutLine: {'line': b'running install\n'}
[1.277682] (eufs_racecar) StdoutLine: {'line': b'running install_lib\n'}
[1.278681] (eufs_racecar) StdoutLine: {'line': b'creating /home/gera/Desktop/EUFS_FORK_CONTAINERIZED/eufs-f1-sim/ws/install/eufs_racecar/lib/python3.10/site-packages/eufs_racecar\n'}
[1.278819] (eufs_racecar) StdoutLine: {'line': b'copying /home/gera/Desktop/EUFS_FORK_CONTAINERIZED/eufs-f1-sim/ws/build/eufs_racecar/build/lib/eufs_racecar/__init__.py -> /home/gera/Desktop/EUFS_FORK_CONTAINERIZED/eufs-f1-sim/ws/install/eufs_racecar/lib/python3.10/site-packages/eufs_racecar\n'}
[1.279688] (eufs_racecar) StdoutLine: {'line': b'byte-compiling /home/gera/Desktop/EUFS_FORK_CONTAINERIZED/eufs-f1-sim/ws/install/eufs_racecar/lib/python3.10/site-packages/eufs_racecar/__init__.py to __init__.cpython-310.pyc\n'}
[1.280652] (eufs_racecar) StdoutLine: {'line': b'running install_data\n'}
[1.280739] (eufs_racecar) StdoutLine: {'line': b'creating /home/gera/Desktop/EUFS_FORK_CONTAINERIZED/eufs-f1-sim/ws/install/eufs_racecar/share/ament_index\n'}
[1.281756] (eufs_racecar) StdoutLine: {'line': b'creating /home/gera/Desktop/EUFS_FORK_CONTAINERIZED/eufs-f1-sim/ws/install/eufs_racecar/share/ament_index/resource_index\n'}
[1.281947] (eufs_racecar) StdoutLine: {'line': b'creating /home/gera/Desktop/EUFS_FORK_CONTAINERIZED/eufs-f1-sim/ws/install/eufs_racecar/share/ament_index/resource_index/packages\n'}
[1.282081] (eufs_racecar) StdoutLine: {'line': b'copying resource/eufs_racecar -> /home/gera/Desktop/EUFS_FORK_CONTAINERIZED/eufs-f1-sim/ws/install/eufs_racecar/share/ament_index/resource_index/packages\n'}
[1.282597] (eufs_racecar) StdoutLine: {'line': b'copying package.xml -> /home/gera/Desktop/EUFS_FORK_CONTAINERIZED/eufs-f1-sim/ws/install/eufs_racecar/share/eufs_racecar\n'}
[1.282725] (eufs_racecar) StdoutLine: {'line': b'creating /home/gera/Desktop/EUFS_FORK_CONTAINERIZED/eufs-f1-sim/ws/install/eufs_racecar/share/eufs_racecar/launch\n'}
[1.282846] (eufs_racecar) StdoutLine: {'line': b'copying launch/load_car.launch.py -> /home/gera/Desktop/EUFS_FORK_CONTAINERIZED/eufs-f1-sim/ws/install/eufs_racecar/share/eufs_racecar/launch\n'}
[1.282966] (eufs_racecar) StdoutLine: {'line': b'creating /home/gera/Desktop/EUFS_FORK_CONTAINERIZED/eufs-f1-sim/ws/install/eufs_racecar/share/eufs_racecar/config\n'}
[1.283084] (eufs_racecar) StdoutLine: {'line': b'copying config/forgez_battery.yaml -> /home/gera/Desktop/EUFS_FORK_CONTAINERIZED/eufs-f1-sim/ws/install/eufs_racecar/share/eufs_racecar/config\n'}
[1.283587] (eufs_racecar) StdoutLine: {'line': b'creating /home/gera/Desktop/EUFS_FORK_CONTAINERIZED/eufs-f1-sim/ws/install/eufs_racecar/share/eufs_racecar/robots\n'}
[1.283708] (eufs_racecar) StdoutLine: {'line': b'creating /home/gera/Desktop/EUFS_FORK_CONTAINERIZED/eufs-f1-sim/ws/install/eufs_racecar/share/eufs_racecar/robots/eufs\n'}
[1.283937] (eufs_racecar) StdoutLine: {'line': b'copying robots/eufs/robot.urdf.xacro -> /home/gera/Desktop/EUFS_FORK_CONTAINERIZED/eufs-f1-sim/ws/install/eufs_racecar/share/eufs_racecar/robots/eufs\n'}
[1.284056] (eufs_racecar) StdoutLine: {'line': b'copying robots/eufs/configDry.yaml -> /home/gera/Desktop/EUFS_FORK_CONTAINERIZED/eufs-f1-sim/ws/install/eufs_racecar/share/eufs_racecar/robots/eufs\n'}
[1.284293] (eufs_racecar) StdoutLine: {'line': b'creating /home/gera/Desktop/EUFS_FORK_CONTAINERIZED/eufs-f1-sim/ws/install/eufs_racecar/share/eufs_racecar/urdf\n'}
[1.284411] (eufs_racecar) StdoutLine: {'line': b'copying eufs_racecar/urdf/macros.xacro -> /home/gera/Desktop/EUFS_FORK_CONTAINERIZED/eufs-f1-sim/ws/install/eufs_racecar/share/eufs_racecar/urdf\n'}
[1.284521] (eufs_racecar) StdoutLine: {'line': b'copying eufs_racecar/urdf/racecar.xacro -> /home/gera/Desktop/EUFS_FORK_CONTAINERIZED/eufs-f1-sim/ws/install/eufs_racecar/share/eufs_racecar/urdf\n'}
[1.284630] (eufs_racecar) StdoutLine: {'line': b'copying eufs_racecar/urdf/forgez_battery.gazebo -> /home/gera/Desktop/EUFS_FORK_CONTAINERIZED/eufs-f1-sim/ws/install/eufs_racecar/share/eufs_racecar/urdf\n'}
[1.284741] (eufs_racecar) StdoutLine: {'line': b'copying eufs_racecar/urdf/materials.xacro -> /home/gera/Desktop/EUFS_FORK_CONTAINERIZED/eufs-f1-sim/ws/install/eufs_racecar/share/eufs_racecar/urdf\n'}
[1.285109] (eufs_racecar) StdoutLine: {'line': b'copying eufs_racecar/urdf/racecar.gazebo -> /home/gera/Desktop/EUFS_FORK_CONTAINERIZED/eufs-f1-sim/ws/install/eufs_racecar/share/eufs_racecar/urdf\n'}
[1.285257] (eufs_racecar) StdoutLine: {'line': b'creating /home/gera/Desktop/EUFS_FORK_CONTAINERIZED/eufs-f1-sim/ws/install/eufs_racecar/share/eufs_racecar/eufs_racecar\n'}
[1.285642] (eufs_racecar) StdoutLine: {'line': b'creating /home/gera/Desktop/EUFS_FORK_CONTAINERIZED/eufs-f1-sim/ws/install/eufs_racecar/share/eufs_racecar/eufs_racecar/meshes\n'}
[1.285882] (eufs_racecar) StdoutLine: {'line': b'copying eufs_racecar/meshes/chassis.dae -> /home/gera/Desktop/EUFS_FORK_CONTAINERIZED/eufs-f1-sim/ws/install/eufs_racecar/share/eufs_racecar/eufs_racecar/meshes\n'}
[1.285999] (eufs_racecar) StdoutLine: {'line': b'copying eufs_racecar/meshes/left_steering_hinge.STL -> /home/gera/Desktop/EUFS_FORK_CONTAINERIZED/eufs-f1-sim/ws/install/eufs_racecar/share/eufs_racecar/eufs_racecar/meshes\n'}
[1.286109] (eufs_racecar) StdoutLine: {'line': b'copying eufs_racecar/meshes/right_rear_wheel.dae -> /home/gera/Desktop/EUFS_FORK_CONTAINERIZED/eufs-f1-sim/ws/install/eufs_racecar/share/eufs_racecar/eufs_racecar/meshes\n'}
[1.286309] (eufs_racecar) StdoutLine: {'line': b'copying eufs_racecar/meshes/left_steering_hinge.dae -> /home/gera/Desktop/EUFS_FORK_CONTAINERIZED/eufs-f1-sim/ws/install/eufs_racecar/share/eufs_racecar/eufs_racecar/meshes\n'}
[1.286492] (eufs_racecar) StdoutLine: {'line': b'copying eufs_racecar/meshes/cone.dae -> /home/gera/Desktop/EUFS_FORK_CONTAINERIZED/eufs-f1-sim/ws/install/eufs_racecar/share/eufs_racecar/eufs_racecar/meshes\n'}
[1.286662] (eufs_racecar) StdoutLine: {'line': b'copying eufs_racecar/meshes/left_rear_wheel.dae -> /home/gera/Desktop/EUFS_FORK_CONTAINERIZED/eufs-f1-sim/ws/install/eufs_racecar/share/eufs_racecar/eufs_racecar/meshes\n'}
[1.286848] (eufs_racecar) StdoutLine: {'line': b'copying eufs_racecar/meshes/hokuyo.dae -> /home/gera/Desktop/EUFS_FORK_CONTAINERIZED/eufs-f1-sim/ws/install/eufs_racecar/share/eufs_racecar/eufs_racecar/meshes\n'}
[1.287030] (eufs_racecar) StdoutLine: {'line': b'copying eufs_racecar/meshes/parking_1.dae -> /home/gera/Desktop/EUFS_FORK_CONTAINERIZED/eufs-f1-sim/ws/install/eufs_racecar/share/eufs_racecar/eufs_racecar/meshes\n'}
[1.287216] (eufs_racecar) StdoutLine: {'line': b'copying eufs_racecar/meshes/left_front_wheel.STL -> /home/gera/Desktop/EUFS_FORK_CONTAINERIZED/eufs-f1-sim/ws/install/eufs_racecar/share/eufs_racecar/eufs_racecar/meshes\n'}
[1.287403] (eufs_racecar) StdoutLine: {'line': b'copying eufs_racecar/meshes/walker_racecourse.dae -> /home/gera/Desktop/EUFS_FORK_CONTAINERIZED/eufs-f1-sim/ws/install/eufs_racecar/share/eufs_racecar/eufs_racecar/meshes\n'}
[1.287515] (eufs_racecar) StdoutLine: {'line': b'copying eufs_racecar/meshes/right_front_wheel.STL -> /home/gera/Desktop/EUFS_FORK_CONTAINERIZED/eufs-f1-sim/ws/install/eufs_racecar/share/eufs_racecar/eufs_racecar/meshes\n'}
[1.287831] (eufs_racecar) StdoutLine: {'line': b'copying eufs_racecar/meshes/right_steering_hinge.dae -> /home/gera/Desktop/EUFS_FORK_CONTAINERIZED/eufs-f1-sim/ws/install/eufs_racecar/share/eufs_racecar/eufs_racecar/meshes\n'}
[1.288136] (eufs_racecar) StdoutLine: {'line': b'copying eufs_racecar/meshes/left_rear_wheel.STL -> /home/gera/Desktop/EUFS_FORK_CONTAINERIZED/eufs-f1-sim/ws/install/eufs_racecar/share/eufs_racecar/eufs_racecar/meshes\n'}
[1.288472] (eufs_racecar) StdoutLine: {'line': b'copying eufs_racecar/meshes/right_rear_wheel.STL -> /home/gera/Desktop/EUFS_FORK_CONTAINERIZED/eufs-f1-sim/ws/install/eufs_racecar/share/eufs_racecar/eufs_racecar/meshes\n'}
[1.288710] (eufs_racecar) StdoutLine: {'line': b'copying eufs_racecar/meshes/right_front_wheel.dae -> /home/gera/Desktop/EUFS_FORK_CONTAINERIZED/eufs-f1-sim/ws/install/eufs_racecar/share/eufs_racecar/eufs_racecar/meshes\n'}
[1.289048] (eufs_racecar) StdoutLine: {'line': b'copying eufs_racecar/meshes/right_steering_hinge.STL -> /home/gera/Desktop/EUFS_FORK_CONTAINERIZED/eufs-f1-sim/ws/install/eufs_racecar/share/eufs_racecar/eufs_racecar/meshes\n'}
[1.289378] (eufs_racecar) StdoutLine: {'line': b'copying eufs_racecar/meshes/left_front_wheel.dae -> /home/gera/Desktop/EUFS_FORK_CONTAINERIZED/eufs-f1-sim/ws/install/eufs_racecar/share/eufs_racecar/eufs_racecar/meshes\n'}
[1.289680] (eufs_racecar) StdoutLine: {'line': b'copying eufs_racecar/meshes/chassis.STL -> /home/gera/Desktop/EUFS_FORK_CONTAINERIZED/eufs-f1-sim/ws/install/eufs_racecar/share/eufs_racecar/eufs_racecar/meshes\n'}
[1.290079] (eufs_racecar) StdoutLine: {'line': b'creating /home/gera/Desktop/EUFS_FORK_CONTAINERIZED/eufs-f1-sim/ws/install/eufs_racecar/share/eufs_racecar/eufs_racecar/models\n'}
[1.290392] (eufs_racecar) StdoutLine: {'line': b'creating /home/gera/Desktop/EUFS_FORK_CONTAINERIZED/eufs-f1-sim/ws/install/eufs_racecar/share/eufs_racecar/eufs_racecar/models/MIT_Tunnel\n'}
[1.290695] (eufs_racecar) StdoutLine: {'line': b'copying eufs_racecar/models/MIT_Tunnel/model.sdf -> /home/gera/Desktop/EUFS_FORK_CONTAINERIZED/eufs-f1-sim/ws/install/eufs_racecar/share/eufs_racecar/eufs_racecar/models/MIT_Tunnel\n'}
[1.290991] (eufs_racecar) StdoutLine: {'line': b'copying eufs_racecar/models/MIT_Tunnel/model.config -> /home/gera/Desktop/EUFS_FORK_CONTAINERIZED/eufs-f1-sim/ws/install/eufs_racecar/share/eufs_racecar/eufs_racecar/models/MIT_Tunnel\n'}
[1.291373] (eufs_racecar) StdoutLine: {'line': b'creating /home/gera/Desktop/EUFS_FORK_CONTAINERIZED/eufs-f1-sim/ws/install/eufs_racecar/share/eufs_racecar/eufs_racecar/models/parking_1\n'}
[1.291659] (eufs_racecar) StdoutLine: {'line': b'copying eufs_racecar/models/parking_1/model.sdf -> /home/gera/Desktop/EUFS_FORK_CONTAINERIZED/eufs-f1-sim/ws/install/eufs_racecar/share/eufs_racecar/eufs_racecar/models/parking_1\n'}
[1.291958] (eufs_racecar) StdoutLine: {'line': b'copying eufs_racecar/models/parking_1/model.config -> /home/gera/Desktop/EUFS_FORK_CONTAINERIZED/eufs-f1-sim/ws/install/eufs_racecar/share/eufs_racecar/eufs_racecar/models/parking_1\n'}
[1.292671] (eufs_racecar) StdoutLine: {'line': b'creating /home/gera/Desktop/EUFS_FORK_CONTAINERIZED/eufs-f1-sim/ws/install/eufs_racecar/share/eufs_racecar/eufs_racecar/models/ar_tags\n'}
[1.292847] (eufs_racecar) StdoutLine: {'line': b'creating /home/gera/Desktop/EUFS_FORK_CONTAINERIZED/eufs-f1-sim/ws/install/eufs_racecar/share/eufs_racecar/eufs_racecar/models/ar_tags/marker16\n'}
[1.292927] (eufs_racecar) StdoutLine: {'line': b'copying eufs_racecar/models/ar_tags/marker16/model-1_4.sdf -> /home/gera/Desktop/EUFS_FORK_CONTAINERIZED/eufs-f1-sim/ws/install/eufs_racecar/share/eufs_racecar/eufs_racecar/models/ar_tags/marker16\n'}
[1.293000] (eufs_racecar) StdoutLine: {'line': b'copying eufs_racecar/models/ar_tags/marker16/model.sdf -> /home/gera/Desktop/EUFS_FORK_CONTAINERIZED/eufs-f1-sim/ws/install/eufs_racecar/share/eufs_racecar/eufs_racecar/models/ar_tags/marker16\n'}
[1.293069] (eufs_racecar) StdoutLine: {'line': b'copying eufs_racecar/models/ar_tags/marker16/model.config -> /home/gera/Desktop/EUFS_FORK_CONTAINERIZED/eufs-f1-sim/ws/install/eufs_racecar/share/eufs_racecar/eufs_racecar/models/ar_tags/marker16\n'}
[1.293152] (eufs_racecar) StdoutLine: {'line': b'copying eufs_racecar/models/ar_tags/marker16/model-1_5.sdf -> /home/gera/Desktop/EUFS_FORK_CONTAINERIZED/eufs-f1-sim/ws/install/eufs_racecar/share/eufs_racecar/eufs_racecar/models/ar_tags/marker16\n'}
[1.293226] (eufs_racecar) StdoutLine: {'line': b'creating /home/gera/Desktop/EUFS_FORK_CONTAINERIZED/eufs-f1-sim/ws/install/eufs_racecar/share/eufs_racecar/eufs_racecar/models/ar_tags/marker16/meshes\n'}
[1.293290] (eufs_racecar) StdoutLine: {'line': b'copying eufs_racecar/models/ar_tags/marker16/meshes/Marker16.dae -> /home/gera/Desktop/EUFS_FORK_CONTAINERIZED/eufs-f1-sim/ws/install/eufs_racecar/share/eufs_racecar/eufs_racecar/models/ar_tags/marker16/meshes\n'}
[1.293360] (eufs_racecar) StdoutLine: {'line': b'creating /home/gera/Desktop/EUFS_FORK_CONTAINERIZED/eufs-f1-sim/ws/install/eufs_racecar/share/eufs_racecar/eufs_racecar/models/ar_tags/marker16/materials\n'}
[1.293423] (eufs_racecar) StdoutLine: {'line': b'creating /home/gera/Desktop/EUFS_FORK_CONTAINERIZED/eufs-f1-sim/ws/install/eufs_racecar/share/eufs_racecar/eufs_racecar/models/ar_tags/marker16/materials/textures\n'}
[1.293673] (eufs_racecar) StdoutLine: {'line': b'copying eufs_racecar/models/ar_tags/marker16/materials/textures/Marker16.png -> /home/gera/Desktop/EUFS_FORK_CONTAINERIZED/eufs-f1-sim/ws/install/eufs_racecar/share/eufs_racecar/eufs_racecar/models/ar_tags/marker16/materials/textures\n'}
[1.293747] (eufs_racecar) StdoutLine: {'line': b'creating /home/gera/Desktop/EUFS_FORK_CONTAINERIZED/eufs-f1-sim/ws/install/eufs_racecar/share/eufs_racecar/eufs_racecar/models/ar_tags/marker16/marker0\n'}
[1.293929] (eufs_racecar) StdoutLine: {'line': b'copying eufs_racecar/models/ar_tags/marker16/marker0/model.config -> /home/gera/Desktop/EUFS_FORK_CONTAINERIZED/eufs-f1-sim/ws/install/eufs_racecar/share/eufs_racecar/eufs_racecar/models/ar_tags/marker16/marker0\n'}
[1.294004] (eufs_racecar) StdoutLine: {'line': b'copying eufs_racecar/models/ar_tags/marker16/marker0/model-1_5.sdf -> /home/gera/Desktop/EUFS_FORK_CONTAINERIZED/eufs-f1-sim/ws/install/eufs_racecar/share/eufs_racecar/eufs_racecar/models/ar_tags/marker16/marker0\n'}
[1.294072] (eufs_racecar) StdoutLine: {'line': b'creating /home/gera/Desktop/EUFS_FORK_CONTAINERIZED/eufs-f1-sim/ws/install/eufs_racecar/share/eufs_racecar/eufs_racecar/models/ar_tags/marker16/marker0/marker0\n'}
[1.294726] (eufs_racecar) StdoutLine: {'line': b'copying eufs_racecar/models/ar_tags/marker16/marker0/marker0/model.config -> /home/gera/Desktop/EUFS_FORK_CONTAINERIZED/eufs-f1-sim/ws/install/eufs_racecar/share/eufs_racecar/eufs_racecar/models/ar_tags/marker16/marker0/marker0\n'}
[1.295057] (eufs_racecar) StdoutLine: {'line': b'copying eufs_racecar/models/ar_tags/marker16/marker0/marker0/model-1_5.sdf -> /home/gera/Desktop/EUFS_FORK_CONTAINERIZED/eufs-f1-sim/ws/install/eufs_racecar/share/eufs_racecar/eufs_racecar/models/ar_tags/marker16/marker0/marker0\n'}
[1.295266] (eufs_racecar) StdoutLine: {'line': b'creating /home/gera/Desktop/EUFS_FORK_CONTAINERIZED/eufs-f1-sim/ws/install/eufs_racecar/share/eufs_racecar/eufs_racecar/models/ar_tags/marker6\n'}
[1.295435] (eufs_racecar) StdoutLine: {'line': b'copying eufs_racecar/models/ar_tags/marker6/model-1_4.sdf -> /home/gera/Desktop/EUFS_FORK_CONTAINERIZED/eufs-f1-sim/ws/install/eufs_racecar/share/eufs_racecar/eufs_racecar/models/ar_tags/marker6\n'}
[1.295505] (eufs_racecar) StdoutLine: {'line': b'copying eufs_racecar/models/ar_tags/marker6/model.sdf -> /home/gera/Desktop/EUFS_FORK_CONTAINERIZED/eufs-f1-sim/ws/install/eufs_racecar/share/eufs_racecar/eufs_racecar/models/ar_tags/marker6\n'}
[1.295707] (eufs_racecar) StdoutLine: {'line': b'copying eufs_racecar/models/ar_tags/marker6/model.config -> /home/gera/Desktop/EUFS_FORK_CONTAINERIZED/eufs-f1-sim/ws/install/eufs_racecar/share/eufs_racecar/eufs_racecar/models/ar_tags/marker6\n'}
[1.295775] (eufs_racecar) StdoutLine: {'line': b'copying eufs_racecar/models/ar_tags/marker6/model-1_5.sdf -> /home/gera/Desktop/EUFS_FORK_CONTAINERIZED/eufs-f1-sim/ws/install/eufs_racecar/share/eufs_racecar/eufs_racecar/models/ar_tags/marker6\n'}
[1.295839] (eufs_racecar) StdoutLine: {'line': b'creating /home/gera/Desktop/EUFS_FORK_CONTAINERIZED/eufs-f1-sim/ws/install/eufs_racecar/share/eufs_racecar/eufs_racecar/models/ar_tags/marker6/meshes\n'}
[1.295903] (eufs_racecar) StdoutLine: {'line': b'copying eufs_racecar/models/ar_tags/marker6/meshes/Marker6.dae -> /home/gera/Desktop/EUFS_FORK_CONTAINERIZED/eufs-f1-sim/ws/install/eufs_racecar/share/eufs_racecar/eufs_racecar/models/ar_tags/marker6/meshes\n'}
[1.295967] (eufs_racecar) StdoutLine: {'line': b'creating /home/gera/Desktop/EUFS_FORK_CONTAINERIZED/eufs-f1-sim/ws/install/eufs_racecar/share/eufs_racecar/eufs_racecar/models/ar_tags/marker6/materials\n'}
[1.296029] (eufs_racecar) StdoutLine: {'line': b'creating /home/gera/Desktop/EUFS_FORK_CONTAINERIZED/eufs-f1-sim/ws/install/eufs_racecar/share/eufs_racecar/eufs_racecar/models/ar_tags/marker6/materials/textures\n'}
[1.296091] (eufs_racecar) StdoutLine: {'line': b'copying eufs_racecar/models/ar_tags/marker6/materials/textures/Marker6.png -> /home/gera/Desktop/EUFS_FORK_CONTAINERIZED/eufs-f1-sim/ws/install/eufs_racecar/share/eufs_racecar/eufs_racecar/models/ar_tags/marker6/materials/textures\n'}
[1.296371] (eufs_racecar) StdoutLine: {'line': b'creating /home/gera/Desktop/EUFS_FORK_CONTAINERIZED/eufs-f1-sim/ws/install/eufs_racecar/share/eufs_racecar/eufs_racecar/models/ar_tags/marker6/marker0\n'}
[1.296495] (eufs_racecar) StdoutLine: {'line': b'copying eufs_racecar/models/ar_tags/marker6/marker0/model.config -> /home/gera/Desktop/EUFS_FORK_CONTAINERIZED/eufs-f1-sim/ws/install/eufs_racecar/share/eufs_racecar/eufs_racecar/models/ar_tags/marker6/marker0\n'}
[1.296562] (eufs_racecar) StdoutLine: {'line': b'copying eufs_racecar/models/ar_tags/marker6/marker0/model-1_5.sdf -> /home/gera/Desktop/EUFS_FORK_CONTAINERIZED/eufs-f1-sim/ws/install/eufs_racecar/share/eufs_racecar/eufs_racecar/models/ar_tags/marker6/marker0\n'}
[1.296629] (eufs_racecar) StdoutLine: {'line': b'creating /home/gera/Desktop/EUFS_FORK_CONTAINERIZED/eufs-f1-sim/ws/install/eufs_racecar/share/eufs_racecar/eufs_racecar/models/ar_tags/marker6/marker0/marker0\n'}
[1.296695] (eufs_racecar) StdoutLine: {'line': b'copying eufs_racecar/models/ar_tags/marker6/marker0/marker0/model.config -> /home/gera/Desktop/EUFS_FORK_CONTAINERIZED/eufs-f1-sim/ws/install/eufs_racecar/share/eufs_racecar/eufs_racecar/models/ar_tags/marker6/marker0/marker0\n'}
[1.296762] (eufs_racecar) StdoutLine: {'line': b'copying eufs_racecar/models/ar_tags/marker6/marker0/marker0/model-1_5.sdf -> /home/gera/Desktop/EUFS_FORK_CONTAINERIZED/eufs-f1-sim/ws/install/eufs_racecar/share/eufs_racecar/eufs_racecar/models/ar_tags/marker6/marker0/marker0\n'}
[1.296924] (eufs_racecar) StdoutLine: {'line': b'creating /home/gera/Desktop/EUFS_FORK_CONTAINERIZED/eufs-f1-sim/ws/install/eufs_racecar/share/eufs_racecar/eufs_racecar/models/ar_tags/marker1\n'}
[1.296995] (eufs_racecar) StdoutLine: {'line': b'copying eufs_racecar/models/ar_tags/marker1/model-1_4.sdf -> /home/gera/Desktop/EUFS_FORK_CONTAINERIZED/eufs-f1-sim/ws/install/eufs_racecar/share/eufs_racecar/eufs_racecar/models/ar_tags/marker1\n'}
[1.297058] (eufs_racecar) StdoutLine: {'line': b'copying eufs_racecar/models/ar_tags/marker1/model.sdf -> /home/gera/Desktop/EUFS_FORK_CONTAINERIZED/eufs-f1-sim/ws/install/eufs_racecar/share/eufs_racecar/eufs_racecar/models/ar_tags/marker1\n'}
[1.297127] (eufs_racecar) StdoutLine: {'line': b'copying eufs_racecar/models/ar_tags/marker1/model.config -> /home/gera/Desktop/EUFS_FORK_CONTAINERIZED/eufs-f1-sim/ws/install/eufs_racecar/share/eufs_racecar/eufs_racecar/models/ar_tags/marker1\n'}
[1.297426] (eufs_racecar) StdoutLine: {'line': b'copying eufs_racecar/models/ar_tags/marker1/model-1_5.sdf -> /home/gera/Desktop/EUFS_FORK_CONTAINERIZED/eufs-f1-sim/ws/install/eufs_racecar/share/eufs_racecar/eufs_racecar/models/ar_tags/marker1\n'}
[1.297499] (eufs_racecar) StdoutLine: {'line': b'creating /home/gera/Desktop/EUFS_FORK_CONTAINERIZED/eufs-f1-sim/ws/install/eufs_racecar/share/eufs_racecar/eufs_racecar/models/ar_tags/marker1/meshes\n'}
[1.297565] (eufs_racecar) StdoutLine: {'line': b'copying eufs_racecar/models/ar_tags/marker1/meshes/Marker1.dae -> /home/gera/Desktop/EUFS_FORK_CONTAINERIZED/eufs-f1-sim/ws/install/eufs_racecar/share/eufs_racecar/eufs_racecar/models/ar_tags/marker1/meshes\n'}
[1.297633] (eufs_racecar) StdoutLine: {'line': b'creating /home/gera/Desktop/EUFS_FORK_CONTAINERIZED/eufs-f1-sim/ws/install/eufs_racecar/share/eufs_racecar/eufs_racecar/models/ar_tags/marker1/materials\n'}
[1.297702] (eufs_racecar) StdoutLine: {'line': b'creating /home/gera/Desktop/EUFS_FORK_CONTAINERIZED/eufs-f1-sim/ws/install/eufs_racecar/share/eufs_racecar/eufs_racecar/models/ar_tags/marker1/materials/textures\n'}
[1.297987] (eufs_racecar) StdoutLine: {'line': b'copying eufs_racecar/models/ar_tags/marker1/materials/textures/Marker1.png -> /home/gera/Desktop/EUFS_FORK_CONTAINERIZED/eufs-f1-sim/ws/install/eufs_racecar/share/eufs_racecar/eufs_racecar/models/ar_tags/marker1/materials/textures\n'}
[1.298440] (eufs_racecar) StdoutLine: {'line': b'creating /home/gera/Desktop/EUFS_FORK_CONTAINERIZED/eufs-f1-sim/ws/install/eufs_racecar/share/eufs_racecar/eufs_racecar/models/ar_tags/marker1/marker0\n'}
[1.298530] (eufs_racecar) StdoutLine: {'line': b'copying eufs_racecar/models/ar_tags/marker1/marker0/model.config -> /home/gera/Desktop/EUFS_FORK_CONTAINERIZED/eufs-f1-sim/ws/install/eufs_racecar/share/eufs_racecar/eufs_racecar/models/ar_tags/marker1/marker0\n'}
[1.298593] (eufs_racecar) StdoutLine: {'line': b'copying eufs_racecar/models/ar_tags/marker1/marker0/model-1_5.sdf -> /home/gera/Desktop/EUFS_FORK_CONTAINERIZED/eufs-f1-sim/ws/install/eufs_racecar/share/eufs_racecar/eufs_racecar/models/ar_tags/marker1/marker0\n'}
[1.298658] (eufs_racecar) StdoutLine: {'line': b'creating /home/gera/Desktop/EUFS_FORK_CONTAINERIZED/eufs-f1-sim/ws/install/eufs_racecar/share/eufs_racecar/eufs_racecar/models/ar_tags/marker1/marker0/marker0\n'}
[1.298723] (eufs_racecar) StdoutLine: {'line': b'copying eufs_racecar/models/ar_tags/marker1/marker0/marker0/model.config -> /home/gera/Desktop/EUFS_FORK_CONTAINERIZED/eufs-f1-sim/ws/install/eufs_racecar/share/eufs_racecar/eufs_racecar/models/ar_tags/marker1/marker0/marker0\n'}
[1.298798] (eufs_racecar) StdoutLine: {'line': b'copying eufs_racecar/models/ar_tags/marker1/marker0/marker0/model-1_5.sdf -> /home/gera/Desktop/EUFS_FORK_CONTAINERIZED/eufs-f1-sim/ws/install/eufs_racecar/share/eufs_racecar/eufs_racecar/models/ar_tags/marker1/marker0/marker0\n'}
[1.298856] (eufs_racecar) StdoutLine: {'line': b'creating /home/gera/Desktop/EUFS_FORK_CONTAINERIZED/eufs-f1-sim/ws/install/eufs_racecar/share/eufs_racecar/eufs_racecar/models/ar_tags/marker12\n'}
[1.298940] (eufs_racecar) StdoutLine: {'line': b'copying eufs_racecar/models/ar_tags/marker12/model-1_4.sdf -> /home/gera/Desktop/EUFS_FORK_CONTAINERIZED/eufs-f1-sim/ws/install/eufs_racecar/share/eufs_racecar/eufs_racecar/models/ar_tags/marker12\n'}
[1.299556] (eufs_racecar) StdoutLine: {'line': b'copying eufs_racecar/models/ar_tags/marker12/model.sdf -> /home/gera/Desktop/EUFS_FORK_CONTAINERIZED/eufs-f1-sim/ws/install/eufs_racecar/share/eufs_racecar/eufs_racecar/models/ar_tags/marker12\n'}
[1.300375] (eufs_racecar) StdoutLine: {'line': b'copying eufs_racecar/models/ar_tags/marker12/model.config -> /home/gera/Desktop/EUFS_FORK_CONTAINERIZED/eufs-f1-sim/ws/install/eufs_racecar/share/eufs_racecar/eufs_racecar/models/ar_tags/marker12\n'}
[1.300763] (eufs_racecar) StdoutLine: {'line': b'copying eufs_racecar/models/ar_tags/marker12/model-1_5.sdf -> /home/gera/Desktop/EUFS_FORK_CONTAINERIZED/eufs-f1-sim/ws/install/eufs_racecar/share/eufs_racecar/eufs_racecar/models/ar_tags/marker12\n'}
[1.301132] (eufs_racecar) StdoutLine: {'line': b'creating /home/gera/Desktop/EUFS_FORK_CONTAINERIZED/eufs-f1-sim/ws/install/eufs_racecar/share/eufs_racecar/eufs_racecar/models/ar_tags/marker12/meshes\n'}
[1.301574] (eufs_racecar) StdoutLine: {'line': b'copying eufs_racecar/models/ar_tags/marker12/meshes/Marker12.dae -> /home/gera/Desktop/EUFS_FORK_CONTAINERIZED/eufs-f1-sim/ws/install/eufs_racecar/share/eufs_racecar/eufs_racecar/models/ar_tags/marker12/meshes\n'}
[1.301706] (eufs_racecar) StdoutLine: {'line': b'creating /home/gera/Desktop/EUFS_FORK_CONTAINERIZED/eufs-f1-sim/ws/install/eufs_racecar/share/eufs_racecar/eufs_racecar/models/ar_tags/marker12/materials\n'}
[1.301831] (eufs_racecar) StdoutLine: {'line': b'creating /home/gera/Desktop/EUFS_FORK_CONTAINERIZED/eufs-f1-sim/ws/install/eufs_racecar/share/eufs_racecar/eufs_racecar/models/ar_tags/marker12/materials/textures\n'}
[1.301960] (eufs_racecar) StdoutLine: {'line': b'copying eufs_racecar/models/ar_tags/marker12/materials/textures/Marker12.png -> /home/gera/Desktop/EUFS_FORK_CONTAINERIZED/eufs-f1-sim/ws/install/eufs_racecar/share/eufs_racecar/eufs_racecar/models/ar_tags/marker12/materials/textures\n'}
[1.302093] (eufs_racecar) StdoutLine: {'line': b'creating /home/gera/Desktop/EUFS_FORK_CONTAINERIZED/eufs-f1-sim/ws/install/eufs_racecar/share/eufs_racecar/eufs_racecar/models/ar_tags/marker12/marker0\n'}
[1.302636] (-) TimerEvent: {}
[1.302680] (eufs_racecar) StdoutLine: {'line': b'copying eufs_racecar/models/ar_tags/marker12/marker0/model.config -> /home/gera/Desktop/EUFS_FORK_CONTAINERIZED/eufs-f1-sim/ws/install/eufs_racecar/share/eufs_racecar/eufs_racecar/models/ar_tags/marker12/marker0\n'}
[1.303013] (eufs_racecar) StdoutLine: {'line': b'copying eufs_racecar/models/ar_tags/marker12/marker0/model-1_5.sdf -> /home/gera/Desktop/EUFS_FORK_CONTAINERIZED/eufs-f1-sim/ws/install/eufs_racecar/share/eufs_racecar/eufs_racecar/models/ar_tags/marker12/marker0\n'}
[1.303270] (eufs_racecar) StdoutLine: {'line': b'creating /home/gera/Desktop/EUFS_FORK_CONTAINERIZED/eufs-f1-sim/ws/install/eufs_racecar/share/eufs_racecar/eufs_racecar/models/ar_tags/marker12/marker0/marker0\n'}
[1.303592] (eufs_racecar) StdoutLine: {'line': b'copying eufs_racecar/models/ar_tags/marker12/marker0/marker0/model.config -> /home/gera/Desktop/EUFS_FORK_CONTAINERIZED/eufs-f1-sim/ws/install/eufs_racecar/share/eufs_racecar/eufs_racecar/models/ar_tags/marker12/marker0/marker0\n'}
[1.303893] (eufs_racecar) StdoutLine: {'line': b'copying eufs_racecar/models/ar_tags/marker12/marker0/marker0/model-1_5.sdf -> /home/gera/Desktop/EUFS_FORK_CONTAINERIZED/eufs-f1-sim/ws/install/eufs_racecar/share/eufs_racecar/eufs_racecar/models/ar_tags/marker12/marker0/marker0\n'}
[1.304023] (eufs_racecar) StdoutLine: {'line': b'creating /home/gera/Desktop/EUFS_FORK_CONTAINERIZED/eufs-f1-sim/ws/install/eufs_racecar/share/eufs_racecar/eufs_racecar/models/ar_tags/marker9\n'}
[1.304345] (eufs_racecar) StdoutLine: {'line': b'copying eufs_racecar/models/ar_tags/marker9/model-1_4.sdf -> /home/gera/Desktop/EUFS_FORK_CONTAINERIZED/eufs-f1-sim/ws/install/eufs_racecar/share/eufs_racecar/eufs_racecar/models/ar_tags/marker9\n'}
[1.304658] (eufs_racecar) StdoutLine: {'line': b'copying eufs_racecar/models/ar_tags/marker9/model.sdf -> /home/gera/Desktop/EUFS_FORK_CONTAINERIZED/eufs-f1-sim/ws/install/eufs_racecar/share/eufs_racecar/eufs_racecar/models/ar_tags/marker9\n'}
[1.304784] (eufs_racecar) StdoutLine: {'line': b'copying eufs_racecar/models/ar_tags/marker9/model.config -> /home/gera/Desktop/EUFS_FORK_CONTAINERIZED/eufs-f1-sim/ws/install/eufs_racecar/share/eufs_racecar/eufs_racecar/models/ar_tags/marker9\n'}
[1.304909] (eufs_racecar) StdoutLine: {'line': b'copying eufs_racecar/models/ar_tags/marker9/model-1_5.sdf -> /home/gera/Desktop/EUFS_FORK_CONTAINERIZED/eufs-f1-sim/ws/install/eufs_racecar/share/eufs_racecar/eufs_racecar/models/ar_tags/marker9\n'}
[1.305033] (eufs_racecar) StdoutLine: {'line': b'creating /home/gera/Desktop/EUFS_FORK_CONTAINERIZED/eufs-f1-sim/ws/install/eufs_racecar/share/eufs_racecar/eufs_racecar/models/ar_tags/marker9/meshes\n'}
[1.305455] (eufs_racecar) StdoutLine: {'line': b'copying eufs_racecar/models/ar_tags/marker9/meshes/Marker9.dae -> /home/gera/Desktop/EUFS_FORK_CONTAINERIZED/eufs-f1-sim/ws/install/eufs_racecar/share/eufs_racecar/eufs_racecar/models/ar_tags/marker9/meshes\n'}
[1.305810] (eufs_racecar) StdoutLine: {'line': b'creating /home/gera/Desktop/EUFS_FORK_CONTAINERIZED/eufs-f1-sim/ws/install/eufs_racecar/share/eufs_racecar/eufs_racecar/models/ar_tags/marker9/materials\n'}
[1.305908] (eufs_racecar) StdoutLine: {'line': b'creating /home/gera/Desktop/EUFS_FORK_CONTAINERIZED/eufs-f1-sim/ws/install/eufs_racecar/share/eufs_racecar/eufs_racecar/models/ar_tags/marker9/materials/textures\n'}
[1.305980] (eufs_racecar) StdoutLine: {'line': b'copying eufs_racecar/models/ar_tags/marker9/materials/textures/Marker9.png -> /home/gera/Desktop/EUFS_FORK_CONTAINERIZED/eufs-f1-sim/ws/install/eufs_racecar/share/eufs_racecar/eufs_racecar/models/ar_tags/marker9/materials/textures\n'}
[1.306371] (eufs_racecar) StdoutLine: {'line': b'creating /home/gera/Desktop/EUFS_FORK_CONTAINERIZED/eufs-f1-sim/ws/install/eufs_racecar/share/eufs_racecar/eufs_racecar/models/ar_tags/marker9/marker0\n'}
[1.306547] (eufs_racecar) StdoutLine: {'line': b'copying eufs_racecar/models/ar_tags/marker9/marker0/model.config -> /home/gera/Desktop/EUFS_FORK_CONTAINERIZED/eufs-f1-sim/ws/install/eufs_racecar/share/eufs_racecar/eufs_racecar/models/ar_tags/marker9/marker0\n'}
[1.306632] (eufs_racecar) StdoutLine: {'line': b'copying eufs_racecar/models/ar_tags/marker9/marker0/model-1_5.sdf -> /home/gera/Desktop/EUFS_FORK_CONTAINERIZED/eufs-f1-sim/ws/install/eufs_racecar/share/eufs_racecar/eufs_racecar/models/ar_tags/marker9/marker0\n'}
[1.306889] (eufs_racecar) StdoutLine: {'line': b'creating /home/gera/Desktop/EUFS_FORK_CONTAINERIZED/eufs-f1-sim/ws/install/eufs_racecar/share/eufs_racecar/eufs_racecar/models/ar_tags/marker9/marker0/marker0\n'}
[1.306958] (eufs_racecar) StdoutLine: {'line': b'copying eufs_racecar/models/ar_tags/marker9/marker0/marker0/model.config -> /home/gera/Desktop/EUFS_FORK_CONTAINERIZED/eufs-f1-sim/ws/install/eufs_racecar/share/eufs_racecar/eufs_racecar/models/ar_tags/marker9/marker0/marker0\n'}
[1.307028] (eufs_racecar) StdoutLine: {'line': b'copying eufs_racecar/models/ar_tags/marker9/marker0/marker0/model-1_5.sdf -> /home/gera/Desktop/EUFS_FORK_CONTAINERIZED/eufs-f1-sim/ws/install/eufs_racecar/share/eufs_racecar/eufs_racecar/models/ar_tags/marker9/marker0/marker0\n'}
[1.307093] (eufs_racecar) StdoutLine: {'line': b'creating /home/gera/Desktop/EUFS_FORK_CONTAINERIZED/eufs-f1-sim/ws/install/eufs_racecar/share/eufs_racecar/eufs_racecar/models/ar_tags/marker10\n'}
[1.307172] (eufs_racecar) StdoutLine: {'line': b'copying eufs_racecar/models/ar_tags/marker10/model-1_4.sdf -> /home/gera/Desktop/EUFS_FORK_CONTAINERIZED/eufs-f1-sim/ws/install/eufs_racecar/share/eufs_racecar/eufs_racecar/models/ar_tags/marker10\n'}
[1.307236] (eufs_racecar) StdoutLine: {'line': b'copying eufs_racecar/models/ar_tags/marker10/model.sdf -> /home/gera/Desktop/EUFS_FORK_CONTAINERIZED/eufs-f1-sim/ws/install/eufs_racecar/share/eufs_racecar/eufs_racecar/models/ar_tags/marker10\n'}
[1.307317] (eufs_racecar) StdoutLine: {'line': b'copying eufs_racecar/models/ar_tags/marker10/model.config -> /home/gera/Desktop/EUFS_FORK_CONTAINERIZED/eufs-f1-sim/ws/install/eufs_racecar/share/eufs_racecar/eufs_racecar/models/ar_tags/marker10\n'}
[1.307541] (eufs_racecar) StdoutLine: {'line': b'copying eufs_racecar/models/ar_tags/marker10/model-1_5.sdf -> /home/gera/Desktop/EUFS_FORK_CONTAINERIZED/eufs-f1-sim/ws/install/eufs_racecar/share/eufs_racecar/eufs_racecar/models/ar_tags/marker10\n'}
[1.307611] (eufs_racecar) StdoutLine: {'line': b'creating /home/gera/Desktop/EUFS_FORK_CONTAINERIZED/eufs-f1-sim/ws/install/eufs_racecar/share/eufs_racecar/eufs_racecar/models/ar_tags/marker10/meshes\n'}
[1.307678] (eufs_racecar) StdoutLine: {'line': b'copying eufs_racecar/models/ar_tags/marker10/meshes/Marker10.dae -> /home/gera/Desktop/EUFS_FORK_CONTAINERIZED/eufs-f1-sim/ws/install/eufs_racecar/share/eufs_racecar/eufs_racecar/models/ar_tags/marker10/meshes\n'}
[1.307743] (eufs_racecar) StdoutLine: {'line': b'creating /home/gera/Desktop/EUFS_FORK_CONTAINERIZED/eufs-f1-sim/ws/install/eufs_racecar/share/eufs_racecar/eufs_racecar/models/ar_tags/marker10/materials\n'}
[1.307808] (eufs_racecar) StdoutLine: {'line': b'creating /home/gera/Desktop/EUFS_FORK_CONTAINERIZED/eufs-f1-sim/ws/install/eufs_racecar/share/eufs_racecar/eufs_racecar/models/ar_tags/marker10/materials/textures\n'}
[1.307872] (eufs_racecar) StdoutLine: {'line': b'copying eufs_racecar/models/ar_tags/marker10/materials/textures/Marker10.png -> /home/gera/Desktop/EUFS_FORK_CONTAINERIZED/eufs-f1-sim/ws/install/eufs_racecar/share/eufs_racecar/eufs_racecar/models/ar_tags/marker10/materials/textures\n'}
[1.307937] (eufs_racecar) StdoutLine: {'line': b'creating /home/gera/Desktop/EUFS_FORK_CONTAINERIZED/eufs-f1-sim/ws/install/eufs_racecar/share/eufs_racecar/eufs_racecar/models/ar_tags/marker10/marker0\n'}
[1.308001] (eufs_racecar) StdoutLine: {'line': b'copying eufs_racecar/models/ar_tags/marker10/marker0/model.config -> /home/gera/Desktop/EUFS_FORK_CONTAINERIZED/eufs-f1-sim/ws/install/eufs_racecar/share/eufs_racecar/eufs_racecar/models/ar_tags/marker10/marker0\n'}
[1.308064] (eufs_racecar) StdoutLine: {'line': b'copying eufs_racecar/models/ar_tags/marker10/marker0/model-1_5.sdf -> /home/gera/Desktop/EUFS_FORK_CONTAINERIZED/eufs-f1-sim/ws/install/eufs_racecar/share/eufs_racecar/eufs_racecar/models/ar_tags/marker10/marker0\n'}
[1.308128] (eufs_racecar) StdoutLine: {'line': b'creating /home/gera/Desktop/EUFS_FORK_CONTAINERIZED/eufs-f1-sim/ws/install/eufs_racecar/share/eufs_racecar/eufs_racecar/models/ar_tags/marker10/marker0/marker0\n'}
[1.308411] (eufs_racecar) StdoutLine: {'line': b'copying eufs_racecar/models/ar_tags/marker10/marker0/marker0/model.config -> /home/gera/Desktop/EUFS_FORK_CONTAINERIZED/eufs-f1-sim/ws/install/eufs_racecar/share/eufs_racecar/eufs_racecar/models/ar_tags/marker10/marker0/marker0\n'}
[1.308530] (eufs_racecar) StdoutLine: {'line': b'copying eufs_racecar/models/ar_tags/marker10/marker0/marker0/model-1_5.sdf -> /home/gera/Desktop/EUFS_FORK_CONTAINERIZED/eufs-f1-sim/ws/install/eufs_racecar/share/eufs_racecar/eufs_racecar/models/ar_tags/marker10/marker0/marker0\n'}
[1.308777] (eufs_racecar) StdoutLine: {'line': b'creating /home/gera/Desktop/EUFS_FORK_CONTAINERIZED/eufs-f1-sim/ws/install/eufs_racecar/share/eufs_racecar/eufs_racecar/models/ar_tags/marker5\n'}
[1.308844] (eufs_racecar) StdoutLine: {'line': b'copying eufs_racecar/models/ar_tags/marker5/model-1_4.sdf -> /home/gera/Desktop/EUFS_FORK_CONTAINERIZED/eufs-f1-sim/ws/install/eufs_racecar/share/eufs_racecar/eufs_racecar/models/ar_tags/marker5\n'}
[1.308907] (eufs_racecar) StdoutLine: {'line': b'copying eufs_racecar/models/ar_tags/marker5/model.sdf -> /home/gera/Desktop/EUFS_FORK_CONTAINERIZED/eufs-f1-sim/ws/install/eufs_racecar/share/eufs_racecar/eufs_racecar/models/ar_tags/marker5\n'}
[1.308969] (eufs_racecar) StdoutLine: {'line': b'copying eufs_racecar/models/ar_tags/marker5/model.config -> /home/gera/Desktop/EUFS_FORK_CONTAINERIZED/eufs-f1-sim/ws/install/eufs_racecar/share/eufs_racecar/eufs_racecar/models/ar_tags/marker5\n'}
[1.309035] (eufs_racecar) StdoutLine: {'line': b'copying eufs_racecar/models/ar_tags/marker5/model-1_5.sdf -> /home/gera/Desktop/EUFS_FORK_CONTAINERIZED/eufs-f1-sim/ws/install/eufs_racecar/share/eufs_racecar/eufs_racecar/models/ar_tags/marker5\n'}
[1.309098] (eufs_racecar) StdoutLine: {'line': b'creating /home/gera/Desktop/EUFS_FORK_CONTAINERIZED/eufs-f1-sim/ws/install/eufs_racecar/share/eufs_racecar/eufs_racecar/models/ar_tags/marker5/meshes\n'}
[1.309171] (eufs_racecar) StdoutLine: {'line': b'copying eufs_racecar/models/ar_tags/marker5/meshes/Marker5.dae -> /home/gera/Desktop/EUFS_FORK_CONTAINERIZED/eufs-f1-sim/ws/install/eufs_racecar/share/eufs_racecar/eufs_racecar/models/ar_tags/marker5/meshes\n'}
[1.309238] (eufs_racecar) StdoutLine: {'line': b'creating /home/gera/Desktop/EUFS_FORK_CONTAINERIZED/eufs-f1-sim/ws/install/eufs_racecar/share/eufs_racecar/eufs_racecar/models/ar_tags/marker5/materials\n'}
[1.309301] (eufs_racecar) StdoutLine: {'line': b'creating /home/gera/Desktop/EUFS_FORK_CONTAINERIZED/eufs-f1-sim/ws/install/eufs_racecar/share/eufs_racecar/eufs_racecar/models/ar_tags/marker5/materials/textures\n'}
[1.309363] (eufs_racecar) StdoutLine: {'line': b'copying eufs_racecar/models/ar_tags/marker5/materials/textures/Marker5.png -> /home/gera/Desktop/EUFS_FORK_CONTAINERIZED/eufs-f1-sim/ws/install/eufs_racecar/share/eufs_racecar/eufs_racecar/models/ar_tags/marker5/materials/textures\n'}
[1.309598] (eufs_racecar) StdoutLine: {'line': b'creating /home/gera/Desktop/EUFS_FORK_CONTAINERIZED/eufs-f1-sim/ws/install/eufs_racecar/share/eufs_racecar/eufs_racecar/models/ar_tags/marker5/marker0\n'}
[1.309666] (eufs_racecar) StdoutLine: {'line': b'copying eufs_racecar/models/ar_tags/marker5/marker0/model.config -> /home/gera/Desktop/EUFS_FORK_CONTAINERIZED/eufs-f1-sim/ws/install/eufs_racecar/share/eufs_racecar/eufs_racecar/models/ar_tags/marker5/marker0\n'}
[1.309737] (eufs_racecar) StdoutLine: {'line': b'copying eufs_racecar/models/ar_tags/marker5/marker0/model-1_5.sdf -> /home/gera/Desktop/EUFS_FORK_CONTAINERIZED/eufs-f1-sim/ws/install/eufs_racecar/share/eufs_racecar/eufs_racecar/models/ar_tags/marker5/marker0\n'}
[1.309802] (eufs_racecar) StdoutLine: {'line': b'creating /home/gera/Desktop/EUFS_FORK_CONTAINERIZED/eufs-f1-sim/ws/install/eufs_racecar/share/eufs_racecar/eufs_racecar/models/ar_tags/marker5/marker0/marker0\n'}
[1.309867] (eufs_racecar) StdoutLine: {'line': b'copying eufs_racecar/models/ar_tags/marker5/marker0/marker0/model.config -> /home/gera/Desktop/EUFS_FORK_CONTAINERIZED/eufs-f1-sim/ws/install/eufs_racecar/share/eufs_racecar/eufs_racecar/models/ar_tags/marker5/marker0/marker0\n'}
[1.310108] (eufs_racecar) StdoutLine: {'line': b'copying eufs_racecar/models/ar_tags/marker5/marker0/marker0/model-1_5.sdf -> /home/gera/Desktop/EUFS_FORK_CONTAINERIZED/eufs-f1-sim/ws/install/eufs_racecar/share/eufs_racecar/eufs_racecar/models/ar_tags/marker5/marker0/marker0\n'}
[1.310384] (eufs_racecar) StdoutLine: {'line': b'creating /home/gera/Desktop/EUFS_FORK_CONTAINERIZED/eufs-f1-sim/ws/install/eufs_racecar/share/eufs_racecar/eufs_racecar/models/ar_tags/marker7\n'}
[1.310600] (eufs_racecar) StdoutLine: {'line': b'copying eufs_racecar/models/ar_tags/marker7/model-1_4.sdf -> /home/gera/Desktop/EUFS_FORK_CONTAINERIZED/eufs-f1-sim/ws/install/eufs_racecar/share/eufs_racecar/eufs_racecar/models/ar_tags/marker7\n'}
[1.310666] (eufs_racecar) StdoutLine: {'line': b'copying eufs_racecar/models/ar_tags/marker7/model.sdf -> /home/gera/Desktop/EUFS_FORK_CONTAINERIZED/eufs-f1-sim/ws/install/eufs_racecar/share/eufs_racecar/eufs_racecar/models/ar_tags/marker7\n'}
[1.310913] (eufs_racecar) StdoutLine: {'line': b'copying eufs_racecar/models/ar_tags/marker7/model.config -> /home/gera/Desktop/EUFS_FORK_CONTAINERIZED/eufs-f1-sim/ws/install/eufs_racecar/share/eufs_racecar/eufs_racecar/models/ar_tags/marker7\n'}
[1.310981] (eufs_racecar) StdoutLine: {'line': b'copying eufs_racecar/models/ar_tags/marker7/model-1_5.sdf -> /home/gera/Desktop/EUFS_FORK_CONTAINERIZED/eufs-f1-sim/ws/install/eufs_racecar/share/eufs_racecar/eufs_racecar/models/ar_tags/marker7\n'}
[1.311046] (eufs_racecar) StdoutLine: {'line': b'creating /home/gera/Desktop/EUFS_FORK_CONTAINERIZED/eufs-f1-sim/ws/install/eufs_racecar/share/eufs_racecar/eufs_racecar/models/ar_tags/marker7/meshes\n'}
[1.311108] (eufs_racecar) StdoutLine: {'line': b'copying eufs_racecar/models/ar_tags/marker7/meshes/Marker7.dae -> /home/gera/Desktop/EUFS_FORK_CONTAINERIZED/eufs-f1-sim/ws/install/eufs_racecar/share/eufs_racecar/eufs_racecar/models/ar_tags/marker7/meshes\n'}
[1.311179] (eufs_racecar) StdoutLine: {'line': b'creating /home/gera/Desktop/EUFS_FORK_CONTAINERIZED/eufs-f1-sim/ws/install/eufs_racecar/share/eufs_racecar/eufs_racecar/models/ar_tags/marker7/materials\n'}
[1.311243] (eufs_racecar) StdoutLine: {'line': b'creating /home/gera/Desktop/EUFS_FORK_CONTAINERIZED/eufs-f1-sim/ws/install/eufs_racecar/share/eufs_racecar/eufs_racecar/models/ar_tags/marker7/materials/textures\n'}
[1.311304] (eufs_racecar) StdoutLine: {'line': b'copying eufs_racecar/models/ar_tags/marker7/materials/textures/Marker7.png -> /home/gera/Desktop/EUFS_FORK_CONTAINERIZED/eufs-f1-sim/ws/install/eufs_racecar/share/eufs_racecar/eufs_racecar/models/ar_tags/marker7/materials/textures\n'}
[1.311365] (eufs_racecar) StdoutLine: {'line': b'creating /home/gera/Desktop/EUFS_FORK_CONTAINERIZED/eufs-f1-sim/ws/install/eufs_racecar/share/eufs_racecar/eufs_racecar/models/ar_tags/marker7/marker0\n'}
[1.311427] (eufs_racecar) StdoutLine: {'line': b'copying eufs_racecar/models/ar_tags/marker7/marker0/model.config -> /home/gera/Desktop/EUFS_FORK_CONTAINERIZED/eufs-f1-sim/ws/install/eufs_racecar/share/eufs_racecar/eufs_racecar/models/ar_tags/marker7/marker0\n'}
[1.311488] (eufs_racecar) StdoutLine: {'line': b'copying eufs_racecar/models/ar_tags/marker7/marker0/model-1_5.sdf -> /home/gera/Desktop/EUFS_FORK_CONTAINERIZED/eufs-f1-sim/ws/install/eufs_racecar/share/eufs_racecar/eufs_racecar/models/ar_tags/marker7/marker0\n'}
[1.311549] (eufs_racecar) StdoutLine: {'line': b'creating /home/gera/Desktop/EUFS_FORK_CONTAINERIZED/eufs-f1-sim/ws/install/eufs_racecar/share/eufs_racecar/eufs_racecar/models/ar_tags/marker7/marker0/marker0\n'}
[1.311611] (eufs_racecar) StdoutLine: {'line': b'copying eufs_racecar/models/ar_tags/marker7/marker0/marker0/model.config -> /home/gera/Desktop/EUFS_FORK_CONTAINERIZED/eufs-f1-sim/ws/install/eufs_racecar/share/eufs_racecar/eufs_racecar/models/ar_tags/marker7/marker0/marker0\n'}
[1.311674] (eufs_racecar) StdoutLine: {'line': b'copying eufs_racecar/models/ar_tags/marker7/marker0/marker0/model-1_5.sdf -> /home/gera/Desktop/EUFS_FORK_CONTAINERIZED/eufs-f1-sim/ws/install/eufs_racecar/share/eufs_racecar/eufs_racecar/models/ar_tags/marker7/marker0/marker0\n'}
[1.312002] (eufs_racecar) StdoutLine: {'line': b'creating /home/gera/Desktop/EUFS_FORK_CONTAINERIZED/eufs-f1-sim/ws/install/eufs_racecar/share/eufs_racecar/eufs_racecar/models/ar_tags/marker2\n'}
[1.312069] (eufs_racecar) StdoutLine: {'line': b'copying eufs_racecar/models/ar_tags/marker2/model-1_4.sdf -> /home/gera/Desktop/EUFS_FORK_CONTAINERIZED/eufs-f1-sim/ws/install/eufs_racecar/share/eufs_racecar/eufs_racecar/models/ar_tags/marker2\n'}
[1.312229] (eufs_racecar) StdoutLine: {'line': b'copying eufs_racecar/models/ar_tags/marker2/model.sdf -> /home/gera/Desktop/EUFS_FORK_CONTAINERIZED/eufs-f1-sim/ws/install/eufs_racecar/share/eufs_racecar/eufs_racecar/models/ar_tags/marker2\n'}
[1.312414] (eufs_racecar) StdoutLine: {'line': b'copying eufs_racecar/models/ar_tags/marker2/model.config -> /home/gera/Desktop/EUFS_FORK_CONTAINERIZED/eufs-f1-sim/ws/install/eufs_racecar/share/eufs_racecar/eufs_racecar/models/ar_tags/marker2\n'}
[1.312484] (eufs_racecar) StdoutLine: {'line': b'copying eufs_racecar/models/ar_tags/marker2/model-1_5.sdf -> /home/gera/Desktop/EUFS_FORK_CONTAINERIZED/eufs-f1-sim/ws/install/eufs_racecar/share/eufs_racecar/eufs_racecar/models/ar_tags/marker2\n'}
[1.312547] (eufs_racecar) StdoutLine: {'line': b'creating /home/gera/Desktop/EUFS_FORK_CONTAINERIZED/eufs-f1-sim/ws/install/eufs_racecar/share/eufs_racecar/eufs_racecar/models/ar_tags/marker2/meshes\n'}
[1.312608] (eufs_racecar) StdoutLine: {'line': b'copying eufs_racecar/models/ar_tags/marker2/meshes/Marker2.dae -> /home/gera/Desktop/EUFS_FORK_CONTAINERIZED/eufs-f1-sim/ws/install/eufs_racecar/share/eufs_racecar/eufs_racecar/models/ar_tags/marker2/meshes\n'}
[1.312673] (eufs_racecar) StdoutLine: {'line': b'creating /home/gera/Desktop/EUFS_FORK_CONTAINERIZED/eufs-f1-sim/ws/install/eufs_racecar/share/eufs_racecar/eufs_racecar/models/ar_tags/marker2/materials\n'}
[1.313238] (eufs_racecar) StdoutLine: {'line': b'creating /home/gera/Desktop/EUFS_FORK_CONTAINERIZED/eufs-f1-sim/ws/install/eufs_racecar/share/eufs_racecar/eufs_racecar/models/ar_tags/marker2/materials/textures\n'}
[1.313321] (eufs_racecar) StdoutLine: {'line': b'copying eufs_racecar/models/ar_tags/marker2/materials/textures/Marker2.png -> /home/gera/Desktop/EUFS_FORK_CONTAINERIZED/eufs-f1-sim/ws/install/eufs_racecar/share/eufs_racecar/eufs_racecar/models/ar_tags/marker2/materials/textures\n'}
[1.313385] (eufs_racecar) StdoutLine: {'line': b'creating /home/gera/Desktop/EUFS_FORK_CONTAINERIZED/eufs-f1-sim/ws/install/eufs_racecar/share/eufs_racecar/eufs_racecar/models/ar_tags/marker2/marker0\n'}
[1.313446] (eufs_racecar) StdoutLine: {'line': b'copying eufs_racecar/models/ar_tags/marker2/marker0/model.config -> /home/gera/Desktop/EUFS_FORK_CONTAINERIZED/eufs-f1-sim/ws/install/eufs_racecar/share/eufs_racecar/eufs_racecar/models/ar_tags/marker2/marker0\n'}
[1.313509] (eufs_racecar) StdoutLine: {'line': b'copying eufs_racecar/models/ar_tags/marker2/marker0/model-1_5.sdf -> /home/gera/Desktop/EUFS_FORK_CONTAINERIZED/eufs-f1-sim/ws/install/eufs_racecar/share/eufs_racecar/eufs_racecar/models/ar_tags/marker2/marker0\n'}
[1.313573] (eufs_racecar) StdoutLine: {'line': b'creating /home/gera/Desktop/EUFS_FORK_CONTAINERIZED/eufs-f1-sim/ws/install/eufs_racecar/share/eufs_racecar/eufs_racecar/models/ar_tags/marker2/marker0/marker0\n'}
[1.313635] (eufs_racecar) StdoutLine: {'line': b'copying eufs_racecar/models/ar_tags/marker2/marker0/marker0/model.config -> /home/gera/Desktop/EUFS_FORK_CONTAINERIZED/eufs-f1-sim/ws/install/eufs_racecar/share/eufs_racecar/eufs_racecar/models/ar_tags/marker2/marker0/marker0\n'}
[1.313697] (eufs_racecar) StdoutLine: {'line': b'copying eufs_racecar/models/ar_tags/marker2/marker0/marker0/model-1_5.sdf -> /home/gera/Desktop/EUFS_FORK_CONTAINERIZED/eufs-f1-sim/ws/install/eufs_racecar/share/eufs_racecar/eufs_racecar/models/ar_tags/marker2/marker0/marker0\n'}
[1.313775] (eufs_racecar) StdoutLine: {'line': b'creating /home/gera/Desktop/EUFS_FORK_CONTAINERIZED/eufs-f1-sim/ws/install/eufs_racecar/share/eufs_racecar/eufs_racecar/models/ar_tags/marker8\n'}
[1.314038] (eufs_racecar) StdoutLine: {'line': b'copying eufs_racecar/models/ar_tags/marker8/model-1_4.sdf -> /home/gera/Desktop/EUFS_FORK_CONTAINERIZED/eufs-f1-sim/ws/install/eufs_racecar/share/eufs_racecar/eufs_racecar/models/ar_tags/marker8\n'}
[1.314103] (eufs_racecar) StdoutLine: {'line': b'copying eufs_racecar/models/ar_tags/marker8/model.sdf -> /home/gera/Desktop/EUFS_FORK_CONTAINERIZED/eufs-f1-sim/ws/install/eufs_racecar/share/eufs_racecar/eufs_racecar/models/ar_tags/marker8\n'}
[1.315128] (eufs_racecar) StdoutLine: {'line': b'copying eufs_racecar/models/ar_tags/marker8/model.config -> /home/gera/Desktop/EUFS_FORK_CONTAINERIZED/eufs-f1-sim/ws/install/eufs_racecar/share/eufs_racecar/eufs_racecar/models/ar_tags/marker8\n'}
[1.315330] (eufs_racecar) StdoutLine: {'line': b'copying eufs_racecar/models/ar_tags/marker8/model-1_5.sdf -> /home/gera/Desktop/EUFS_FORK_CONTAINERIZED/eufs-f1-sim/ws/install/eufs_racecar/share/eufs_racecar/eufs_racecar/models/ar_tags/marker8\n'}
[1.315461] (eufs_racecar) StdoutLine: {'line': b'creating /home/gera/Desktop/EUFS_FORK_CONTAINERIZED/eufs-f1-sim/ws/install/eufs_racecar/share/eufs_racecar/eufs_racecar/models/ar_tags/marker8/meshes\n'}
[1.315612] (eufs_racecar) StdoutLine: {'line': b'copying eufs_racecar/models/ar_tags/marker8/meshes/Marker8.dae -> /home/gera/Desktop/EUFS_FORK_CONTAINERIZED/eufs-f1-sim/ws/install/eufs_racecar/share/eufs_racecar/eufs_racecar/models/ar_tags/marker8/meshes\n'}
[1.315734] (eufs_racecar) StdoutLine: {'line': b'creating /home/gera/Desktop/EUFS_FORK_CONTAINERIZED/eufs-f1-sim/ws/install/eufs_racecar/share/eufs_racecar/eufs_racecar/models/ar_tags/marker8/materials\n'}
[1.315851] (eufs_racecar) StdoutLine: {'line': b'creating /home/gera/Desktop/EUFS_FORK_CONTAINERIZED/eufs-f1-sim/ws/install/eufs_racecar/share/eufs_racecar/eufs_racecar/models/ar_tags/marker8/materials/textures\n'}
[1.315976] (eufs_racecar) StdoutLine: {'line': b'copying eufs_racecar/models/ar_tags/marker8/materials/textures/Marker8.png -> /home/gera/Desktop/EUFS_FORK_CONTAINERIZED/eufs-f1-sim/ws/install/eufs_racecar/share/eufs_racecar/eufs_racecar/models/ar_tags/marker8/materials/textures\n'}
[1.316106] (eufs_racecar) StdoutLine: {'line': b'creating /home/gera/Desktop/EUFS_FORK_CONTAINERIZED/eufs-f1-sim/ws/install/eufs_racecar/share/eufs_racecar/eufs_racecar/models/ar_tags/marker8/marker0\n'}
[1.316271] (eufs_racecar) StdoutLine: {'line': b'copying eufs_racecar/models/ar_tags/marker8/marker0/model.config -> /home/gera/Desktop/EUFS_FORK_CONTAINERIZED/eufs-f1-sim/ws/install/eufs_racecar/share/eufs_racecar/eufs_racecar/models/ar_tags/marker8/marker0\n'}
[1.316396] (eufs_racecar) StdoutLine: {'line': b'copying eufs_racecar/models/ar_tags/marker8/marker0/model-1_5.sdf -> /home/gera/Desktop/EUFS_FORK_CONTAINERIZED/eufs-f1-sim/ws/install/eufs_racecar/share/eufs_racecar/eufs_racecar/models/ar_tags/marker8/marker0\n'}
[1.316530] (eufs_racecar) StdoutLine: {'line': b'creating /home/gera/Desktop/EUFS_FORK_CONTAINERIZED/eufs-f1-sim/ws/install/eufs_racecar/share/eufs_racecar/eufs_racecar/models/ar_tags/marker8/marker0/marker0\n'}
[1.316653] (eufs_racecar) StdoutLine: {'line': b'copying eufs_racecar/models/ar_tags/marker8/marker0/marker0/model.config -> /home/gera/Desktop/EUFS_FORK_CONTAINERIZED/eufs-f1-sim/ws/install/eufs_racecar/share/eufs_racecar/eufs_racecar/models/ar_tags/marker8/marker0/marker0\n'}
[1.316777] (eufs_racecar) StdoutLine: {'line': b'copying eufs_racecar/models/ar_tags/marker8/marker0/marker0/model-1_5.sdf -> /home/gera/Desktop/EUFS_FORK_CONTAINERIZED/eufs-f1-sim/ws/install/eufs_racecar/share/eufs_racecar/eufs_racecar/models/ar_tags/marker8/marker0/marker0\n'}
[1.316910] (eufs_racecar) StdoutLine: {'line': b'creating /home/gera/Desktop/EUFS_FORK_CONTAINERIZED/eufs-f1-sim/ws/install/eufs_racecar/share/eufs_racecar/eufs_racecar/models/ar_tags/marker14\n'}
[1.317032] (eufs_racecar) StdoutLine: {'line': b'copying eufs_racecar/models/ar_tags/marker14/model-1_4.sdf -> /home/gera/Desktop/EUFS_FORK_CONTAINERIZED/eufs-f1-sim/ws/install/eufs_racecar/share/eufs_racecar/eufs_racecar/models/ar_tags/marker14\n'}
[1.317188] (eufs_racecar) StdoutLine: {'line': b'copying eufs_racecar/models/ar_tags/marker14/model.sdf -> /home/gera/Desktop/EUFS_FORK_CONTAINERIZED/eufs-f1-sim/ws/install/eufs_racecar/share/eufs_racecar/eufs_racecar/models/ar_tags/marker14\n'}
[1.317315] (eufs_racecar) StdoutLine: {'line': b'copying eufs_racecar/models/ar_tags/marker14/model.config -> /home/gera/Desktop/EUFS_FORK_CONTAINERIZED/eufs-f1-sim/ws/install/eufs_racecar/share/eufs_racecar/eufs_racecar/models/ar_tags/marker14\n'}
[1.317435] (eufs_racecar) StdoutLine: {'line': b'copying eufs_racecar/models/ar_tags/marker14/model-1_5.sdf -> /home/gera/Desktop/EUFS_FORK_CONTAINERIZED/eufs-f1-sim/ws/install/eufs_racecar/share/eufs_racecar/eufs_racecar/models/ar_tags/marker14\n'}
[1.317555] (eufs_racecar) StdoutLine: {'line': b'creating /home/gera/Desktop/EUFS_FORK_CONTAINERIZED/eufs-f1-sim/ws/install/eufs_racecar/share/eufs_racecar/eufs_racecar/models/ar_tags/marker14/meshes\n'}
[1.317674] (eufs_racecar) StdoutLine: {'line': b'copying eufs_racecar/models/ar_tags/marker14/meshes/Marker14.dae -> /home/gera/Desktop/EUFS_FORK_CONTAINERIZED/eufs-f1-sim/ws/install/eufs_racecar/share/eufs_racecar/eufs_racecar/models/ar_tags/marker14/meshes\n'}
[1.317795] (eufs_racecar) StdoutLine: {'line': b'creating /home/gera/Desktop/EUFS_FORK_CONTAINERIZED/eufs-f1-sim/ws/install/eufs_racecar/share/eufs_racecar/eufs_racecar/models/ar_tags/marker14/materials\n'}
[1.317914] (eufs_racecar) StdoutLine: {'line': b'creating /home/gera/Desktop/EUFS_FORK_CONTAINERIZED/eufs-f1-sim/ws/install/eufs_racecar/share/eufs_racecar/eufs_racecar/models/ar_tags/marker14/materials/textures\n'}
[1.318033] (eufs_racecar) StdoutLine: {'line': b'copying eufs_racecar/models/ar_tags/marker14/materials/textures/Marker14.png -> /home/gera/Desktop/EUFS_FORK_CONTAINERIZED/eufs-f1-sim/ws/install/eufs_racecar/share/eufs_racecar/eufs_racecar/models/ar_tags/marker14/materials/textures\n'}
[1.318165] (eufs_racecar) StdoutLine: {'line': b'creating /home/gera/Desktop/EUFS_FORK_CONTAINERIZED/eufs-f1-sim/ws/install/eufs_racecar/share/eufs_racecar/eufs_racecar/models/ar_tags/marker14/marker0\n'}
[1.318291] (eufs_racecar) StdoutLine: {'line': b'copying eufs_racecar/models/ar_tags/marker14/marker0/model.config -> /home/gera/Desktop/EUFS_FORK_CONTAINERIZED/eufs-f1-sim/ws/install/eufs_racecar/share/eufs_racecar/eufs_racecar/models/ar_tags/marker14/marker0\n'}
[1.318567] (eufs_racecar) StdoutLine: {'line': b'copying eufs_racecar/models/ar_tags/marker14/marker0/model-1_5.sdf -> /home/gera/Desktop/EUFS_FORK_CONTAINERIZED/eufs-f1-sim/ws/install/eufs_racecar/share/eufs_racecar/eufs_racecar/models/ar_tags/marker14/marker0\n'}
[1.318692] (eufs_racecar) StdoutLine: {'line': b'creating /home/gera/Desktop/EUFS_FORK_CONTAINERIZED/eufs-f1-sim/ws/install/eufs_racecar/share/eufs_racecar/eufs_racecar/models/ar_tags/marker14/marker0/marker0\n'}
[1.318813] (eufs_racecar) StdoutLine: {'line': b'copying eufs_racecar/models/ar_tags/marker14/marker0/marker0/model.config -> /home/gera/Desktop/EUFS_FORK_CONTAINERIZED/eufs-f1-sim/ws/install/eufs_racecar/share/eufs_racecar/eufs_racecar/models/ar_tags/marker14/marker0/marker0\n'}
[1.318933] (eufs_racecar) StdoutLine: {'line': b'copying eufs_racecar/models/ar_tags/marker14/marker0/marker0/model-1_5.sdf -> /home/gera/Desktop/EUFS_FORK_CONTAINERIZED/eufs-f1-sim/ws/install/eufs_racecar/share/eufs_racecar/eufs_racecar/models/ar_tags/marker14/marker0/marker0\n'}
[1.319052] (eufs_racecar) StdoutLine: {'line': b'creating /home/gera/Desktop/EUFS_FORK_CONTAINERIZED/eufs-f1-sim/ws/install/eufs_racecar/share/eufs_racecar/eufs_racecar/models/ar_tags/marker13\n'}
[1.319370] (eufs_racecar) StdoutLine: {'line': b'copying eufs_racecar/models/ar_tags/marker13/model-1_4.sdf -> /home/gera/Desktop/EUFS_FORK_CONTAINERIZED/eufs-f1-sim/ws/install/eufs_racecar/share/eufs_racecar/eufs_racecar/models/ar_tags/marker13\n'}
[1.319509] (eufs_racecar) StdoutLine: {'line': b'copying eufs_racecar/models/ar_tags/marker13/model.sdf -> /home/gera/Desktop/EUFS_FORK_CONTAINERIZED/eufs-f1-sim/ws/install/eufs_racecar/share/eufs_racecar/eufs_racecar/models/ar_tags/marker13\n'}
[1.319640] (eufs_racecar) StdoutLine: {'line': b'copying eufs_racecar/models/ar_tags/marker13/model.config -> /home/gera/Desktop/EUFS_FORK_CONTAINERIZED/eufs-f1-sim/ws/install/eufs_racecar/share/eufs_racecar/eufs_racecar/models/ar_tags/marker13\n'}
[1.319762] (eufs_racecar) StdoutLine: {'line': b'copying eufs_racecar/models/ar_tags/marker13/model-1_5.sdf -> /home/gera/Desktop/EUFS_FORK_CONTAINERIZED/eufs-f1-sim/ws/install/eufs_racecar/share/eufs_racecar/eufs_racecar/models/ar_tags/marker13\n'}
[1.319880] (eufs_racecar) StdoutLine: {'line': b'creating /home/gera/Desktop/EUFS_FORK_CONTAINERIZED/eufs-f1-sim/ws/install/eufs_racecar/share/eufs_racecar/eufs_racecar/models/ar_tags/marker13/meshes\n'}
[1.320000] (eufs_racecar) StdoutLine: {'line': b'copying eufs_racecar/models/ar_tags/marker13/meshes/Marker13.dae -> /home/gera/Desktop/EUFS_FORK_CONTAINERIZED/eufs-f1-sim/ws/install/eufs_racecar/share/eufs_racecar/eufs_racecar/models/ar_tags/marker13/meshes\n'}
[1.320137] (eufs_racecar) StdoutLine: {'line': b'creating /home/gera/Desktop/EUFS_FORK_CONTAINERIZED/eufs-f1-sim/ws/install/eufs_racecar/share/eufs_racecar/eufs_racecar/models/ar_tags/marker13/materials\n'}
[1.320272] (eufs_racecar) StdoutLine: {'line': b'creating /home/gera/Desktop/EUFS_FORK_CONTAINERIZED/eufs-f1-sim/ws/install/eufs_racecar/share/eufs_racecar/eufs_racecar/models/ar_tags/marker13/materials/textures\n'}
[1.320392] (eufs_racecar) StdoutLine: {'line': b'copying eufs_racecar/models/ar_tags/marker13/materials/textures/Marker13.png -> /home/gera/Desktop/EUFS_FORK_CONTAINERIZED/eufs-f1-sim/ws/install/eufs_racecar/share/eufs_racecar/eufs_racecar/models/ar_tags/marker13/materials/textures\n'}
[1.320513] (eufs_racecar) StdoutLine: {'line': b'creating /home/gera/Desktop/EUFS_FORK_CONTAINERIZED/eufs-f1-sim/ws/install/eufs_racecar/share/eufs_racecar/eufs_racecar/models/ar_tags/marker13/marker0\n'}
[1.320630] (eufs_racecar) StdoutLine: {'line': b'copying eufs_racecar/models/ar_tags/marker13/marker0/model.config -> /home/gera/Desktop/EUFS_FORK_CONTAINERIZED/eufs-f1-sim/ws/install/eufs_racecar/share/eufs_racecar/eufs_racecar/models/ar_tags/marker13/marker0\n'}
[1.320751] (eufs_racecar) StdoutLine: {'line': b'copying eufs_racecar/models/ar_tags/marker13/marker0/model-1_5.sdf -> /home/gera/Desktop/EUFS_FORK_CONTAINERIZED/eufs-f1-sim/ws/install/eufs_racecar/share/eufs_racecar/eufs_racecar/models/ar_tags/marker13/marker0\n'}
[1.320872] (eufs_racecar) StdoutLine: {'line': b'creating /home/gera/Desktop/EUFS_FORK_CONTAINERIZED/eufs-f1-sim/ws/install/eufs_racecar/share/eufs_racecar/eufs_racecar/models/ar_tags/marker13/marker0/marker0\n'}
[1.320993] (eufs_racecar) StdoutLine: {'line': b'copying eufs_racecar/models/ar_tags/marker13/marker0/marker0/model.config -> /home/gera/Desktop/EUFS_FORK_CONTAINERIZED/eufs-f1-sim/ws/install/eufs_racecar/share/eufs_racecar/eufs_racecar/models/ar_tags/marker13/marker0/marker0\n'}
[1.321131] (eufs_racecar) StdoutLine: {'line': b'copying eufs_racecar/models/ar_tags/marker13/marker0/marker0/model-1_5.sdf -> /home/gera/Desktop/EUFS_FORK_CONTAINERIZED/eufs-f1-sim/ws/install/eufs_racecar/share/eufs_racecar/eufs_racecar/models/ar_tags/marker13/marker0/marker0\n'}
[1.321266] (eufs_racecar) StdoutLine: {'line': b'creating /home/gera/Desktop/EUFS_FORK_CONTAINERIZED/eufs-f1-sim/ws/install/eufs_racecar/share/eufs_racecar/eufs_racecar/models/ar_tags/marker17\n'}
[1.321413] (eufs_racecar) StdoutLine: {'line': b'copying eufs_racecar/models/ar_tags/marker17/model-1_4.sdf -> /home/gera/Desktop/EUFS_FORK_CONTAINERIZED/eufs-f1-sim/ws/install/eufs_racecar/share/eufs_racecar/eufs_racecar/models/ar_tags/marker17\n'}
[1.321534] (eufs_racecar) StdoutLine: {'line': b'copying eufs_racecar/models/ar_tags/marker17/model.sdf -> /home/gera/Desktop/EUFS_FORK_CONTAINERIZED/eufs-f1-sim/ws/install/eufs_racecar/share/eufs_racecar/eufs_racecar/models/ar_tags/marker17\n'}
[1.321663] (eufs_racecar) StdoutLine: {'line': b'copying eufs_racecar/models/ar_tags/marker17/model.config -> /home/gera/Desktop/EUFS_FORK_CONTAINERIZED/eufs-f1-sim/ws/install/eufs_racecar/share/eufs_racecar/eufs_racecar/models/ar_tags/marker17\n'}
[1.321784] (eufs_racecar) StdoutLine: {'line': b'copying eufs_racecar/models/ar_tags/marker17/model-1_5.sdf -> /home/gera/Desktop/EUFS_FORK_CONTAINERIZED/eufs-f1-sim/ws/install/eufs_racecar/share/eufs_racecar/eufs_racecar/models/ar_tags/marker17\n'}
[1.321914] (eufs_racecar) StdoutLine: {'line': b'creating /home/gera/Desktop/EUFS_FORK_CONTAINERIZED/eufs-f1-sim/ws/install/eufs_racecar/share/eufs_racecar/eufs_racecar/models/ar_tags/marker17/meshes\n'}
[1.322044] (eufs_racecar) StdoutLine: {'line': b'copying eufs_racecar/models/ar_tags/marker17/meshes/Marker17.dae -> /home/gera/Desktop/EUFS_FORK_CONTAINERIZED/eufs-f1-sim/ws/install/eufs_racecar/share/eufs_racecar/eufs_racecar/models/ar_tags/marker17/meshes\n'}
[1.322183] (eufs_racecar) StdoutLine: {'line': b'creating /home/gera/Desktop/EUFS_FORK_CONTAINERIZED/eufs-f1-sim/ws/install/eufs_racecar/share/eufs_racecar/eufs_racecar/models/ar_tags/marker17/materials\n'}
[1.322309] (eufs_racecar) StdoutLine: {'line': b'creating /home/gera/Desktop/EUFS_FORK_CONTAINERIZED/eufs-f1-sim/ws/install/eufs_racecar/share/eufs_racecar/eufs_racecar/models/ar_tags/marker17/materials/textures\n'}
[1.322429] (eufs_racecar) StdoutLine: {'line': b'copying eufs_racecar/models/ar_tags/marker17/materials/textures/Marker17.png -> /home/gera/Desktop/EUFS_FORK_CONTAINERIZED/eufs-f1-sim/ws/install/eufs_racecar/share/eufs_racecar/eufs_racecar/models/ar_tags/marker17/materials/textures\n'}
[1.322551] (eufs_racecar) StdoutLine: {'line': b'creating /home/gera/Desktop/EUFS_FORK_CONTAINERIZED/eufs-f1-sim/ws/install/eufs_racecar/share/eufs_racecar/eufs_racecar/models/ar_tags/marker17/marker0\n'}
[1.322672] (eufs_racecar) StdoutLine: {'line': b'copying eufs_racecar/models/ar_tags/marker17/marker0/model.config -> /home/gera/Desktop/EUFS_FORK_CONTAINERIZED/eufs-f1-sim/ws/install/eufs_racecar/share/eufs_racecar/eufs_racecar/models/ar_tags/marker17/marker0\n'}
[1.322792] (eufs_racecar) StdoutLine: {'line': b'copying eufs_racecar/models/ar_tags/marker17/marker0/model-1_5.sdf -> /home/gera/Desktop/EUFS_FORK_CONTAINERIZED/eufs-f1-sim/ws/install/eufs_racecar/share/eufs_racecar/eufs_racecar/models/ar_tags/marker17/marker0\n'}
[1.322916] (eufs_racecar) StdoutLine: {'line': b'creating /home/gera/Desktop/EUFS_FORK_CONTAINERIZED/eufs-f1-sim/ws/install/eufs_racecar/share/eufs_racecar/eufs_racecar/models/ar_tags/marker17/marker0/marker0\n'}
[1.323038] (eufs_racecar) StdoutLine: {'line': b'copying eufs_racecar/models/ar_tags/marker17/marker0/marker0/model.config -> /home/gera/Desktop/EUFS_FORK_CONTAINERIZED/eufs-f1-sim/ws/install/eufs_racecar/share/eufs_racecar/eufs_racecar/models/ar_tags/marker17/marker0/marker0\n'}
[1.323175] (eufs_racecar) StdoutLine: {'line': b'copying eufs_racecar/models/ar_tags/marker17/marker0/marker0/model-1_5.sdf -> /home/gera/Desktop/EUFS_FORK_CONTAINERIZED/eufs-f1-sim/ws/install/eufs_racecar/share/eufs_racecar/eufs_racecar/models/ar_tags/marker17/marker0/marker0\n'}
[1.323305] (eufs_racecar) StdoutLine: {'line': b'creating /home/gera/Desktop/EUFS_FORK_CONTAINERIZED/eufs-f1-sim/ws/install/eufs_racecar/share/eufs_racecar/eufs_racecar/models/ar_tags/marker15\n'}
[1.323428] (eufs_racecar) StdoutLine: {'line': b'copying eufs_racecar/models/ar_tags/marker15/model-1_4.sdf -> /home/gera/Desktop/EUFS_FORK_CONTAINERIZED/eufs-f1-sim/ws/install/eufs_racecar/share/eufs_racecar/eufs_racecar/models/ar_tags/marker15\n'}
[1.323553] (eufs_racecar) StdoutLine: {'line': b'copying eufs_racecar/models/ar_tags/marker15/model.sdf -> /home/gera/Desktop/EUFS_FORK_CONTAINERIZED/eufs-f1-sim/ws/install/eufs_racecar/share/eufs_racecar/eufs_racecar/models/ar_tags/marker15\n'}
[1.323674] (eufs_racecar) StdoutLine: {'line': b'copying eufs_racecar/models/ar_tags/marker15/model.config -> /home/gera/Desktop/EUFS_FORK_CONTAINERIZED/eufs-f1-sim/ws/install/eufs_racecar/share/eufs_racecar/eufs_racecar/models/ar_tags/marker15\n'}
[1.323809] (eufs_racecar) StdoutLine: {'line': b'copying eufs_racecar/models/ar_tags/marker15/model-1_5.sdf -> /home/gera/Desktop/EUFS_FORK_CONTAINERIZED/eufs-f1-sim/ws/install/eufs_racecar/share/eufs_racecar/eufs_racecar/models/ar_tags/marker15\n'}
[1.323933] (eufs_racecar) StdoutLine: {'line': b'creating /home/gera/Desktop/EUFS_FORK_CONTAINERIZED/eufs-f1-sim/ws/install/eufs_racecar/share/eufs_racecar/eufs_racecar/models/ar_tags/marker15/meshes\n'}
[1.324052] (eufs_racecar) StdoutLine: {'line': b'copying eufs_racecar/models/ar_tags/marker15/meshes/Marker15.dae -> /home/gera/Desktop/EUFS_FORK_CONTAINERIZED/eufs-f1-sim/ws/install/eufs_racecar/share/eufs_racecar/eufs_racecar/models/ar_tags/marker15/meshes\n'}
[1.324206] (eufs_racecar) StdoutLine: {'line': b'creating /home/gera/Desktop/EUFS_FORK_CONTAINERIZED/eufs-f1-sim/ws/install/eufs_racecar/share/eufs_racecar/eufs_racecar/models/ar_tags/marker15/materials\n'}
[1.324332] (eufs_racecar) StdoutLine: {'line': b'creating /home/gera/Desktop/EUFS_FORK_CONTAINERIZED/eufs-f1-sim/ws/install/eufs_racecar/share/eufs_racecar/eufs_racecar/models/ar_tags/marker15/materials/textures\n'}
[1.324452] (eufs_racecar) StdoutLine: {'line': b'copying eufs_racecar/models/ar_tags/marker15/materials/textures/Marker15.png -> /home/gera/Desktop/EUFS_FORK_CONTAINERIZED/eufs-f1-sim/ws/install/eufs_racecar/share/eufs_racecar/eufs_racecar/models/ar_tags/marker15/materials/textures\n'}
[1.324595] (eufs_racecar) StdoutLine: {'line': b'creating /home/gera/Desktop/EUFS_FORK_CONTAINERIZED/eufs-f1-sim/ws/install/eufs_racecar/share/eufs_racecar/eufs_racecar/models/ar_tags/marker15/marker0\n'}
[1.324718] (eufs_racecar) StdoutLine: {'line': b'copying eufs_racecar/models/ar_tags/marker15/marker0/model.config -> /home/gera/Desktop/EUFS_FORK_CONTAINERIZED/eufs-f1-sim/ws/install/eufs_racecar/share/eufs_racecar/eufs_racecar/models/ar_tags/marker15/marker0\n'}
[1.324841] (eufs_racecar) StdoutLine: {'line': b'copying eufs_racecar/models/ar_tags/marker15/marker0/model-1_5.sdf -> /home/gera/Desktop/EUFS_FORK_CONTAINERIZED/eufs-f1-sim/ws/install/eufs_racecar/share/eufs_racecar/eufs_racecar/models/ar_tags/marker15/marker0\n'}
[1.324960] (eufs_racecar) StdoutLine: {'line': b'creating /home/gera/Desktop/EUFS_FORK_CONTAINERIZED/eufs-f1-sim/ws/install/eufs_racecar/share/eufs_racecar/eufs_racecar/models/ar_tags/marker15/marker0/marker0\n'}
[1.325080] (eufs_racecar) StdoutLine: {'line': b'copying eufs_racecar/models/ar_tags/marker15/marker0/marker0/model.config -> /home/gera/Desktop/EUFS_FORK_CONTAINERIZED/eufs-f1-sim/ws/install/eufs_racecar/share/eufs_racecar/eufs_racecar/models/ar_tags/marker15/marker0/marker0\n'}
[1.325218] (eufs_racecar) StdoutLine: {'line': b'copying eufs_racecar/models/ar_tags/marker15/marker0/marker0/model-1_5.sdf -> /home/gera/Desktop/EUFS_FORK_CONTAINERIZED/eufs-f1-sim/ws/install/eufs_racecar/share/eufs_racecar/eufs_racecar/models/ar_tags/marker15/marker0/marker0\n'}
[1.325343] (eufs_racecar) StdoutLine: {'line': b'creating /home/gera/Desktop/EUFS_FORK_CONTAINERIZED/eufs-f1-sim/ws/install/eufs_racecar/share/eufs_racecar/eufs_racecar/models/ar_tags/marker11\n'}
[1.325461] (eufs_racecar) StdoutLine: {'line': b'copying eufs_racecar/models/ar_tags/marker11/model-1_4.sdf -> /home/gera/Desktop/EUFS_FORK_CONTAINERIZED/eufs-f1-sim/ws/install/eufs_racecar/share/eufs_racecar/eufs_racecar/models/ar_tags/marker11\n'}
[1.325581] (eufs_racecar) StdoutLine: {'line': b'copying eufs_racecar/models/ar_tags/marker11/model.sdf -> /home/gera/Desktop/EUFS_FORK_CONTAINERIZED/eufs-f1-sim/ws/install/eufs_racecar/share/eufs_racecar/eufs_racecar/models/ar_tags/marker11\n'}
[1.325699] (eufs_racecar) StdoutLine: {'line': b'copying eufs_racecar/models/ar_tags/marker11/model.config -> /home/gera/Desktop/EUFS_FORK_CONTAINERIZED/eufs-f1-sim/ws/install/eufs_racecar/share/eufs_racecar/eufs_racecar/models/ar_tags/marker11\n'}
[1.325818] (eufs_racecar) StdoutLine: {'line': b'copying eufs_racecar/models/ar_tags/marker11/model-1_5.sdf -> /home/gera/Desktop/EUFS_FORK_CONTAINERIZED/eufs-f1-sim/ws/install/eufs_racecar/share/eufs_racecar/eufs_racecar/models/ar_tags/marker11\n'}
[1.325949] (eufs_racecar) StdoutLine: {'line': b'creating /home/gera/Desktop/EUFS_FORK_CONTAINERIZED/eufs-f1-sim/ws/install/eufs_racecar/share/eufs_racecar/eufs_racecar/models/ar_tags/marker11/meshes\n'}
[1.326071] (eufs_racecar) StdoutLine: {'line': b'copying eufs_racecar/models/ar_tags/marker11/meshes/Marker11.dae -> /home/gera/Desktop/EUFS_FORK_CONTAINERIZED/eufs-f1-sim/ws/install/eufs_racecar/share/eufs_racecar/eufs_racecar/models/ar_tags/marker11/meshes\n'}
[1.326209] (eufs_racecar) StdoutLine: {'line': b'creating /home/gera/Desktop/EUFS_FORK_CONTAINERIZED/eufs-f1-sim/ws/install/eufs_racecar/share/eufs_racecar/eufs_racecar/models/ar_tags/marker11/materials\n'}
[1.326331] (eufs_racecar) StdoutLine: {'line': b'creating /home/gera/Desktop/EUFS_FORK_CONTAINERIZED/eufs-f1-sim/ws/install/eufs_racecar/share/eufs_racecar/eufs_racecar/models/ar_tags/marker11/materials/textures\n'}
[1.326456] (eufs_racecar) StdoutLine: {'line': b'copying eufs_racecar/models/ar_tags/marker11/materials/textures/Marker11.png -> /home/gera/Desktop/EUFS_FORK_CONTAINERIZED/eufs-f1-sim/ws/install/eufs_racecar/share/eufs_racecar/eufs_racecar/models/ar_tags/marker11/materials/textures\n'}
[1.326581] (eufs_racecar) StdoutLine: {'line': b'creating /home/gera/Desktop/EUFS_FORK_CONTAINERIZED/eufs-f1-sim/ws/install/eufs_racecar/share/eufs_racecar/eufs_racecar/models/ar_tags/marker11/marker0\n'}
[1.326705] (eufs_racecar) StdoutLine: {'line': b'copying eufs_racecar/models/ar_tags/marker11/marker0/model.config -> /home/gera/Desktop/EUFS_FORK_CONTAINERIZED/eufs-f1-sim/ws/install/eufs_racecar/share/eufs_racecar/eufs_racecar/models/ar_tags/marker11/marker0\n'}
[1.326842] (eufs_racecar) StdoutLine: {'line': b'copying eufs_racecar/models/ar_tags/marker11/marker0/model-1_5.sdf -> /home/gera/Desktop/EUFS_FORK_CONTAINERIZED/eufs-f1-sim/ws/install/eufs_racecar/share/eufs_racecar/eufs_racecar/models/ar_tags/marker11/marker0\n'}
[1.326963] (eufs_racecar) StdoutLine: {'line': b'creating /home/gera/Desktop/EUFS_FORK_CONTAINERIZED/eufs-f1-sim/ws/install/eufs_racecar/share/eufs_racecar/eufs_racecar/models/ar_tags/marker11/marker0/marker0\n'}
[1.327082] (eufs_racecar) StdoutLine: {'line': b'copying eufs_racecar/models/ar_tags/marker11/marker0/marker0/model.config -> /home/gera/Desktop/EUFS_FORK_CONTAINERIZED/eufs-f1-sim/ws/install/eufs_racecar/share/eufs_racecar/eufs_racecar/models/ar_tags/marker11/marker0/marker0\n'}
[1.327234] (eufs_racecar) StdoutLine: {'line': b'copying eufs_racecar/models/ar_tags/marker11/marker0/marker0/model-1_5.sdf -> /home/gera/Desktop/EUFS_FORK_CONTAINERIZED/eufs-f1-sim/ws/install/eufs_racecar/share/eufs_racecar/eufs_racecar/models/ar_tags/marker11/marker0/marker0\n'}
[1.327360] (eufs_racecar) StdoutLine: {'line': b'creating /home/gera/Desktop/EUFS_FORK_CONTAINERIZED/eufs-f1-sim/ws/install/eufs_racecar/share/eufs_racecar/eufs_racecar/models/ar_tags/marker4\n'}
[1.327480] (eufs_racecar) StdoutLine: {'line': b'copying eufs_racecar/models/ar_tags/marker4/model-1_4.sdf -> /home/gera/Desktop/EUFS_FORK_CONTAINERIZED/eufs-f1-sim/ws/install/eufs_racecar/share/eufs_racecar/eufs_racecar/models/ar_tags/marker4\n'}
[1.327603] (eufs_racecar) StdoutLine: {'line': b'copying eufs_racecar/models/ar_tags/marker4/model.sdf -> /home/gera/Desktop/EUFS_FORK_CONTAINERIZED/eufs-f1-sim/ws/install/eufs_racecar/share/eufs_racecar/eufs_racecar/models/ar_tags/marker4\n'}
[1.327726] (eufs_racecar) StdoutLine: {'line': b'copying eufs_racecar/models/ar_tags/marker4/model.config -> /home/gera/Desktop/EUFS_FORK_CONTAINERIZED/eufs-f1-sim/ws/install/eufs_racecar/share/eufs_racecar/eufs_racecar/models/ar_tags/marker4\n'}
[1.327847] (eufs_racecar) StdoutLine: {'line': b'copying eufs_racecar/models/ar_tags/marker4/model-1_5.sdf -> /home/gera/Desktop/EUFS_FORK_CONTAINERIZED/eufs-f1-sim/ws/install/eufs_racecar/share/eufs_racecar/eufs_racecar/models/ar_tags/marker4\n'}
[1.327970] (eufs_racecar) StdoutLine: {'line': b'creating /home/gera/Desktop/EUFS_FORK_CONTAINERIZED/eufs-f1-sim/ws/install/eufs_racecar/share/eufs_racecar/eufs_racecar/models/ar_tags/marker4/meshes\n'}
[1.328100] (eufs_racecar) StdoutLine: {'line': b'copying eufs_racecar/models/ar_tags/marker4/meshes/Marker4.dae -> /home/gera/Desktop/EUFS_FORK_CONTAINERIZED/eufs-f1-sim/ws/install/eufs_racecar/share/eufs_racecar/eufs_racecar/models/ar_tags/marker4/meshes\n'}
[1.328244] (eufs_racecar) StdoutLine: {'line': b'creating /home/gera/Desktop/EUFS_FORK_CONTAINERIZED/eufs-f1-sim/ws/install/eufs_racecar/share/eufs_racecar/eufs_racecar/models/ar_tags/marker4/materials\n'}
[1.328367] (eufs_racecar) StdoutLine: {'line': b'creating /home/gera/Desktop/EUFS_FORK_CONTAINERIZED/eufs-f1-sim/ws/install/eufs_racecar/share/eufs_racecar/eufs_racecar/models/ar_tags/marker4/materials/textures\n'}
[1.328487] (eufs_racecar) StdoutLine: {'line': b'copying eufs_racecar/models/ar_tags/marker4/materials/textures/Marker4.png -> /home/gera/Desktop/EUFS_FORK_CONTAINERIZED/eufs-f1-sim/ws/install/eufs_racecar/share/eufs_racecar/eufs_racecar/models/ar_tags/marker4/materials/textures\n'}
[1.328610] (eufs_racecar) StdoutLine: {'line': b'creating /home/gera/Desktop/EUFS_FORK_CONTAINERIZED/eufs-f1-sim/ws/install/eufs_racecar/share/eufs_racecar/eufs_racecar/models/ar_tags/marker4/marker0\n'}
[1.328731] (eufs_racecar) StdoutLine: {'line': b'copying eufs_racecar/models/ar_tags/marker4/marker0/model.config -> /home/gera/Desktop/EUFS_FORK_CONTAINERIZED/eufs-f1-sim/ws/install/eufs_racecar/share/eufs_racecar/eufs_racecar/models/ar_tags/marker4/marker0\n'}
[1.328851] (eufs_racecar) StdoutLine: {'line': b'copying eufs_racecar/models/ar_tags/marker4/marker0/model-1_5.sdf -> /home/gera/Desktop/EUFS_FORK_CONTAINERIZED/eufs-f1-sim/ws/install/eufs_racecar/share/eufs_racecar/eufs_racecar/models/ar_tags/marker4/marker0\n'}
[1.328973] (eufs_racecar) StdoutLine: {'line': b'creating /home/gera/Desktop/EUFS_FORK_CONTAINERIZED/eufs-f1-sim/ws/install/eufs_racecar/share/eufs_racecar/eufs_racecar/models/ar_tags/marker4/marker0/marker0\n'}
[1.329096] (eufs_racecar) StdoutLine: {'line': b'copying eufs_racecar/models/ar_tags/marker4/marker0/marker0/model.config -> /home/gera/Desktop/EUFS_FORK_CONTAINERIZED/eufs-f1-sim/ws/install/eufs_racecar/share/eufs_racecar/eufs_racecar/models/ar_tags/marker4/marker0/marker0\n'}
[1.329243] (eufs_racecar) StdoutLine: {'line': b'copying eufs_racecar/models/ar_tags/marker4/marker0/marker0/model-1_5.sdf -> /home/gera/Desktop/EUFS_FORK_CONTAINERIZED/eufs-f1-sim/ws/install/eufs_racecar/share/eufs_racecar/eufs_racecar/models/ar_tags/marker4/marker0/marker0\n'}
[1.329373] (eufs_racecar) StdoutLine: {'line': b'creating /home/gera/Desktop/EUFS_FORK_CONTAINERIZED/eufs-f1-sim/ws/install/eufs_racecar/share/eufs_racecar/eufs_racecar/models/ar_tags/marker0\n'}
[1.329501] (eufs_racecar) StdoutLine: {'line': b'copying eufs_racecar/models/ar_tags/marker0/model-1_4.sdf -> /home/gera/Desktop/EUFS_FORK_CONTAINERIZED/eufs-f1-sim/ws/install/eufs_racecar/share/eufs_racecar/eufs_racecar/models/ar_tags/marker0\n'}
[1.329647] (eufs_racecar) StdoutLine: {'line': b'copying eufs_racecar/models/ar_tags/marker0/model.sdf -> /home/gera/Desktop/EUFS_FORK_CONTAINERIZED/eufs-f1-sim/ws/install/eufs_racecar/share/eufs_racecar/eufs_racecar/models/ar_tags/marker0\n'}
[1.329775] (eufs_racecar) StdoutLine: {'line': b'copying eufs_racecar/models/ar_tags/marker0/model.config -> /home/gera/Desktop/EUFS_FORK_CONTAINERIZED/eufs-f1-sim/ws/install/eufs_racecar/share/eufs_racecar/eufs_racecar/models/ar_tags/marker0\n'}
[1.329910] (eufs_racecar) StdoutLine: {'line': b'copying eufs_racecar/models/ar_tags/marker0/model-1_5.sdf -> /home/gera/Desktop/EUFS_FORK_CONTAINERIZED/eufs-f1-sim/ws/install/eufs_racecar/share/eufs_racecar/eufs_racecar/models/ar_tags/marker0\n'}
[1.330040] (eufs_racecar) StdoutLine: {'line': b'creating /home/gera/Desktop/EUFS_FORK_CONTAINERIZED/eufs-f1-sim/ws/install/eufs_racecar/share/eufs_racecar/eufs_racecar/models/ar_tags/marker0/meshes\n'}
[1.330186] (eufs_racecar) StdoutLine: {'line': b'copying eufs_racecar/models/ar_tags/marker0/meshes/Marker0.dae -> /home/gera/Desktop/EUFS_FORK_CONTAINERIZED/eufs-f1-sim/ws/install/eufs_racecar/share/eufs_racecar/eufs_racecar/models/ar_tags/marker0/meshes\n'}
[1.330341] (eufs_racecar) StdoutLine: {'line': b'creating /home/gera/Desktop/EUFS_FORK_CONTAINERIZED/eufs-f1-sim/ws/install/eufs_racecar/share/eufs_racecar/eufs_racecar/models/ar_tags/marker0/materials\n'}
[1.330467] (eufs_racecar) StdoutLine: {'line': b'creating /home/gera/Desktop/EUFS_FORK_CONTAINERIZED/eufs-f1-sim/ws/install/eufs_racecar/share/eufs_racecar/eufs_racecar/models/ar_tags/marker0/materials/textures\n'}
[1.330593] (eufs_racecar) StdoutLine: {'line': b'copying eufs_racecar/models/ar_tags/marker0/materials/textures/Marker0.png -> /home/gera/Desktop/EUFS_FORK_CONTAINERIZED/eufs-f1-sim/ws/install/eufs_racecar/share/eufs_racecar/eufs_racecar/models/ar_tags/marker0/materials/textures\n'}
[1.330720] (eufs_racecar) StdoutLine: {'line': b'creating /home/gera/Desktop/EUFS_FORK_CONTAINERIZED/eufs-f1-sim/ws/install/eufs_racecar/share/eufs_racecar/eufs_racecar/models/ar_tags/marker0/marker0\n'}
[1.330849] (eufs_racecar) StdoutLine: {'line': b'copying eufs_racecar/models/ar_tags/marker0/marker0/model.config -> /home/gera/Desktop/EUFS_FORK_CONTAINERIZED/eufs-f1-sim/ws/install/eufs_racecar/share/eufs_racecar/eufs_racecar/models/ar_tags/marker0/marker0\n'}
[1.330981] (eufs_racecar) StdoutLine: {'line': b'copying eufs_racecar/models/ar_tags/marker0/marker0/model-1_5.sdf -> /home/gera/Desktop/EUFS_FORK_CONTAINERIZED/eufs-f1-sim/ws/install/eufs_racecar/share/eufs_racecar/eufs_racecar/models/ar_tags/marker0/marker0\n'}
[1.331107] (eufs_racecar) StdoutLine: {'line': b'creating /home/gera/Desktop/EUFS_FORK_CONTAINERIZED/eufs-f1-sim/ws/install/eufs_racecar/share/eufs_racecar/eufs_racecar/models/ar_tags/marker0/marker0/marker0\n'}
[1.331261] (eufs_racecar) StdoutLine: {'line': b'copying eufs_racecar/models/ar_tags/marker0/marker0/marker0/model.config -> /home/gera/Desktop/EUFS_FORK_CONTAINERIZED/eufs-f1-sim/ws/install/eufs_racecar/share/eufs_racecar/eufs_racecar/models/ar_tags/marker0/marker0/marker0\n'}
[1.331390] (eufs_racecar) StdoutLine: {'line': b'copying eufs_racecar/models/ar_tags/marker0/marker0/marker0/model-1_5.sdf -> /home/gera/Desktop/EUFS_FORK_CONTAINERIZED/eufs-f1-sim/ws/install/eufs_racecar/share/eufs_racecar/eufs_racecar/models/ar_tags/marker0/marker0/marker0\n'}
[1.331517] (eufs_racecar) StdoutLine: {'line': b'creating /home/gera/Desktop/EUFS_FORK_CONTAINERIZED/eufs-f1-sim/ws/install/eufs_racecar/share/eufs_racecar/eufs_racecar/models/ar_tags/marker3\n'}
[1.331642] (eufs_racecar) StdoutLine: {'line': b'copying eufs_racecar/models/ar_tags/marker3/model-1_4.sdf -> /home/gera/Desktop/EUFS_FORK_CONTAINERIZED/eufs-f1-sim/ws/install/eufs_racecar/share/eufs_racecar/eufs_racecar/models/ar_tags/marker3\n'}
[1.331770] (eufs_racecar) StdoutLine: {'line': b'copying eufs_racecar/models/ar_tags/marker3/model.sdf -> /home/gera/Desktop/EUFS_FORK_CONTAINERIZED/eufs-f1-sim/ws/install/eufs_racecar/share/eufs_racecar/eufs_racecar/models/ar_tags/marker3\n'}
[1.331897] (eufs_racecar) StdoutLine: {'line': b'copying eufs_racecar/models/ar_tags/marker3/model.config -> /home/gera/Desktop/EUFS_FORK_CONTAINERIZED/eufs-f1-sim/ws/install/eufs_racecar/share/eufs_racecar/eufs_racecar/models/ar_tags/marker3\n'}
[1.332022] (eufs_racecar) StdoutLine: {'line': b'copying eufs_racecar/models/ar_tags/marker3/model-1_5.sdf -> /home/gera/Desktop/EUFS_FORK_CONTAINERIZED/eufs-f1-sim/ws/install/eufs_racecar/share/eufs_racecar/eufs_racecar/models/ar_tags/marker3\n'}
[1.332162] (eufs_racecar) StdoutLine: {'line': b'creating /home/gera/Desktop/EUFS_FORK_CONTAINERIZED/eufs-f1-sim/ws/install/eufs_racecar/share/eufs_racecar/eufs_racecar/models/ar_tags/marker3/meshes\n'}
[1.332295] (eufs_racecar) StdoutLine: {'line': b'copying eufs_racecar/models/ar_tags/marker3/meshes/Marker3.dae -> /home/gera/Desktop/EUFS_FORK_CONTAINERIZED/eufs-f1-sim/ws/install/eufs_racecar/share/eufs_racecar/eufs_racecar/models/ar_tags/marker3/meshes\n'}
[1.332419] (eufs_racecar) StdoutLine: {'line': b'creating /home/gera/Desktop/EUFS_FORK_CONTAINERIZED/eufs-f1-sim/ws/install/eufs_racecar/share/eufs_racecar/eufs_racecar/models/ar_tags/marker3/materials\n'}
[1.332570] (eufs_racecar) StdoutLine: {'line': b'creating /home/gera/Desktop/EUFS_FORK_CONTAINERIZED/eufs-f1-sim/ws/install/eufs_racecar/share/eufs_racecar/eufs_racecar/models/ar_tags/marker3/materials/textures\n'}
[1.332698] (eufs_racecar) StdoutLine: {'line': b'copying eufs_racecar/models/ar_tags/marker3/materials/textures/Marker3.png -> /home/gera/Desktop/EUFS_FORK_CONTAINERIZED/eufs-f1-sim/ws/install/eufs_racecar/share/eufs_racecar/eufs_racecar/models/ar_tags/marker3/materials/textures\n'}
[1.332820] (eufs_racecar) StdoutLine: {'line': b'creating /home/gera/Desktop/EUFS_FORK_CONTAINERIZED/eufs-f1-sim/ws/install/eufs_racecar/share/eufs_racecar/eufs_racecar/models/ar_tags/marker3/marker0\n'}
[1.332941] (eufs_racecar) StdoutLine: {'line': b'copying eufs_racecar/models/ar_tags/marker3/marker0/model.config -> /home/gera/Desktop/EUFS_FORK_CONTAINERIZED/eufs-f1-sim/ws/install/eufs_racecar/share/eufs_racecar/eufs_racecar/models/ar_tags/marker3/marker0\n'}
[1.333059] (eufs_racecar) StdoutLine: {'line': b'copying eufs_racecar/models/ar_tags/marker3/marker0/model-1_5.sdf -> /home/gera/Desktop/EUFS_FORK_CONTAINERIZED/eufs-f1-sim/ws/install/eufs_racecar/share/eufs_racecar/eufs_racecar/models/ar_tags/marker3/marker0\n'}
[1.333194] (eufs_racecar) StdoutLine: {'line': b'creating /home/gera/Desktop/EUFS_FORK_CONTAINERIZED/eufs-f1-sim/ws/install/eufs_racecar/share/eufs_racecar/eufs_racecar/models/ar_tags/marker3/marker0/marker0\n'}
[1.333320] (eufs_racecar) StdoutLine: {'line': b'copying eufs_racecar/models/ar_tags/marker3/marker0/marker0/model.config -> /home/gera/Desktop/EUFS_FORK_CONTAINERIZED/eufs-f1-sim/ws/install/eufs_racecar/share/eufs_racecar/eufs_racecar/models/ar_tags/marker3/marker0/marker0\n'}
[1.333442] (eufs_racecar) StdoutLine: {'line': b'copying eufs_racecar/models/ar_tags/marker3/marker0/marker0/model-1_5.sdf -> /home/gera/Desktop/EUFS_FORK_CONTAINERIZED/eufs-f1-sim/ws/install/eufs_racecar/share/eufs_racecar/eufs_racecar/models/ar_tags/marker3/marker0/marker0\n'}
[1.333562] (eufs_racecar) StdoutLine: {'line': b'creating /home/gera/Desktop/EUFS_FORK_CONTAINERIZED/eufs-f1-sim/ws/install/eufs_racecar/share/eufs_racecar/eufs_racecar/models/walker_racecourse\n'}
[1.333681] (eufs_racecar) StdoutLine: {'line': b'copying eufs_racecar/models/walker_racecourse/model.sdf -> /home/gera/Desktop/EUFS_FORK_CONTAINERIZED/eufs-f1-sim/ws/install/eufs_racecar/share/eufs_racecar/eufs_racecar/models/walker_racecourse\n'}
[1.333800] (eufs_racecar) StdoutLine: {'line': b'copying eufs_racecar/models/walker_racecourse/model.config -> /home/gera/Desktop/EUFS_FORK_CONTAINERIZED/eufs-f1-sim/ws/install/eufs_racecar/share/eufs_racecar/eufs_racecar/models/walker_racecourse\n'}
[1.333917] (eufs_racecar) StdoutLine: {'line': b'creating /home/gera/Desktop/EUFS_FORK_CONTAINERIZED/eufs-f1-sim/ws/install/eufs_racecar/share/eufs_racecar/eufs_racecar/models/cone\n'}
[1.334034] (eufs_racecar) StdoutLine: {'line': b'copying eufs_racecar/models/cone/model.sdf -> /home/gera/Desktop/EUFS_FORK_CONTAINERIZED/eufs-f1-sim/ws/install/eufs_racecar/share/eufs_racecar/eufs_racecar/models/cone\n'}
[1.334161] (eufs_racecar) StdoutLine: {'line': b'copying eufs_racecar/models/cone/model.config -> /home/gera/Desktop/EUFS_FORK_CONTAINERIZED/eufs-f1-sim/ws/install/eufs_racecar/share/eufs_racecar/eufs_racecar/models/cone\n'}
[1.334287] (eufs_racecar) StdoutLine: {'line': b'running install_egg_info\n'}
[1.334405] (eufs_racecar) StdoutLine: {'line': b'Copying ../../build/eufs_racecar/eufs_racecar.egg-info to /home/gera/Desktop/EUFS_FORK_CONTAINERIZED/eufs-f1-sim/ws/install/eufs_racecar/lib/python3.10/site-packages/eufs_racecar-2.1.0-py3.10.egg-info\n'}
[1.334525] (eufs_racecar) StdoutLine: {'line': b'running install_scripts\n'}
[1.354437] (eufs_racecar) StdoutLine: {'line': b"writing list of installed files to '/home/gera/Desktop/EUFS_FORK_CONTAINERIZED/eufs-f1-sim/ws/build/eufs_racecar/install.log'\n"}
[1.391458] (eufs_racecar) CommandEnded: {'returncode': 0}
[1.402765] (-) TimerEvent: {}
[1.423234] (eufs_racecar) JobEnded: {'identifier': 'eufs_racecar', 'rc': 0}
[1.425150] (-) EventReactorShutdown: {}
