[0.105s] colcon DEBUG Command line arguments: ['/usr/bin/colcon', 'build', '--packages-select', 'eufs_racecar']
[0.105s] colcon DEBUG Parsed command line arguments: Namespace(log_base=None, log_level=None, verb_name='build', build_base='build', install_base='install', merge_install=False, symlink_install=False, test_result_base=None, continue_on_error=False, executor='parallel', parallel_workers=20, event_handlers=None, ignore_user_meta=False, metas=['./colcon.meta'], base_paths=['.'], packages_ignore=None, packages_ignore_regex=None, paths=None, packages_up_to=None, packages_up_to_regex=None, packages_above=None, packages_above_and_dependencies=None, packages_above_depth=None, packages_select_by_dep=None, packages_skip_by_dep=None, packages_skip_up_to=None, packages_select_build_failed=False, packages_skip_build_finished=False, packages_select_test_failures=False, packages_skip_test_passed=False, packages_select=['eufs_racecar'], packages_skip=None, packages_select_regex=None, packages_skip_regex=None, packages_start=None, packages_end=None, allow_overriding=[], cmake_args=None, cmake_target=None, cmake_target_skip_unavailable=False, cmake_clean_cache=False, cmake_clean_first=False, cmake_force_configure=False, ament_cmake_args=None, catkin_cmake_args=None, catkin_skip_building_tests=False, mixin_files=None, mixin=None, verb_parser=<colcon_mixin.mixin.mixin_argument.MixinArgumentDecorator object at 0x7672144b7790>, verb_extension=<colcon_core.verb.build.BuildVerb object at 0x7672144b69e0>, main=<bound method BuildVerb.main of <colcon_core.verb.build.BuildVerb object at 0x7672144b69e0>>, mixin_verb=('build',))
[0.291s] colcon.colcon_core.package_discovery Level 1 discover_packages(colcon_meta) check parameters
[0.291s] colcon.colcon_core.package_discovery Level 1 discover_packages(recursive) check parameters
[0.291s] colcon.colcon_core.package_discovery Level 1 discover_packages(ignore) check parameters
[0.291s] colcon.colcon_core.package_discovery Level 1 discover_packages(path) check parameters
[0.291s] colcon.colcon_core.package_discovery Level 1 discover_packages(colcon_meta) discover
[0.291s] colcon.colcon_core.package_discovery Level 1 discover_packages(recursive) discover
[0.292s] colcon.colcon_core.package_discovery INFO Crawling recursively for packages in '/home/gera/Desktop/EUFS_FORK_CONTAINERIZED/eufs-f1-sim/ws'
[0.292s] colcon.colcon_core.package_identification Level 1 _identify(.) by extensions ['ignore', 'ignore_ament_install']
[0.292s] colcon.colcon_core.package_identification Level 1 _identify(.) by extension 'ignore'
[0.292s] colcon.colcon_core.package_identification Level 1 _identify(.) by extension 'ignore_ament_install'
[0.292s] colcon.colcon_core.package_identification Level 1 _identify(.) by extensions ['colcon_pkg']
[0.292s] colcon.colcon_core.package_identification Level 1 _identify(.) by extension 'colcon_pkg'
[0.292s] colcon.colcon_core.package_identification Level 1 _identify(.) by extensions ['colcon_meta']
[0.292s] colcon.colcon_core.package_identification Level 1 _identify(.) by extension 'colcon_meta'
[0.292s] colcon.colcon_core.package_identification Level 1 _identify(.) by extensions ['ros']
[0.292s] colcon.colcon_core.package_identification Level 1 _identify(.) by extension 'ros'
[0.320s] colcon.colcon_core.package_identification Level 1 _identify(.) by extensions ['cmake', 'python']
[0.320s] colcon.colcon_core.package_identification Level 1 _identify(.) by extension 'cmake'
[0.320s] colcon.colcon_core.package_identification Level 1 _identify(.) by extension 'python'
[0.320s] colcon.colcon_core.package_identification Level 1 _identify(.) by extensions ['python_setup_py']
[0.320s] colcon.colcon_core.package_identification Level 1 _identify(.) by extension 'python_setup_py'
[0.320s] colcon.colcon_core.package_identification Level 1 _identify(build) by extensions ['ignore', 'ignore_ament_install']
[0.320s] colcon.colcon_core.package_identification Level 1 _identify(build) by extension 'ignore'
[0.321s] colcon.colcon_core.package_identification Level 1 _identify(build) ignored
[0.321s] colcon.colcon_core.package_identification Level 1 _identify(install) by extensions ['ignore', 'ignore_ament_install']
[0.321s] colcon.colcon_core.package_identification Level 1 _identify(install) by extension 'ignore'
[0.321s] colcon.colcon_core.package_identification Level 1 _identify(install) ignored
[0.321s] colcon.colcon_core.package_identification Level 1 _identify(log) by extensions ['ignore', 'ignore_ament_install']
[0.321s] colcon.colcon_core.package_identification Level 1 _identify(log) by extension 'ignore'
[0.321s] colcon.colcon_core.package_identification Level 1 _identify(log) ignored
[0.321s] colcon.colcon_core.package_identification Level 1 _identify(src) by extensions ['ignore', 'ignore_ament_install']
[0.321s] colcon.colcon_core.package_identification Level 1 _identify(src) by extension 'ignore'
[0.321s] colcon.colcon_core.package_identification Level 1 _identify(src) by extension 'ignore_ament_install'
[0.322s] colcon.colcon_core.package_identification Level 1 _identify(src) by extensions ['colcon_pkg']
[0.322s] colcon.colcon_core.package_identification Level 1 _identify(src) by extension 'colcon_pkg'
[0.322s] colcon.colcon_core.package_identification Level 1 _identify(src) by extensions ['colcon_meta']
[0.322s] colcon.colcon_core.package_identification Level 1 _identify(src) by extension 'colcon_meta'
[0.322s] colcon.colcon_core.package_identification Level 1 _identify(src) by extensions ['ros']
[0.322s] colcon.colcon_core.package_identification Level 1 _identify(src) by extension 'ros'
[0.322s] colcon.colcon_core.package_identification Level 1 _identify(src) by extensions ['cmake', 'python']
[0.322s] colcon.colcon_core.package_identification Level 1 _identify(src) by extension 'cmake'
[0.322s] colcon.colcon_core.package_identification Level 1 _identify(src) by extension 'python'
[0.322s] colcon.colcon_core.package_identification Level 1 _identify(src) by extensions ['python_setup_py']
[0.322s] colcon.colcon_core.package_identification Level 1 _identify(src) by extension 'python_setup_py'
[0.322s] colcon.colcon_core.package_identification Level 1 _identify(src/eufs_msgs) by extensions ['ignore', 'ignore_ament_install']
[0.322s] colcon.colcon_core.package_identification Level 1 _identify(src/eufs_msgs) by extension 'ignore'
[0.322s] colcon.colcon_core.package_identification Level 1 _identify(src/eufs_msgs) by extension 'ignore_ament_install'
[0.322s] colcon.colcon_core.package_identification Level 1 _identify(src/eufs_msgs) by extensions ['colcon_pkg']
[0.322s] colcon.colcon_core.package_identification Level 1 _identify(src/eufs_msgs) by extension 'colcon_pkg'
[0.322s] colcon.colcon_core.package_identification Level 1 _identify(src/eufs_msgs) by extensions ['colcon_meta']
[0.322s] colcon.colcon_core.package_identification Level 1 _identify(src/eufs_msgs) by extension 'colcon_meta'
[0.323s] colcon.colcon_core.package_identification Level 1 _identify(src/eufs_msgs) by extensions ['ros']
[0.323s] colcon.colcon_core.package_identification Level 1 _identify(src/eufs_msgs) by extension 'ros'
[0.328s] colcon.colcon_core.package_identification DEBUG Package 'src/eufs_msgs' with type 'ros.ament_cmake' and name 'eufs_msgs'
[0.328s] colcon.colcon_core.package_identification Level 1 _identify(src/eufs_racecar) by extensions ['ignore', 'ignore_ament_install']
[0.328s] colcon.colcon_core.package_identification Level 1 _identify(src/eufs_racecar) by extension 'ignore'
[0.328s] colcon.colcon_core.package_identification Level 1 _identify(src/eufs_racecar) by extension 'ignore_ament_install'
[0.328s] colcon.colcon_core.package_identification Level 1 _identify(src/eufs_racecar) by extensions ['colcon_pkg']
[0.328s] colcon.colcon_core.package_identification Level 1 _identify(src/eufs_racecar) by extension 'colcon_pkg'
[0.328s] colcon.colcon_core.package_identification Level 1 _identify(src/eufs_racecar) by extensions ['colcon_meta']
[0.328s] colcon.colcon_core.package_identification Level 1 _identify(src/eufs_racecar) by extension 'colcon_meta'
[0.328s] colcon.colcon_core.package_identification Level 1 _identify(src/eufs_racecar) by extensions ['ros']
[0.328s] colcon.colcon_core.package_identification Level 1 _identify(src/eufs_racecar) by extension 'ros'
[0.330s] colcon.colcon_core.package_identification DEBUG Package 'src/eufs_racecar' with type 'ros.ament_python' and name 'eufs_racecar'
[0.330s] colcon.colcon_core.package_identification Level 1 _identify(src/eufs_sim) by extensions ['ignore', 'ignore_ament_install']
[0.330s] colcon.colcon_core.package_identification Level 1 _identify(src/eufs_sim) by extension 'ignore'
[0.330s] colcon.colcon_core.package_identification Level 1 _identify(src/eufs_sim) by extension 'ignore_ament_install'
[0.330s] colcon.colcon_core.package_identification Level 1 _identify(src/eufs_sim) by extensions ['colcon_pkg']
[0.330s] colcon.colcon_core.package_identification Level 1 _identify(src/eufs_sim) by extension 'colcon_pkg'
[0.330s] colcon.colcon_core.package_identification Level 1 _identify(src/eufs_sim) by extensions ['colcon_meta']
[0.330s] colcon.colcon_core.package_identification Level 1 _identify(src/eufs_sim) by extension 'colcon_meta'
[0.330s] colcon.colcon_core.package_identification Level 1 _identify(src/eufs_sim) by extensions ['ros']
[0.331s] colcon.colcon_core.package_identification Level 1 _identify(src/eufs_sim) by extension 'ros'
[0.331s] colcon.colcon_core.package_identification Level 1 _identify(src/eufs_sim) by extensions ['cmake', 'python']
[0.331s] colcon.colcon_core.package_identification Level 1 _identify(src/eufs_sim) by extension 'cmake'
[0.331s] colcon.colcon_core.package_identification Level 1 _identify(src/eufs_sim) by extension 'python'
[0.331s] colcon.colcon_core.package_identification Level 1 _identify(src/eufs_sim) by extensions ['python_setup_py']
[0.331s] colcon.colcon_core.package_identification Level 1 _identify(src/eufs_sim) by extension 'python_setup_py'
[0.331s] colcon.colcon_core.package_identification Level 1 _identify(src/eufs_sim/eufs_launcher) by extensions ['ignore', 'ignore_ament_install']
[0.331s] colcon.colcon_core.package_identification Level 1 _identify(src/eufs_sim/eufs_launcher) by extension 'ignore'
[0.331s] colcon.colcon_core.package_identification Level 1 _identify(src/eufs_sim/eufs_launcher) by extension 'ignore_ament_install'
[0.331s] colcon.colcon_core.package_identification Level 1 _identify(src/eufs_sim/eufs_launcher) by extensions ['colcon_pkg']
[0.331s] colcon.colcon_core.package_identification Level 1 _identify(src/eufs_sim/eufs_launcher) by extension 'colcon_pkg'
[0.331s] colcon.colcon_core.package_identification Level 1 _identify(src/eufs_sim/eufs_launcher) by extensions ['colcon_meta']
[0.331s] colcon.colcon_core.package_identification Level 1 _identify(src/eufs_sim/eufs_launcher) by extension 'colcon_meta'
[0.331s] colcon.colcon_core.package_identification Level 1 _identify(src/eufs_sim/eufs_launcher) by extensions ['ros']
[0.331s] colcon.colcon_core.package_identification Level 1 _identify(src/eufs_sim/eufs_launcher) by extension 'ros'
[0.333s] colcon.colcon_core.package_identification DEBUG Package 'src/eufs_sim/eufs_launcher' with type 'ros.ament_python' and name 'eufs_launcher'
[0.333s] colcon.colcon_core.package_identification Level 1 _identify(src/eufs_sim/eufs_models) by extensions ['ignore', 'ignore_ament_install']
[0.333s] colcon.colcon_core.package_identification Level 1 _identify(src/eufs_sim/eufs_models) by extension 'ignore'
[0.334s] colcon.colcon_core.package_identification Level 1 _identify(src/eufs_sim/eufs_models) by extension 'ignore_ament_install'
[0.334s] colcon.colcon_core.package_identification Level 1 _identify(src/eufs_sim/eufs_models) by extensions ['colcon_pkg']
[0.334s] colcon.colcon_core.package_identification Level 1 _identify(src/eufs_sim/eufs_models) by extension 'colcon_pkg'
[0.334s] colcon.colcon_core.package_identification Level 1 _identify(src/eufs_sim/eufs_models) by extensions ['colcon_meta']
[0.334s] colcon.colcon_core.package_identification Level 1 _identify(src/eufs_sim/eufs_models) by extension 'colcon_meta'
[0.334s] colcon.colcon_core.package_identification Level 1 _identify(src/eufs_sim/eufs_models) by extensions ['ros']
[0.334s] colcon.colcon_core.package_identification Level 1 _identify(src/eufs_sim/eufs_models) by extension 'ros'
[0.335s] colcon.colcon_core.package_identification DEBUG Package 'src/eufs_sim/eufs_models' with type 'ros.ament_cmake' and name 'eufs_models'
[0.335s] colcon.colcon_core.package_identification Level 1 _identify(src/eufs_sim/eufs_plugins) by extensions ['ignore', 'ignore_ament_install']
[0.335s] colcon.colcon_core.package_identification Level 1 _identify(src/eufs_sim/eufs_plugins) by extension 'ignore'
[0.335s] colcon.colcon_core.package_identification Level 1 _identify(src/eufs_sim/eufs_plugins) by extension 'ignore_ament_install'
[0.335s] colcon.colcon_core.package_identification Level 1 _identify(src/eufs_sim/eufs_plugins) by extensions ['colcon_pkg']
[0.335s] colcon.colcon_core.package_identification Level 1 _identify(src/eufs_sim/eufs_plugins) by extension 'colcon_pkg'
[0.335s] colcon.colcon_core.package_identification Level 1 _identify(src/eufs_sim/eufs_plugins) by extensions ['colcon_meta']
[0.335s] colcon.colcon_core.package_identification Level 1 _identify(src/eufs_sim/eufs_plugins) by extension 'colcon_meta'
[0.335s] colcon.colcon_core.package_identification Level 1 _identify(src/eufs_sim/eufs_plugins) by extensions ['ros']
[0.335s] colcon.colcon_core.package_identification Level 1 _identify(src/eufs_sim/eufs_plugins) by extension 'ros'
[0.338s] colcon.colcon_core.package_identification DEBUG Package 'src/eufs_sim/eufs_plugins' with type 'ros.ament_cmake' and name 'eufs_plugins'
[0.338s] colcon.colcon_core.package_identification Level 1 _identify(src/eufs_sim/eufs_rqt) by extensions ['ignore', 'ignore_ament_install']
[0.338s] colcon.colcon_core.package_identification Level 1 _identify(src/eufs_sim/eufs_rqt) by extension 'ignore'
[0.338s] colcon.colcon_core.package_identification Level 1 _identify(src/eufs_sim/eufs_rqt) by extension 'ignore_ament_install'
[0.338s] colcon.colcon_core.package_identification Level 1 _identify(src/eufs_sim/eufs_rqt) by extensions ['colcon_pkg']
[0.338s] colcon.colcon_core.package_identification Level 1 _identify(src/eufs_sim/eufs_rqt) by extension 'colcon_pkg'
[0.338s] colcon.colcon_core.package_identification Level 1 _identify(src/eufs_sim/eufs_rqt) by extensions ['colcon_meta']
[0.338s] colcon.colcon_core.package_identification Level 1 _identify(src/eufs_sim/eufs_rqt) by extension 'colcon_meta'
[0.338s] colcon.colcon_core.package_identification Level 1 _identify(src/eufs_sim/eufs_rqt) by extensions ['ros']
[0.338s] colcon.colcon_core.package_identification Level 1 _identify(src/eufs_sim/eufs_rqt) by extension 'ros'
[0.340s] colcon.colcon_core.package_identification DEBUG Package 'src/eufs_sim/eufs_rqt' with type 'ros.ament_python' and name 'eufs_rqt'
[0.340s] colcon.colcon_core.package_identification Level 1 _identify(src/eufs_sim/eufs_sensors) by extensions ['ignore', 'ignore_ament_install']
[0.340s] colcon.colcon_core.package_identification Level 1 _identify(src/eufs_sim/eufs_sensors) by extension 'ignore'
[0.340s] colcon.colcon_core.package_identification Level 1 _identify(src/eufs_sim/eufs_sensors) by extension 'ignore_ament_install'
[0.340s] colcon.colcon_core.package_identification Level 1 _identify(src/eufs_sim/eufs_sensors) by extensions ['colcon_pkg']
[0.340s] colcon.colcon_core.package_identification Level 1 _identify(src/eufs_sim/eufs_sensors) by extension 'colcon_pkg'
[0.340s] colcon.colcon_core.package_identification Level 1 _identify(src/eufs_sim/eufs_sensors) by extensions ['colcon_meta']
[0.340s] colcon.colcon_core.package_identification Level 1 _identify(src/eufs_sim/eufs_sensors) by extension 'colcon_meta'
[0.340s] colcon.colcon_core.package_identification Level 1 _identify(src/eufs_sim/eufs_sensors) by extensions ['ros']
[0.340s] colcon.colcon_core.package_identification Level 1 _identify(src/eufs_sim/eufs_sensors) by extension 'ros'
[0.343s] colcon.colcon_core.package_identification DEBUG Package 'src/eufs_sim/eufs_sensors' with type 'ros.ament_cmake' and name 'eufs_sensors'
[0.343s] colcon.colcon_core.package_identification Level 1 _identify(src/eufs_sim/eufs_tracks) by extensions ['ignore', 'ignore_ament_install']
[0.343s] colcon.colcon_core.package_identification Level 1 _identify(src/eufs_sim/eufs_tracks) by extension 'ignore'
[0.343s] colcon.colcon_core.package_identification Level 1 _identify(src/eufs_sim/eufs_tracks) by extension 'ignore_ament_install'
[0.343s] colcon.colcon_core.package_identification Level 1 _identify(src/eufs_sim/eufs_tracks) by extensions ['colcon_pkg']
[0.343s] colcon.colcon_core.package_identification Level 1 _identify(src/eufs_sim/eufs_tracks) by extension 'colcon_pkg'
[0.343s] colcon.colcon_core.package_identification Level 1 _identify(src/eufs_sim/eufs_tracks) by extensions ['colcon_meta']
[0.343s] colcon.colcon_core.package_identification Level 1 _identify(src/eufs_sim/eufs_tracks) by extension 'colcon_meta'
[0.343s] colcon.colcon_core.package_identification Level 1 _identify(src/eufs_sim/eufs_tracks) by extensions ['ros']
[0.343s] colcon.colcon_core.package_identification Level 1 _identify(src/eufs_sim/eufs_tracks) by extension 'ros'
[0.345s] colcon.colcon_core.package_identification DEBUG Package 'src/eufs_sim/eufs_tracks' with type 'ros.ament_python' and name 'eufs_tracks'
[0.345s] colcon.colcon_core.package_identification Level 1 _identify(src/gazebo_ros_battery) by extensions ['ignore', 'ignore_ament_install']
[0.346s] colcon.colcon_core.package_identification Level 1 _identify(src/gazebo_ros_battery) by extension 'ignore'
[0.346s] colcon.colcon_core.package_identification Level 1 _identify(src/gazebo_ros_battery) by extension 'ignore_ament_install'
[0.346s] colcon.colcon_core.package_identification Level 1 _identify(src/gazebo_ros_battery) by extensions ['colcon_pkg']
[0.346s] colcon.colcon_core.package_identification Level 1 _identify(src/gazebo_ros_battery) by extension 'colcon_pkg'
[0.346s] colcon.colcon_core.package_identification Level 1 _identify(src/gazebo_ros_battery) by extensions ['colcon_meta']
[0.346s] colcon.colcon_core.package_identification Level 1 _identify(src/gazebo_ros_battery) by extension 'colcon_meta'
[0.346s] colcon.colcon_core.package_identification Level 1 _identify(src/gazebo_ros_battery) by extensions ['ros']
[0.346s] colcon.colcon_core.package_identification Level 1 _identify(src/gazebo_ros_battery) by extension 'ros'
[0.347s] colcon.colcon_core.package_identification DEBUG Package 'src/gazebo_ros_battery' with type 'ros.ament_cmake' and name 'gazebo_ros_battery'
[0.347s] colcon.colcon_core.package_discovery Level 1 discover_packages(recursive) using defaults
[0.347s] colcon.colcon_core.package_discovery Level 1 discover_packages(ignore) discover
[0.347s] colcon.colcon_core.package_discovery Level 1 discover_packages(ignore) using defaults
[0.347s] colcon.colcon_core.package_discovery Level 1 discover_packages(path) discover
[0.347s] colcon.colcon_core.package_discovery Level 1 discover_packages(path) using defaults
[0.377s] colcon.colcon_core.package_selection INFO Skipping not selected package 'eufs_msgs' in 'src/eufs_msgs'
[0.377s] colcon.colcon_core.package_selection INFO Skipping not selected package 'eufs_sensors' in 'src/eufs_sim/eufs_sensors'
[0.377s] colcon.colcon_core.package_selection INFO Skipping not selected package 'eufs_tracks' in 'src/eufs_sim/eufs_tracks'
[0.377s] colcon.colcon_core.package_selection INFO Skipping not selected package 'gazebo_ros_battery' in 'src/gazebo_ros_battery'
[0.377s] colcon.colcon_core.package_selection INFO Skipping not selected package 'eufs_launcher' in 'src/eufs_sim/eufs_launcher'
[0.377s] colcon.colcon_core.package_selection INFO Skipping not selected package 'eufs_models' in 'src/eufs_sim/eufs_models'
[0.377s] colcon.colcon_core.package_selection INFO Skipping not selected package 'eufs_rqt' in 'src/eufs_sim/eufs_rqt'
[0.378s] colcon.colcon_core.package_selection INFO Skipping not selected package 'eufs_plugins' in 'src/eufs_sim/eufs_plugins'
[0.378s] colcon.colcon_core.package_discovery Level 1 discover_packages(prefix_path) check parameters
[0.378s] colcon.colcon_core.package_discovery Level 1 discover_packages(prefix_path) discover
[0.382s] colcon.colcon_installed_package_information.package_discovery DEBUG Found 12 installed packages in /home/gera/eufs_simulator/install
[0.383s] colcon.colcon_installed_package_information.package_discovery DEBUG Found 17 installed packages in /home/gera/zed2i_ros2/install
[0.385s] colcon.colcon_installed_package_information.package_discovery DEBUG Found 355 installed packages in /opt/ros/humble
[0.388s] colcon.colcon_core.package_discovery Level 1 discover_packages(prefix_path) using defaults
[0.448s] colcon.colcon_core.verb Level 5 set package 'eufs_racecar' build argument 'cmake_args' from command line to 'None'
[0.448s] colcon.colcon_core.verb Level 5 set package 'eufs_racecar' build argument 'cmake_target' from command line to 'None'
[0.448s] colcon.colcon_core.verb Level 5 set package 'eufs_racecar' build argument 'cmake_target_skip_unavailable' from command line to 'False'
[0.448s] colcon.colcon_core.verb Level 5 set package 'eufs_racecar' build argument 'cmake_clean_cache' from command line to 'False'
[0.448s] colcon.colcon_core.verb Level 5 set package 'eufs_racecar' build argument 'cmake_clean_first' from command line to 'False'
[0.448s] colcon.colcon_core.verb Level 5 set package 'eufs_racecar' build argument 'cmake_force_configure' from command line to 'False'
[0.448s] colcon.colcon_core.verb Level 5 set package 'eufs_racecar' build argument 'ament_cmake_args' from command line to 'None'
[0.448s] colcon.colcon_core.verb Level 5 set package 'eufs_racecar' build argument 'catkin_cmake_args' from command line to 'None'
[0.448s] colcon.colcon_core.verb Level 5 set package 'eufs_racecar' build argument 'catkin_skip_building_tests' from command line to 'False'
[0.448s] colcon.colcon_core.verb DEBUG Building package 'eufs_racecar' with the following arguments: {'ament_cmake_args': None, 'build_base': '/home/gera/Desktop/EUFS_FORK_CONTAINERIZED/eufs-f1-sim/ws/build/eufs_racecar', 'catkin_cmake_args': None, 'catkin_skip_building_tests': False, 'cmake_args': None, 'cmake_clean_cache': False, 'cmake_clean_first': False, 'cmake_force_configure': False, 'cmake_target': None, 'cmake_target_skip_unavailable': False, 'install_base': '/home/gera/Desktop/EUFS_FORK_CONTAINERIZED/eufs-f1-sim/ws/install/eufs_racecar', 'merge_install': False, 'path': '/home/gera/Desktop/EUFS_FORK_CONTAINERIZED/eufs-f1-sim/ws/src/eufs_racecar', 'symlink_install': False, 'test_result_base': None}
[0.449s] colcon.colcon_core.executor INFO Executing jobs using 'parallel' executor
[0.450s] colcon.colcon_parallel_executor.executor.parallel DEBUG run_until_complete
[0.450s] colcon.colcon_ros.task.ament_python.build INFO Building ROS package in '/home/gera/Desktop/EUFS_FORK_CONTAINERIZED/eufs-f1-sim/ws/src/eufs_racecar' with build type 'ament_python'
[0.451s] colcon.colcon_core.shell Level 1 create_environment_hook('eufs_racecar', 'ament_prefix_path')
[0.454s] colcon.colcon_core.plugin_system INFO Skipping extension 'colcon_core.shell.bat': Not used on non-Windows systems
[0.454s] colcon.colcon_core.shell INFO Creating environment hook '/home/gera/Desktop/EUFS_FORK_CONTAINERIZED/eufs-f1-sim/ws/install/eufs_racecar/share/eufs_racecar/hook/ament_prefix_path.ps1'
[0.455s] colcon.colcon_core.shell INFO Creating environment descriptor '/home/gera/Desktop/EUFS_FORK_CONTAINERIZED/eufs-f1-sim/ws/install/eufs_racecar/share/eufs_racecar/hook/ament_prefix_path.dsv'
[0.455s] colcon.colcon_core.shell INFO Creating environment hook '/home/gera/Desktop/EUFS_FORK_CONTAINERIZED/eufs-f1-sim/ws/install/eufs_racecar/share/eufs_racecar/hook/ament_prefix_path.sh'
[0.456s] colcon.colcon_core.shell INFO Skip shell extension 'powershell' for command environment: Not usable outside of PowerShell
[0.456s] colcon.colcon_core.shell DEBUG Skip shell extension 'dsv' for command environment
[0.876s] colcon.colcon_core.task.python.build INFO Building Python package in '/home/gera/Desktop/EUFS_FORK_CONTAINERIZED/eufs-f1-sim/ws/src/eufs_racecar'
[0.876s] colcon.colcon_core.shell INFO Skip shell extension 'powershell' for command environment: Not usable outside of PowerShell
[0.877s] colcon.colcon_core.shell DEBUG Skip shell extension 'dsv' for command environment
[1.336s] colcon.colcon_core.event_handler.log_command DEBUG Invoking command in '/home/gera/Desktop/EUFS_FORK_CONTAINERIZED/eufs-f1-sim/ws/src/eufs_racecar': PYTHONPATH=/home/gera/Desktop/EUFS_FORK_CONTAINERIZED/eufs-f1-sim/ws/build/eufs_racecar/prefix_override:/usr/lib/python3/dist-packages/colcon_core/task/python/colcon_distutils_commands:/home/gera/Desktop/EUFS_FORK_CONTAINERIZED/eufs-f1-sim/ws/install/eufs_racecar/lib/python3.10/site-packages:${PYTHONPATH} /usr/bin/python3 -W ignore:setup.py install is deprecated -W ignore:easy_install command is deprecated setup.py egg_info --egg-base ../../build/eufs_racecar build --build-base /home/gera/Desktop/EUFS_FORK_CONTAINERIZED/eufs-f1-sim/ws/build/eufs_racecar/build install --record /home/gera/Desktop/EUFS_FORK_CONTAINERIZED/eufs-f1-sim/ws/build/eufs_racecar/install.log --single-version-externally-managed install_data
[1.843s] colcon.colcon_core.event_handler.log_command DEBUG Invoked command in '/home/gera/Desktop/EUFS_FORK_CONTAINERIZED/eufs-f1-sim/ws/src/eufs_racecar' returned '0': PYTHONPATH=/home/gera/Desktop/EUFS_FORK_CONTAINERIZED/eufs-f1-sim/ws/build/eufs_racecar/prefix_override:/usr/lib/python3/dist-packages/colcon_core/task/python/colcon_distutils_commands:/home/gera/Desktop/EUFS_FORK_CONTAINERIZED/eufs-f1-sim/ws/install/eufs_racecar/lib/python3.10/site-packages:${PYTHONPATH} /usr/bin/python3 -W ignore:setup.py install is deprecated -W ignore:easy_install command is deprecated setup.py egg_info --egg-base ../../build/eufs_racecar build --build-base /home/gera/Desktop/EUFS_FORK_CONTAINERIZED/eufs-f1-sim/ws/build/eufs_racecar/build install --record /home/gera/Desktop/EUFS_FORK_CONTAINERIZED/eufs-f1-sim/ws/build/eufs_racecar/install.log --single-version-externally-managed install_data
[1.852s] colcon.colcon_core.environment Level 1 checking '/home/gera/Desktop/EUFS_FORK_CONTAINERIZED/eufs-f1-sim/ws/install/eufs_racecar' for CMake module files
[1.854s] colcon.colcon_core.environment Level 1 checking '/home/gera/Desktop/EUFS_FORK_CONTAINERIZED/eufs-f1-sim/ws/install/eufs_racecar' for CMake config files
[1.859s] colcon.colcon_core.environment Level 1 checking '/home/gera/Desktop/EUFS_FORK_CONTAINERIZED/eufs-f1-sim/ws/install/eufs_racecar/lib'
[1.859s] colcon.colcon_core.environment Level 1 checking '/home/gera/Desktop/EUFS_FORK_CONTAINERIZED/eufs-f1-sim/ws/install/eufs_racecar/bin'
[1.860s] colcon.colcon_core.environment Level 1 checking '/home/gera/Desktop/EUFS_FORK_CONTAINERIZED/eufs-f1-sim/ws/install/eufs_racecar/lib/pkgconfig/eufs_racecar.pc'
[1.860s] colcon.colcon_core.environment Level 1 checking '/home/gera/Desktop/EUFS_FORK_CONTAINERIZED/eufs-f1-sim/ws/install/eufs_racecar/lib/python3.10/site-packages'
[1.860s] colcon.colcon_core.shell Level 1 create_environment_hook('eufs_racecar', 'pythonpath')
[1.861s] colcon.colcon_core.shell INFO Creating environment hook '/home/gera/Desktop/EUFS_FORK_CONTAINERIZED/eufs-f1-sim/ws/install/eufs_racecar/share/eufs_racecar/hook/pythonpath.ps1'
[1.862s] colcon.colcon_core.shell INFO Creating environment descriptor '/home/gera/Desktop/EUFS_FORK_CONTAINERIZED/eufs-f1-sim/ws/install/eufs_racecar/share/eufs_racecar/hook/pythonpath.dsv'
[1.862s] colcon.colcon_core.shell INFO Creating environment hook '/home/gera/Desktop/EUFS_FORK_CONTAINERIZED/eufs-f1-sim/ws/install/eufs_racecar/share/eufs_racecar/hook/pythonpath.sh'
[1.863s] colcon.colcon_core.environment Level 1 checking '/home/gera/Desktop/EUFS_FORK_CONTAINERIZED/eufs-f1-sim/ws/install/eufs_racecar/bin'
[1.864s] colcon.colcon_core.environment Level 1 create_environment_scripts_only(eufs_racecar)
[1.864s] colcon.colcon_core.shell INFO Creating package script '/home/gera/Desktop/EUFS_FORK_CONTAINERIZED/eufs-f1-sim/ws/install/eufs_racecar/share/eufs_racecar/package.ps1'
[1.866s] colcon.colcon_core.shell INFO Creating package descriptor '/home/gera/Desktop/EUFS_FORK_CONTAINERIZED/eufs-f1-sim/ws/install/eufs_racecar/share/eufs_racecar/package.dsv'
[1.868s] colcon.colcon_core.shell INFO Creating package script '/home/gera/Desktop/EUFS_FORK_CONTAINERIZED/eufs-f1-sim/ws/install/eufs_racecar/share/eufs_racecar/package.sh'
[1.869s] colcon.colcon_core.shell INFO Creating package script '/home/gera/Desktop/EUFS_FORK_CONTAINERIZED/eufs-f1-sim/ws/install/eufs_racecar/share/eufs_racecar/package.bash'
[1.871s] colcon.colcon_core.shell INFO Creating package script '/home/gera/Desktop/EUFS_FORK_CONTAINERIZED/eufs-f1-sim/ws/install/eufs_racecar/share/eufs_racecar/package.zsh'
[1.873s] colcon.colcon_core.environment Level 1 create_file_with_runtime_dependencies(/home/gera/Desktop/EUFS_FORK_CONTAINERIZED/eufs-f1-sim/ws/install/eufs_racecar/share/colcon-core/packages/eufs_racecar)
[1.874s] colcon.colcon_parallel_executor.executor.parallel DEBUG closing loop
[1.874s] colcon.colcon_parallel_executor.executor.parallel DEBUG loop closed
[1.874s] colcon.colcon_parallel_executor.executor.parallel DEBUG run_until_complete finished with '0'
[1.874s] colcon.colcon_core.event_reactor DEBUG joining thread
[1.887s] colcon.colcon_core.plugin_system INFO Skipping extension 'colcon_notification.desktop_notification.terminal_notifier': Not used on non-Darwin systems
[1.887s] colcon.colcon_core.plugin_system INFO Skipping extension 'colcon_notification.desktop_notification.win32': Not used on non-Windows systems
[1.887s] colcon.colcon_notification.desktop_notification INFO Sending desktop notification using 'notify2'
[1.901s] colcon.colcon_core.event_reactor DEBUG joined thread
[1.902s] colcon.colcon_core.shell INFO Creating prefix script '/home/gera/Desktop/EUFS_FORK_CONTAINERIZED/eufs-f1-sim/ws/install/local_setup.ps1'
[1.904s] colcon.colcon_core.shell INFO Creating prefix util module '/home/gera/Desktop/EUFS_FORK_CONTAINERIZED/eufs-f1-sim/ws/install/_local_setup_util_ps1.py'
[1.907s] colcon.colcon_core.shell INFO Creating prefix chain script '/home/gera/Desktop/EUFS_FORK_CONTAINERIZED/eufs-f1-sim/ws/install/setup.ps1'
[1.912s] colcon.colcon_core.shell INFO Creating prefix script '/home/gera/Desktop/EUFS_FORK_CONTAINERIZED/eufs-f1-sim/ws/install/local_setup.sh'
[1.912s] colcon.colcon_core.shell INFO Creating prefix util module '/home/gera/Desktop/EUFS_FORK_CONTAINERIZED/eufs-f1-sim/ws/install/_local_setup_util_sh.py'
[1.913s] colcon.colcon_core.shell INFO Creating prefix chain script '/home/gera/Desktop/EUFS_FORK_CONTAINERIZED/eufs-f1-sim/ws/install/setup.sh'
[1.916s] colcon.colcon_core.shell INFO Creating prefix script '/home/gera/Desktop/EUFS_FORK_CONTAINERIZED/eufs-f1-sim/ws/install/local_setup.bash'
[1.917s] colcon.colcon_core.shell INFO Creating prefix chain script '/home/gera/Desktop/EUFS_FORK_CONTAINERIZED/eufs-f1-sim/ws/install/setup.bash'
[1.920s] colcon.colcon_core.shell INFO Creating prefix script '/home/gera/Desktop/EUFS_FORK_CONTAINERIZED/eufs-f1-sim/ws/install/local_setup.zsh'
[1.920s] colcon.colcon_core.shell INFO Creating prefix chain script '/home/gera/Desktop/EUFS_FORK_CONTAINERIZED/eufs-f1-sim/ws/install/setup.zsh'
