[0.127s] colcon DEBUG Command line arguments: ['/usr/bin/colcon', 'build', '--packages-select', 'eufs_msgs', '--allow-overriding', 'eufs_msgs']
[0.127s] colcon DEBUG Parsed command line arguments: Namespace(log_base=None, log_level=None, verb_name='build', build_base='build', install_base='install', merge_install=False, symlink_install=False, test_result_base=None, continue_on_error=False, executor='parallel', parallel_workers=20, event_handlers=None, ignore_user_meta=False, metas=['./colcon.meta'], base_paths=['.'], packages_ignore=None, packages_ignore_regex=None, paths=None, packages_up_to=None, packages_up_to_regex=None, packages_above=None, packages_above_and_dependencies=None, packages_above_depth=None, packages_select_by_dep=None, packages_skip_by_dep=None, packages_skip_up_to=None, packages_select_build_failed=False, packages_skip_build_finished=False, packages_select_test_failures=False, packages_skip_test_passed=False, packages_select=['eufs_msgs'], packages_skip=None, packages_select_regex=None, packages_skip_regex=None, packages_start=None, packages_end=None, allow_overriding=['eufs_msgs'], cmake_args=None, cmake_target=None, cmake_target_skip_unavailable=False, cmake_clean_cache=False, cmake_clean_first=False, cmake_force_configure=False, ament_cmake_args=None, catkin_cmake_args=None, catkin_skip_building_tests=False, mixin_files=None, mixin=None, verb_parser=<colcon_mixin.mixin.mixin_argument.MixinArgumentDecorator object at 0x7bf3dcd23790>, verb_extension=<colcon_core.verb.build.BuildVerb object at 0x7bf3dcd229e0>, main=<bound method BuildVerb.main of <colcon_core.verb.build.BuildVerb object at 0x7bf3dcd229e0>>, mixin_verb=('build',))
[0.227s] colcon.colcon_core.package_discovery Level 1 discover_packages(colcon_meta) check parameters
[0.227s] colcon.colcon_core.package_discovery Level 1 discover_packages(recursive) check parameters
[0.227s] colcon.colcon_core.package_discovery Level 1 discover_packages(ignore) check parameters
[0.227s] colcon.colcon_core.package_discovery Level 1 discover_packages(path) check parameters
[0.227s] colcon.colcon_core.package_discovery Level 1 discover_packages(colcon_meta) discover
[0.227s] colcon.colcon_core.package_discovery Level 1 discover_packages(recursive) discover
[0.227s] colcon.colcon_core.package_discovery INFO Crawling recursively for packages in '/home/gera/Desktop/EUFS_FORK_CONTAINERIZED/eufs-f1-sim/ws'
[0.227s] colcon.colcon_core.package_identification Level 1 _identify(.) by extensions ['ignore', 'ignore_ament_install']
[0.227s] colcon.colcon_core.package_identification Level 1 _identify(.) by extension 'ignore'
[0.227s] colcon.colcon_core.package_identification Level 1 _identify(.) by extension 'ignore_ament_install'
[0.227s] colcon.colcon_core.package_identification Level 1 _identify(.) by extensions ['colcon_pkg']
[0.227s] colcon.colcon_core.package_identification Level 1 _identify(.) by extension 'colcon_pkg'
[0.227s] colcon.colcon_core.package_identification Level 1 _identify(.) by extensions ['colcon_meta']
[0.227s] colcon.colcon_core.package_identification Level 1 _identify(.) by extension 'colcon_meta'
[0.227s] colcon.colcon_core.package_identification Level 1 _identify(.) by extensions ['ros']
[0.227s] colcon.colcon_core.package_identification Level 1 _identify(.) by extension 'ros'
[0.239s] colcon.colcon_core.package_identification Level 1 _identify(.) by extensions ['cmake', 'python']
[0.239s] colcon.colcon_core.package_identification Level 1 _identify(.) by extension 'cmake'
[0.239s] colcon.colcon_core.package_identification Level 1 _identify(.) by extension 'python'
[0.239s] colcon.colcon_core.package_identification Level 1 _identify(.) by extensions ['python_setup_py']
[0.239s] colcon.colcon_core.package_identification Level 1 _identify(.) by extension 'python_setup_py'
[0.239s] colcon.colcon_core.package_identification Level 1 _identify(build) by extensions ['ignore', 'ignore_ament_install']
[0.239s] colcon.colcon_core.package_identification Level 1 _identify(build) by extension 'ignore'
[0.239s] colcon.colcon_core.package_identification Level 1 _identify(build) ignored
[0.239s] colcon.colcon_core.package_identification Level 1 _identify(install) by extensions ['ignore', 'ignore_ament_install']
[0.239s] colcon.colcon_core.package_identification Level 1 _identify(install) by extension 'ignore'
[0.239s] colcon.colcon_core.package_identification Level 1 _identify(install) ignored
[0.239s] colcon.colcon_core.package_identification Level 1 _identify(log) by extensions ['ignore', 'ignore_ament_install']
[0.239s] colcon.colcon_core.package_identification Level 1 _identify(log) by extension 'ignore'
[0.239s] colcon.colcon_core.package_identification Level 1 _identify(log) ignored
[0.239s] colcon.colcon_core.package_identification Level 1 _identify(src) by extensions ['ignore', 'ignore_ament_install']
[0.239s] colcon.colcon_core.package_identification Level 1 _identify(src) by extension 'ignore'
[0.239s] colcon.colcon_core.package_identification Level 1 _identify(src) by extension 'ignore_ament_install'
[0.239s] colcon.colcon_core.package_identification Level 1 _identify(src) by extensions ['colcon_pkg']
[0.239s] colcon.colcon_core.package_identification Level 1 _identify(src) by extension 'colcon_pkg'
[0.239s] colcon.colcon_core.package_identification Level 1 _identify(src) by extensions ['colcon_meta']
[0.239s] colcon.colcon_core.package_identification Level 1 _identify(src) by extension 'colcon_meta'
[0.239s] colcon.colcon_core.package_identification Level 1 _identify(src) by extensions ['ros']
[0.239s] colcon.colcon_core.package_identification Level 1 _identify(src) by extension 'ros'
[0.239s] colcon.colcon_core.package_identification Level 1 _identify(src) by extensions ['cmake', 'python']
[0.239s] colcon.colcon_core.package_identification Level 1 _identify(src) by extension 'cmake'
[0.239s] colcon.colcon_core.package_identification Level 1 _identify(src) by extension 'python'
[0.239s] colcon.colcon_core.package_identification Level 1 _identify(src) by extensions ['python_setup_py']
[0.239s] colcon.colcon_core.package_identification Level 1 _identify(src) by extension 'python_setup_py'
[0.240s] colcon.colcon_core.package_identification Level 1 _identify(src/eufs_msgs) by extensions ['ignore', 'ignore_ament_install']
[0.240s] colcon.colcon_core.package_identification Level 1 _identify(src/eufs_msgs) by extension 'ignore'
[0.240s] colcon.colcon_core.package_identification Level 1 _identify(src/eufs_msgs) by extension 'ignore_ament_install'
[0.240s] colcon.colcon_core.package_identification Level 1 _identify(src/eufs_msgs) by extensions ['colcon_pkg']
[0.240s] colcon.colcon_core.package_identification Level 1 _identify(src/eufs_msgs) by extension 'colcon_pkg'
[0.240s] colcon.colcon_core.package_identification Level 1 _identify(src/eufs_msgs) by extensions ['colcon_meta']
[0.240s] colcon.colcon_core.package_identification Level 1 _identify(src/eufs_msgs) by extension 'colcon_meta'
[0.240s] colcon.colcon_core.package_identification Level 1 _identify(src/eufs_msgs) by extensions ['ros']
[0.240s] colcon.colcon_core.package_identification Level 1 _identify(src/eufs_msgs) by extension 'ros'
[0.241s] colcon.colcon_core.package_identification DEBUG Package 'src/eufs_msgs' with type 'ros.ament_cmake' and name 'eufs_msgs'
[0.241s] colcon.colcon_core.package_identification Level 1 _identify(src/eufs_racecar) by extensions ['ignore', 'ignore_ament_install']
[0.241s] colcon.colcon_core.package_identification Level 1 _identify(src/eufs_racecar) by extension 'ignore'
[0.241s] colcon.colcon_core.package_identification Level 1 _identify(src/eufs_racecar) by extension 'ignore_ament_install'
[0.241s] colcon.colcon_core.package_identification Level 1 _identify(src/eufs_racecar) by extensions ['colcon_pkg']
[0.241s] colcon.colcon_core.package_identification Level 1 _identify(src/eufs_racecar) by extension 'colcon_pkg'
[0.241s] colcon.colcon_core.package_identification Level 1 _identify(src/eufs_racecar) by extensions ['colcon_meta']
[0.241s] colcon.colcon_core.package_identification Level 1 _identify(src/eufs_racecar) by extension 'colcon_meta'
[0.241s] colcon.colcon_core.package_identification Level 1 _identify(src/eufs_racecar) by extensions ['ros']
[0.241s] colcon.colcon_core.package_identification Level 1 _identify(src/eufs_racecar) by extension 'ros'
[0.242s] colcon.colcon_core.package_identification DEBUG Package 'src/eufs_racecar' with type 'ros.ament_python' and name 'eufs_racecar'
[0.242s] colcon.colcon_core.package_identification Level 1 _identify(src/eufs_sim) by extensions ['ignore', 'ignore_ament_install']
[0.242s] colcon.colcon_core.package_identification Level 1 _identify(src/eufs_sim) by extension 'ignore'
[0.242s] colcon.colcon_core.package_identification Level 1 _identify(src/eufs_sim) by extension 'ignore_ament_install'
[0.242s] colcon.colcon_core.package_identification Level 1 _identify(src/eufs_sim) by extensions ['colcon_pkg']
[0.242s] colcon.colcon_core.package_identification Level 1 _identify(src/eufs_sim) by extension 'colcon_pkg'
[0.242s] colcon.colcon_core.package_identification Level 1 _identify(src/eufs_sim) by extensions ['colcon_meta']
[0.242s] colcon.colcon_core.package_identification Level 1 _identify(src/eufs_sim) by extension 'colcon_meta'
[0.242s] colcon.colcon_core.package_identification Level 1 _identify(src/eufs_sim) by extensions ['ros']
[0.242s] colcon.colcon_core.package_identification Level 1 _identify(src/eufs_sim) by extension 'ros'
[0.242s] colcon.colcon_core.package_identification Level 1 _identify(src/eufs_sim) by extensions ['cmake', 'python']
[0.242s] colcon.colcon_core.package_identification Level 1 _identify(src/eufs_sim) by extension 'cmake'
[0.242s] colcon.colcon_core.package_identification Level 1 _identify(src/eufs_sim) by extension 'python'
[0.242s] colcon.colcon_core.package_identification Level 1 _identify(src/eufs_sim) by extensions ['python_setup_py']
[0.242s] colcon.colcon_core.package_identification Level 1 _identify(src/eufs_sim) by extension 'python_setup_py'
[0.242s] colcon.colcon_core.package_identification Level 1 _identify(src/eufs_sim/eufs_launcher) by extensions ['ignore', 'ignore_ament_install']
[0.242s] colcon.colcon_core.package_identification Level 1 _identify(src/eufs_sim/eufs_launcher) by extension 'ignore'
[0.242s] colcon.colcon_core.package_identification Level 1 _identify(src/eufs_sim/eufs_launcher) by extension 'ignore_ament_install'
[0.242s] colcon.colcon_core.package_identification Level 1 _identify(src/eufs_sim/eufs_launcher) by extensions ['colcon_pkg']
[0.242s] colcon.colcon_core.package_identification Level 1 _identify(src/eufs_sim/eufs_launcher) by extension 'colcon_pkg'
[0.242s] colcon.colcon_core.package_identification Level 1 _identify(src/eufs_sim/eufs_launcher) by extensions ['colcon_meta']
[0.242s] colcon.colcon_core.package_identification Level 1 _identify(src/eufs_sim/eufs_launcher) by extension 'colcon_meta'
[0.242s] colcon.colcon_core.package_identification Level 1 _identify(src/eufs_sim/eufs_launcher) by extensions ['ros']
[0.242s] colcon.colcon_core.package_identification Level 1 _identify(src/eufs_sim/eufs_launcher) by extension 'ros'
[0.243s] colcon.colcon_core.package_identification DEBUG Package 'src/eufs_sim/eufs_launcher' with type 'ros.ament_python' and name 'eufs_launcher'
[0.243s] colcon.colcon_core.package_identification Level 1 _identify(src/eufs_sim/eufs_models) by extensions ['ignore', 'ignore_ament_install']
[0.243s] colcon.colcon_core.package_identification Level 1 _identify(src/eufs_sim/eufs_models) by extension 'ignore'
[0.243s] colcon.colcon_core.package_identification Level 1 _identify(src/eufs_sim/eufs_models) by extension 'ignore_ament_install'
[0.243s] colcon.colcon_core.package_identification Level 1 _identify(src/eufs_sim/eufs_models) by extensions ['colcon_pkg']
[0.243s] colcon.colcon_core.package_identification Level 1 _identify(src/eufs_sim/eufs_models) by extension 'colcon_pkg'
[0.243s] colcon.colcon_core.package_identification Level 1 _identify(src/eufs_sim/eufs_models) by extensions ['colcon_meta']
[0.243s] colcon.colcon_core.package_identification Level 1 _identify(src/eufs_sim/eufs_models) by extension 'colcon_meta'
[0.243s] colcon.colcon_core.package_identification Level 1 _identify(src/eufs_sim/eufs_models) by extensions ['ros']
[0.243s] colcon.colcon_core.package_identification Level 1 _identify(src/eufs_sim/eufs_models) by extension 'ros'
[0.244s] colcon.colcon_core.package_identification DEBUG Package 'src/eufs_sim/eufs_models' with type 'ros.ament_cmake' and name 'eufs_models'
[0.244s] colcon.colcon_core.package_identification Level 1 _identify(src/eufs_sim/eufs_plugins) by extensions ['ignore', 'ignore_ament_install']
[0.244s] colcon.colcon_core.package_identification Level 1 _identify(src/eufs_sim/eufs_plugins) by extension 'ignore'
[0.244s] colcon.colcon_core.package_identification Level 1 _identify(src/eufs_sim/eufs_plugins) by extension 'ignore_ament_install'
[0.244s] colcon.colcon_core.package_identification Level 1 _identify(src/eufs_sim/eufs_plugins) by extensions ['colcon_pkg']
[0.244s] colcon.colcon_core.package_identification Level 1 _identify(src/eufs_sim/eufs_plugins) by extension 'colcon_pkg'
[0.244s] colcon.colcon_core.package_identification Level 1 _identify(src/eufs_sim/eufs_plugins) by extensions ['colcon_meta']
[0.244s] colcon.colcon_core.package_identification Level 1 _identify(src/eufs_sim/eufs_plugins) by extension 'colcon_meta'
[0.244s] colcon.colcon_core.package_identification Level 1 _identify(src/eufs_sim/eufs_plugins) by extensions ['ros']
[0.244s] colcon.colcon_core.package_identification Level 1 _identify(src/eufs_sim/eufs_plugins) by extension 'ros'
[0.245s] colcon.colcon_core.package_identification DEBUG Package 'src/eufs_sim/eufs_plugins' with type 'ros.ament_cmake' and name 'eufs_plugins'
[0.245s] colcon.colcon_core.package_identification Level 1 _identify(src/eufs_sim/eufs_rqt) by extensions ['ignore', 'ignore_ament_install']
[0.245s] colcon.colcon_core.package_identification Level 1 _identify(src/eufs_sim/eufs_rqt) by extension 'ignore'
[0.245s] colcon.colcon_core.package_identification Level 1 _identify(src/eufs_sim/eufs_rqt) by extension 'ignore_ament_install'
[0.245s] colcon.colcon_core.package_identification Level 1 _identify(src/eufs_sim/eufs_rqt) by extensions ['colcon_pkg']
[0.245s] colcon.colcon_core.package_identification Level 1 _identify(src/eufs_sim/eufs_rqt) by extension 'colcon_pkg'
[0.245s] colcon.colcon_core.package_identification Level 1 _identify(src/eufs_sim/eufs_rqt) by extensions ['colcon_meta']
[0.245s] colcon.colcon_core.package_identification Level 1 _identify(src/eufs_sim/eufs_rqt) by extension 'colcon_meta'
[0.245s] colcon.colcon_core.package_identification Level 1 _identify(src/eufs_sim/eufs_rqt) by extensions ['ros']
[0.245s] colcon.colcon_core.package_identification Level 1 _identify(src/eufs_sim/eufs_rqt) by extension 'ros'
[0.245s] colcon.colcon_core.package_identification DEBUG Package 'src/eufs_sim/eufs_rqt' with type 'ros.ament_python' and name 'eufs_rqt'
[0.245s] colcon.colcon_core.package_identification Level 1 _identify(src/eufs_sim/eufs_sensors) by extensions ['ignore', 'ignore_ament_install']
[0.245s] colcon.colcon_core.package_identification Level 1 _identify(src/eufs_sim/eufs_sensors) by extension 'ignore'
[0.245s] colcon.colcon_core.package_identification Level 1 _identify(src/eufs_sim/eufs_sensors) by extension 'ignore_ament_install'
[0.245s] colcon.colcon_core.package_identification Level 1 _identify(src/eufs_sim/eufs_sensors) by extensions ['colcon_pkg']
[0.245s] colcon.colcon_core.package_identification Level 1 _identify(src/eufs_sim/eufs_sensors) by extension 'colcon_pkg'
[0.246s] colcon.colcon_core.package_identification Level 1 _identify(src/eufs_sim/eufs_sensors) by extensions ['colcon_meta']
[0.246s] colcon.colcon_core.package_identification Level 1 _identify(src/eufs_sim/eufs_sensors) by extension 'colcon_meta'
[0.246s] colcon.colcon_core.package_identification Level 1 _identify(src/eufs_sim/eufs_sensors) by extensions ['ros']
[0.246s] colcon.colcon_core.package_identification Level 1 _identify(src/eufs_sim/eufs_sensors) by extension 'ros'
[0.246s] colcon.colcon_core.package_identification DEBUG Package 'src/eufs_sim/eufs_sensors' with type 'ros.ament_cmake' and name 'eufs_sensors'
[0.246s] colcon.colcon_core.package_identification Level 1 _identify(src/eufs_sim/eufs_tracks) by extensions ['ignore', 'ignore_ament_install']
[0.246s] colcon.colcon_core.package_identification Level 1 _identify(src/eufs_sim/eufs_tracks) by extension 'ignore'
[0.246s] colcon.colcon_core.package_identification Level 1 _identify(src/eufs_sim/eufs_tracks) by extension 'ignore_ament_install'
[0.246s] colcon.colcon_core.package_identification Level 1 _identify(src/eufs_sim/eufs_tracks) by extensions ['colcon_pkg']
[0.246s] colcon.colcon_core.package_identification Level 1 _identify(src/eufs_sim/eufs_tracks) by extension 'colcon_pkg'
[0.246s] colcon.colcon_core.package_identification Level 1 _identify(src/eufs_sim/eufs_tracks) by extensions ['colcon_meta']
[0.246s] colcon.colcon_core.package_identification Level 1 _identify(src/eufs_sim/eufs_tracks) by extension 'colcon_meta'
[0.246s] colcon.colcon_core.package_identification Level 1 _identify(src/eufs_sim/eufs_tracks) by extensions ['ros']
[0.246s] colcon.colcon_core.package_identification Level 1 _identify(src/eufs_sim/eufs_tracks) by extension 'ros'
[0.247s] colcon.colcon_core.package_identification DEBUG Package 'src/eufs_sim/eufs_tracks' with type 'ros.ament_python' and name 'eufs_tracks'
[0.247s] colcon.colcon_core.package_identification Level 1 _identify(src/gazebo_ros_battery) by extensions ['ignore', 'ignore_ament_install']
[0.247s] colcon.colcon_core.package_identification Level 1 _identify(src/gazebo_ros_battery) by extension 'ignore'
[0.247s] colcon.colcon_core.package_identification Level 1 _identify(src/gazebo_ros_battery) by extension 'ignore_ament_install'
[0.247s] colcon.colcon_core.package_identification Level 1 _identify(src/gazebo_ros_battery) by extensions ['colcon_pkg']
[0.247s] colcon.colcon_core.package_identification Level 1 _identify(src/gazebo_ros_battery) by extension 'colcon_pkg'
[0.247s] colcon.colcon_core.package_identification Level 1 _identify(src/gazebo_ros_battery) by extensions ['colcon_meta']
[0.247s] colcon.colcon_core.package_identification Level 1 _identify(src/gazebo_ros_battery) by extension 'colcon_meta'
[0.247s] colcon.colcon_core.package_identification Level 1 _identify(src/gazebo_ros_battery) by extensions ['ros']
[0.247s] colcon.colcon_core.package_identification Level 1 _identify(src/gazebo_ros_battery) by extension 'ros'
[0.247s] colcon.colcon_core.package_identification DEBUG Package 'src/gazebo_ros_battery' with type 'ros.ament_cmake' and name 'gazebo_ros_battery'
[0.247s] colcon.colcon_core.package_discovery Level 1 discover_packages(recursive) using defaults
[0.247s] colcon.colcon_core.package_discovery Level 1 discover_packages(ignore) discover
[0.247s] colcon.colcon_core.package_discovery Level 1 discover_packages(ignore) using defaults
[0.247s] colcon.colcon_core.package_discovery Level 1 discover_packages(path) discover
[0.247s] colcon.colcon_core.package_discovery Level 1 discover_packages(path) using defaults
[0.258s] colcon.colcon_core.package_selection INFO Skipping not selected package 'eufs_racecar' in 'src/eufs_racecar'
[0.258s] colcon.colcon_core.package_selection INFO Skipping not selected package 'eufs_sensors' in 'src/eufs_sim/eufs_sensors'
[0.258s] colcon.colcon_core.package_selection INFO Skipping not selected package 'eufs_tracks' in 'src/eufs_sim/eufs_tracks'
[0.258s] colcon.colcon_core.package_selection INFO Skipping not selected package 'gazebo_ros_battery' in 'src/gazebo_ros_battery'
[0.258s] colcon.colcon_core.package_selection INFO Skipping not selected package 'eufs_launcher' in 'src/eufs_sim/eufs_launcher'
[0.258s] colcon.colcon_core.package_selection INFO Skipping not selected package 'eufs_models' in 'src/eufs_sim/eufs_models'
[0.258s] colcon.colcon_core.package_selection INFO Skipping not selected package 'eufs_rqt' in 'src/eufs_sim/eufs_rqt'
[0.258s] colcon.colcon_core.package_selection INFO Skipping not selected package 'eufs_plugins' in 'src/eufs_sim/eufs_plugins'
[0.258s] colcon.colcon_core.package_discovery Level 1 discover_packages(prefix_path) check parameters
[0.258s] colcon.colcon_core.package_discovery Level 1 discover_packages(prefix_path) discover
[0.259s] colcon.colcon_installed_package_information.package_discovery DEBUG Found 12 installed packages in /home/gera/eufs_simulator/install
[0.260s] colcon.colcon_installed_package_information.package_discovery DEBUG Found 17 installed packages in /home/gera/zed2i_ros2/install
[0.261s] colcon.colcon_installed_package_information.package_discovery DEBUG Found 355 installed packages in /opt/ros/humble
[0.261s] colcon.colcon_core.package_discovery Level 1 discover_packages(prefix_path) using defaults
[0.284s] colcon.colcon_core.verb Level 5 set package 'eufs_msgs' build argument 'cmake_args' from command line to 'None'
[0.284s] colcon.colcon_core.verb Level 5 set package 'eufs_msgs' build argument 'cmake_target' from command line to 'None'
[0.284s] colcon.colcon_core.verb Level 5 set package 'eufs_msgs' build argument 'cmake_target_skip_unavailable' from command line to 'False'
[0.284s] colcon.colcon_core.verb Level 5 set package 'eufs_msgs' build argument 'cmake_clean_cache' from command line to 'False'
[0.284s] colcon.colcon_core.verb Level 5 set package 'eufs_msgs' build argument 'cmake_clean_first' from command line to 'False'
[0.284s] colcon.colcon_core.verb Level 5 set package 'eufs_msgs' build argument 'cmake_force_configure' from command line to 'False'
[0.284s] colcon.colcon_core.verb Level 5 set package 'eufs_msgs' build argument 'ament_cmake_args' from command line to 'None'
[0.284s] colcon.colcon_core.verb Level 5 set package 'eufs_msgs' build argument 'catkin_cmake_args' from command line to 'None'
[0.284s] colcon.colcon_core.verb Level 5 set package 'eufs_msgs' build argument 'catkin_skip_building_tests' from command line to 'False'
[0.284s] colcon.colcon_core.verb DEBUG Building package 'eufs_msgs' with the following arguments: {'ament_cmake_args': None, 'build_base': '/home/gera/Desktop/EUFS_FORK_CONTAINERIZED/eufs-f1-sim/ws/build/eufs_msgs', 'catkin_cmake_args': None, 'catkin_skip_building_tests': False, 'cmake_args': None, 'cmake_clean_cache': False, 'cmake_clean_first': False, 'cmake_force_configure': False, 'cmake_target': None, 'cmake_target_skip_unavailable': False, 'install_base': '/home/gera/Desktop/EUFS_FORK_CONTAINERIZED/eufs-f1-sim/ws/install/eufs_msgs', 'merge_install': False, 'path': '/home/gera/Desktop/EUFS_FORK_CONTAINERIZED/eufs-f1-sim/ws/src/eufs_msgs', 'symlink_install': False, 'test_result_base': None}
[0.284s] colcon.colcon_core.executor INFO Executing jobs using 'parallel' executor
[0.285s] colcon.colcon_parallel_executor.executor.parallel DEBUG run_until_complete
[0.285s] colcon.colcon_ros.task.ament_cmake.build INFO Building ROS package in '/home/gera/Desktop/EUFS_FORK_CONTAINERIZED/eufs-f1-sim/ws/src/eufs_msgs' with build type 'ament_cmake'
[0.285s] colcon.colcon_cmake.task.cmake.build INFO Building CMake package in '/home/gera/Desktop/EUFS_FORK_CONTAINERIZED/eufs-f1-sim/ws/src/eufs_msgs'
[0.287s] colcon.colcon_core.plugin_system INFO Skipping extension 'colcon_core.shell.bat': Not used on non-Windows systems
[0.287s] colcon.colcon_core.shell INFO Skip shell extension 'powershell' for command environment: Not usable outside of PowerShell
[0.287s] colcon.colcon_core.shell DEBUG Skip shell extension 'dsv' for command environment
[0.294s] colcon.colcon_core.event_handler.log_command DEBUG Invoking command in '/home/gera/Desktop/EUFS_FORK_CONTAINERIZED/eufs-f1-sim/ws/build/eufs_msgs': CMAKE_PREFIX_PATH=${CMAKE_PREFIX_PATH}:/home/gera/eufs_simulator/install/graph_slam:/home/gera/eufs_simulator/install/fmdv_monitor:/home/gera/eufs_simulator/install/fmdv_code:/home/gera/eufs_simulator/install/eufs_launcher:/home/gera/eufs_simulator/install/eufs_tracks:/home/gera/eufs_simulator/install/eufs_rqt:/home/gera/eufs_simulator/install/eufs_racecar:/opt/ros/humble /usr/bin/cmake /home/gera/Desktop/EUFS_FORK_CONTAINERIZED/eufs-f1-sim/ws/src/eufs_msgs -DCMAKE_INSTALL_PREFIX=/home/gera/Desktop/EUFS_FORK_CONTAINERIZED/eufs-f1-sim/ws/install/eufs_msgs
[4.203s] colcon.colcon_core.event_handler.log_command DEBUG Invoked command in '/home/gera/Desktop/EUFS_FORK_CONTAINERIZED/eufs-f1-sim/ws/build/eufs_msgs' returned '0': CMAKE_PREFIX_PATH=${CMAKE_PREFIX_PATH}:/home/gera/eufs_simulator/install/graph_slam:/home/gera/eufs_simulator/install/fmdv_monitor:/home/gera/eufs_simulator/install/fmdv_code:/home/gera/eufs_simulator/install/eufs_launcher:/home/gera/eufs_simulator/install/eufs_tracks:/home/gera/eufs_simulator/install/eufs_rqt:/home/gera/eufs_simulator/install/eufs_racecar:/opt/ros/humble /usr/bin/cmake /home/gera/Desktop/EUFS_FORK_CONTAINERIZED/eufs-f1-sim/ws/src/eufs_msgs -DCMAKE_INSTALL_PREFIX=/home/gera/Desktop/EUFS_FORK_CONTAINERIZED/eufs-f1-sim/ws/install/eufs_msgs
[4.204s] colcon.colcon_core.event_handler.log_command DEBUG Invoking command in '/home/gera/Desktop/EUFS_FORK_CONTAINERIZED/eufs-f1-sim/ws/build/eufs_msgs': CMAKE_PREFIX_PATH=${CMAKE_PREFIX_PATH}:/home/gera/eufs_simulator/install/graph_slam:/home/gera/eufs_simulator/install/fmdv_monitor:/home/gera/eufs_simulator/install/fmdv_code:/home/gera/eufs_simulator/install/eufs_launcher:/home/gera/eufs_simulator/install/eufs_tracks:/home/gera/eufs_simulator/install/eufs_rqt:/home/gera/eufs_simulator/install/eufs_racecar:/opt/ros/humble /usr/bin/cmake --build /home/gera/Desktop/EUFS_FORK_CONTAINERIZED/eufs-f1-sim/ws/build/eufs_msgs -- -j20 -l20
[24.146s] colcon.colcon_core.event_handler.log_command DEBUG Invoked command in '/home/gera/Desktop/EUFS_FORK_CONTAINERIZED/eufs-f1-sim/ws/build/eufs_msgs' returned '0': CMAKE_PREFIX_PATH=${CMAKE_PREFIX_PATH}:/home/gera/eufs_simulator/install/graph_slam:/home/gera/eufs_simulator/install/fmdv_monitor:/home/gera/eufs_simulator/install/fmdv_code:/home/gera/eufs_simulator/install/eufs_launcher:/home/gera/eufs_simulator/install/eufs_tracks:/home/gera/eufs_simulator/install/eufs_rqt:/home/gera/eufs_simulator/install/eufs_racecar:/opt/ros/humble /usr/bin/cmake --build /home/gera/Desktop/EUFS_FORK_CONTAINERIZED/eufs-f1-sim/ws/build/eufs_msgs -- -j20 -l20
[24.163s] colcon.colcon_core.event_handler.log_command DEBUG Invoking command in '/home/gera/Desktop/EUFS_FORK_CONTAINERIZED/eufs-f1-sim/ws/build/eufs_msgs': CMAKE_PREFIX_PATH=${CMAKE_PREFIX_PATH}:/home/gera/eufs_simulator/install/graph_slam:/home/gera/eufs_simulator/install/fmdv_monitor:/home/gera/eufs_simulator/install/fmdv_code:/home/gera/eufs_simulator/install/eufs_launcher:/home/gera/eufs_simulator/install/eufs_tracks:/home/gera/eufs_simulator/install/eufs_rqt:/home/gera/eufs_simulator/install/eufs_racecar:/opt/ros/humble /usr/bin/cmake --install /home/gera/Desktop/EUFS_FORK_CONTAINERIZED/eufs-f1-sim/ws/build/eufs_msgs
[24.574s] colcon.colcon_core.environment Level 1 create_environment_scripts_only(eufs_msgs)
[24.574s] colcon.colcon_core.event_handler.log_command DEBUG Invoked command in '/home/gera/Desktop/EUFS_FORK_CONTAINERIZED/eufs-f1-sim/ws/build/eufs_msgs' returned '0': CMAKE_PREFIX_PATH=${CMAKE_PREFIX_PATH}:/home/gera/eufs_simulator/install/graph_slam:/home/gera/eufs_simulator/install/fmdv_monitor:/home/gera/eufs_simulator/install/fmdv_code:/home/gera/eufs_simulator/install/eufs_launcher:/home/gera/eufs_simulator/install/eufs_tracks:/home/gera/eufs_simulator/install/eufs_rqt:/home/gera/eufs_simulator/install/eufs_racecar:/opt/ros/humble /usr/bin/cmake --install /home/gera/Desktop/EUFS_FORK_CONTAINERIZED/eufs-f1-sim/ws/build/eufs_msgs
[24.575s] colcon.colcon_core.environment Level 1 checking '/home/gera/Desktop/EUFS_FORK_CONTAINERIZED/eufs-f1-sim/ws/install/eufs_msgs' for CMake module files
[24.576s] colcon.colcon_core.environment Level 1 checking '/home/gera/Desktop/EUFS_FORK_CONTAINERIZED/eufs-f1-sim/ws/install/eufs_msgs' for CMake config files
[24.576s] colcon.colcon_core.shell Level 1 create_environment_hook('eufs_msgs', 'cmake_prefix_path')
[24.576s] colcon.colcon_core.shell INFO Creating environment hook '/home/gera/Desktop/EUFS_FORK_CONTAINERIZED/eufs-f1-sim/ws/install/eufs_msgs/share/eufs_msgs/hook/cmake_prefix_path.ps1'
[24.577s] colcon.colcon_core.shell INFO Creating environment descriptor '/home/gera/Desktop/EUFS_FORK_CONTAINERIZED/eufs-f1-sim/ws/install/eufs_msgs/share/eufs_msgs/hook/cmake_prefix_path.dsv'
[24.577s] colcon.colcon_core.shell INFO Creating environment hook '/home/gera/Desktop/EUFS_FORK_CONTAINERIZED/eufs-f1-sim/ws/install/eufs_msgs/share/eufs_msgs/hook/cmake_prefix_path.sh'
[24.577s] colcon.colcon_core.environment Level 1 checking '/home/gera/Desktop/EUFS_FORK_CONTAINERIZED/eufs-f1-sim/ws/install/eufs_msgs/lib'
[24.577s] colcon.colcon_core.shell Level 1 create_environment_hook('eufs_msgs', 'ld_library_path_lib')
[24.577s] colcon.colcon_core.shell INFO Creating environment hook '/home/gera/Desktop/EUFS_FORK_CONTAINERIZED/eufs-f1-sim/ws/install/eufs_msgs/share/eufs_msgs/hook/ld_library_path_lib.ps1'
[24.578s] colcon.colcon_core.shell INFO Creating environment descriptor '/home/gera/Desktop/EUFS_FORK_CONTAINERIZED/eufs-f1-sim/ws/install/eufs_msgs/share/eufs_msgs/hook/ld_library_path_lib.dsv'
[24.578s] colcon.colcon_core.shell INFO Creating environment hook '/home/gera/Desktop/EUFS_FORK_CONTAINERIZED/eufs-f1-sim/ws/install/eufs_msgs/share/eufs_msgs/hook/ld_library_path_lib.sh'
[24.578s] colcon.colcon_core.environment Level 1 checking '/home/gera/Desktop/EUFS_FORK_CONTAINERIZED/eufs-f1-sim/ws/install/eufs_msgs/bin'
[24.578s] colcon.colcon_core.environment Level 1 checking '/home/gera/Desktop/EUFS_FORK_CONTAINERIZED/eufs-f1-sim/ws/install/eufs_msgs/lib/pkgconfig/eufs_msgs.pc'
[24.578s] colcon.colcon_core.environment Level 1 checking '/home/gera/Desktop/EUFS_FORK_CONTAINERIZED/eufs-f1-sim/ws/install/eufs_msgs/lib/python3.10/site-packages'
[24.578s] colcon.colcon_core.environment Level 1 checking '/home/gera/Desktop/EUFS_FORK_CONTAINERIZED/eufs-f1-sim/ws/install/eufs_msgs/bin'
[24.579s] colcon.colcon_core.shell INFO Creating package script '/home/gera/Desktop/EUFS_FORK_CONTAINERIZED/eufs-f1-sim/ws/install/eufs_msgs/share/eufs_msgs/package.ps1'
[24.579s] colcon.colcon_core.shell INFO Creating package descriptor '/home/gera/Desktop/EUFS_FORK_CONTAINERIZED/eufs-f1-sim/ws/install/eufs_msgs/share/eufs_msgs/package.dsv'
[24.579s] colcon.colcon_core.shell INFO Creating package script '/home/gera/Desktop/EUFS_FORK_CONTAINERIZED/eufs-f1-sim/ws/install/eufs_msgs/share/eufs_msgs/package.sh'
[24.580s] colcon.colcon_core.shell INFO Creating package script '/home/gera/Desktop/EUFS_FORK_CONTAINERIZED/eufs-f1-sim/ws/install/eufs_msgs/share/eufs_msgs/package.bash'
[24.581s] colcon.colcon_core.shell INFO Creating package script '/home/gera/Desktop/EUFS_FORK_CONTAINERIZED/eufs-f1-sim/ws/install/eufs_msgs/share/eufs_msgs/package.zsh'
[24.581s] colcon.colcon_core.environment Level 1 create_file_with_runtime_dependencies(/home/gera/Desktop/EUFS_FORK_CONTAINERIZED/eufs-f1-sim/ws/install/eufs_msgs/share/colcon-core/packages/eufs_msgs)
[24.582s] colcon.colcon_core.environment Level 1 create_environment_scripts_only(eufs_msgs)
[24.582s] colcon.colcon_core.environment Level 1 checking '/home/gera/Desktop/EUFS_FORK_CONTAINERIZED/eufs-f1-sim/ws/install/eufs_msgs' for CMake module files
[24.583s] colcon.colcon_core.environment Level 1 checking '/home/gera/Desktop/EUFS_FORK_CONTAINERIZED/eufs-f1-sim/ws/install/eufs_msgs' for CMake config files
[24.583s] colcon.colcon_core.shell Level 1 create_environment_hook('eufs_msgs', 'cmake_prefix_path')
[24.583s] colcon.colcon_core.shell INFO Creating environment hook '/home/gera/Desktop/EUFS_FORK_CONTAINERIZED/eufs-f1-sim/ws/install/eufs_msgs/share/eufs_msgs/hook/cmake_prefix_path.ps1'
[24.584s] colcon.colcon_core.shell INFO Creating environment descriptor '/home/gera/Desktop/EUFS_FORK_CONTAINERIZED/eufs-f1-sim/ws/install/eufs_msgs/share/eufs_msgs/hook/cmake_prefix_path.dsv'
[24.584s] colcon.colcon_core.shell INFO Creating environment hook '/home/gera/Desktop/EUFS_FORK_CONTAINERIZED/eufs-f1-sim/ws/install/eufs_msgs/share/eufs_msgs/hook/cmake_prefix_path.sh'
[24.585s] colcon.colcon_core.environment Level 1 checking '/home/gera/Desktop/EUFS_FORK_CONTAINERIZED/eufs-f1-sim/ws/install/eufs_msgs/lib'
[24.585s] colcon.colcon_core.shell Level 1 create_environment_hook('eufs_msgs', 'ld_library_path_lib')
[24.585s] colcon.colcon_core.shell INFO Creating environment hook '/home/gera/Desktop/EUFS_FORK_CONTAINERIZED/eufs-f1-sim/ws/install/eufs_msgs/share/eufs_msgs/hook/ld_library_path_lib.ps1'
[24.586s] colcon.colcon_core.shell INFO Creating environment descriptor '/home/gera/Desktop/EUFS_FORK_CONTAINERIZED/eufs-f1-sim/ws/install/eufs_msgs/share/eufs_msgs/hook/ld_library_path_lib.dsv'
[24.586s] colcon.colcon_core.shell INFO Creating environment hook '/home/gera/Desktop/EUFS_FORK_CONTAINERIZED/eufs-f1-sim/ws/install/eufs_msgs/share/eufs_msgs/hook/ld_library_path_lib.sh'
[24.587s] colcon.colcon_core.environment Level 1 checking '/home/gera/Desktop/EUFS_FORK_CONTAINERIZED/eufs-f1-sim/ws/install/eufs_msgs/bin'
[24.587s] colcon.colcon_core.environment Level 1 checking '/home/gera/Desktop/EUFS_FORK_CONTAINERIZED/eufs-f1-sim/ws/install/eufs_msgs/lib/pkgconfig/eufs_msgs.pc'
[24.588s] colcon.colcon_core.environment Level 1 checking '/home/gera/Desktop/EUFS_FORK_CONTAINERIZED/eufs-f1-sim/ws/install/eufs_msgs/lib/python3.10/site-packages'
[24.588s] colcon.colcon_core.environment Level 1 checking '/home/gera/Desktop/EUFS_FORK_CONTAINERIZED/eufs-f1-sim/ws/install/eufs_msgs/bin'
[24.589s] colcon.colcon_core.shell INFO Creating package script '/home/gera/Desktop/EUFS_FORK_CONTAINERIZED/eufs-f1-sim/ws/install/eufs_msgs/share/eufs_msgs/package.ps1'
[24.590s] colcon.colcon_core.shell INFO Creating package descriptor '/home/gera/Desktop/EUFS_FORK_CONTAINERIZED/eufs-f1-sim/ws/install/eufs_msgs/share/eufs_msgs/package.dsv'
[24.591s] colcon.colcon_core.shell INFO Creating package script '/home/gera/Desktop/EUFS_FORK_CONTAINERIZED/eufs-f1-sim/ws/install/eufs_msgs/share/eufs_msgs/package.sh'
[24.591s] colcon.colcon_core.shell INFO Creating package script '/home/gera/Desktop/EUFS_FORK_CONTAINERIZED/eufs-f1-sim/ws/install/eufs_msgs/share/eufs_msgs/package.bash'
[24.592s] colcon.colcon_core.shell INFO Creating package script '/home/gera/Desktop/EUFS_FORK_CONTAINERIZED/eufs-f1-sim/ws/install/eufs_msgs/share/eufs_msgs/package.zsh'
[24.592s] colcon.colcon_core.environment Level 1 create_file_with_runtime_dependencies(/home/gera/Desktop/EUFS_FORK_CONTAINERIZED/eufs-f1-sim/ws/install/eufs_msgs/share/colcon-core/packages/eufs_msgs)
[24.593s] colcon.colcon_parallel_executor.executor.parallel DEBUG closing loop
[24.593s] colcon.colcon_parallel_executor.executor.parallel DEBUG loop closed
[24.593s] colcon.colcon_parallel_executor.executor.parallel DEBUG run_until_complete finished with '0'
[24.593s] colcon.colcon_core.event_reactor DEBUG joining thread
[24.600s] colcon.colcon_core.plugin_system INFO Skipping extension 'colcon_notification.desktop_notification.terminal_notifier': Not used on non-Darwin systems
[24.600s] colcon.colcon_core.plugin_system INFO Skipping extension 'colcon_notification.desktop_notification.win32': Not used on non-Windows systems
[24.600s] colcon.colcon_notification.desktop_notification INFO Sending desktop notification using 'notify2'
[24.615s] colcon.colcon_core.event_reactor DEBUG joined thread
[24.616s] colcon.colcon_core.shell INFO Creating prefix script '/home/gera/Desktop/EUFS_FORK_CONTAINERIZED/eufs-f1-sim/ws/install/local_setup.ps1'
[24.617s] colcon.colcon_core.shell INFO Creating prefix util module '/home/gera/Desktop/EUFS_FORK_CONTAINERIZED/eufs-f1-sim/ws/install/_local_setup_util_ps1.py'
[24.619s] colcon.colcon_core.shell INFO Creating prefix chain script '/home/gera/Desktop/EUFS_FORK_CONTAINERIZED/eufs-f1-sim/ws/install/setup.ps1'
[24.621s] colcon.colcon_core.shell INFO Creating prefix script '/home/gera/Desktop/EUFS_FORK_CONTAINERIZED/eufs-f1-sim/ws/install/local_setup.sh'
[24.622s] colcon.colcon_core.shell INFO Creating prefix util module '/home/gera/Desktop/EUFS_FORK_CONTAINERIZED/eufs-f1-sim/ws/install/_local_setup_util_sh.py'
[24.623s] colcon.colcon_core.shell INFO Creating prefix chain script '/home/gera/Desktop/EUFS_FORK_CONTAINERIZED/eufs-f1-sim/ws/install/setup.sh'
[24.627s] colcon.colcon_core.shell INFO Creating prefix script '/home/gera/Desktop/EUFS_FORK_CONTAINERIZED/eufs-f1-sim/ws/install/local_setup.bash'
[24.628s] colcon.colcon_core.shell INFO Creating prefix chain script '/home/gera/Desktop/EUFS_FORK_CONTAINERIZED/eufs-f1-sim/ws/install/setup.bash'
[24.631s] colcon.colcon_core.shell INFO Creating prefix script '/home/gera/Desktop/EUFS_FORK_CONTAINERIZED/eufs-f1-sim/ws/install/local_setup.zsh'
[24.632s] colcon.colcon_core.shell INFO Creating prefix chain script '/home/gera/Desktop/EUFS_FORK_CONTAINERIZED/eufs-f1-sim/ws/install/setup.zsh'
